 ConsoleOS

 Timestamp is 65c2b6cc (Tue Feb  6 16:46:36 2024)

 Preferred load address is 0000000010000000

 Start         Length     Name                   Class
 0001:00000000 00000150H .text                   CODE
 0001:00000150 00006f11H .text$mn                CODE
 0002:00000000 0000002dH .unbox$M                CODE
 0003:00000000 000112d0H .managedcode$I          CODE
 0004:00000000 00003694H .rdata                  DATA
 0004:00003694 00000034H .rdata$voltmd           DATA
 0004:000036c8 000001c0H .rdata$zzzdbg           DATA
 0004:00003888 00002258H .xdata                  DATA
 0004:00005ae0 00000000H .edata                  DATA
 0005:00000000 0001b6a0H .data                   DATA
 0005:0001b6a0 00100340H .bss                    DATA
 0006:00000000 00000dc8H .pdata                  DATA
 0007:00000000 00000008H .modules$I              DATA
 0008:00000000 00000059H .msvcjmc                DATA
 0009:00000000 000000a0H .rsrc$01                DATA
 0009:000000a0 00000440H .rsrc$02                DATA

  Address         Publics by Value              Rva+Base               Lib:Object

 0000:00000000       __AbsoluteZero             0000000000000000     <absolute>
 0000:00000000       ___safe_se_handler_count   0000000000000000     <absolute>
 0000:00000000       ___safe_se_handler_table   0000000000000000     <absolute>
 0000:00000000       __arm64x_extra_rfe_table   0000000000000000     <absolute>
 0000:00000000       __arm64x_extra_rfe_table_size 0000000000000000     <absolute>
 0000:00000000       __arm64x_native_entrypoint 0000000000000000     <absolute>
 0000:00000000       __arm64x_redirection_metadata 0000000000000000     <absolute>
 0000:00000000       __arm64x_redirection_metadata_count 0000000000000000     <absolute>
 0000:00000000       __dynamic_value_reloc_table 0000000000000000     <absolute>
 0000:00000000       __enclave_config           0000000000000000     <absolute>
 0000:00000000       __guard_check_icall_a64n_fptr 0000000000000000     <absolute>
 0000:00000000       __guard_eh_cont_count      0000000000000000     <absolute>
 0000:00000000       __guard_eh_cont_table      0000000000000000     <absolute>
 0000:00000000       __guard_fids_count         0000000000000000     <absolute>
 0000:00000000       __guard_fids_table         0000000000000000     <absolute>
 0000:00000000       __guard_flags              0000000000000000     <absolute>
 0000:00000000       __guard_iat_count          0000000000000000     <absolute>
 0000:00000000       __guard_iat_table          0000000000000000     <absolute>
 0000:00000000       __guard_longjmp_count      0000000000000000     <absolute>
 0000:00000000       __guard_longjmp_table      0000000000000000     <absolute>
 0000:00000000       __hybrid_auxiliary_delayload_iat 0000000000000000     <absolute>
 0000:00000000       __hybrid_auxiliary_delayload_iat_copy 0000000000000000     <absolute>
 0000:00000000       __hybrid_auxiliary_iat     0000000000000000     <absolute>
 0000:00000000       __hybrid_auxiliary_iat_copy 0000000000000000     <absolute>
 0000:00000000       __hybrid_code_map          0000000000000000     <absolute>
 0000:00000000       __hybrid_code_map_count    0000000000000000     <absolute>
 0000:00000000       __hybrid_image_info_bitfield 0000000000000000     <absolute>
 0000:00000000       __x64_code_ranges_to_entry_points 0000000000000000     <absolute>
 0000:00000000       __x64_code_ranges_to_entry_points_count 0000000000000000     <absolute>
 0001:00000000       __GetNonGCStaticBase_ConsoleOS_Allocator 0000000010001000     ConsoleOS.obj
 0001:00000008       __GetNonGCStaticBase_ConsoleOS_GDT 0000000010001008     ConsoleOS.obj
 0001:00000010       __GetNonGCStaticBase_ConsoleOS_IDT 0000000010001010     ConsoleOS.obj
 0001:00000018       __GetNonGCStaticBase_ConsoleOS_System_Windows_Forms_Control 0000000010001018     ConsoleOS.obj
 0001:00000020       __GetNonGCStaticBase_ConsoleOS_MOOS_Framebuffer 0000000010001020     ConsoleOS.obj
 0001:00000028       __GetNonGCStaticBase_ConsoleOS_MOOS_Keyboard 0000000010001028     ConsoleOS.obj
 0001:00000030       __GetNonGCStaticBase_ConsoleOS_MOOS_PS2Mouse 0000000010001030     ConsoleOS.obj
 0001:00000038       __GetNonGCStaticBase_ConsoleOS_MOOS_RTC 0000000010001038     ConsoleOS.obj
 0001:00000040       __GetNonGCStaticBase_ConsoleOS_MOOS_SATA 0000000010001040     ConsoleOS.obj
 0001:00000048       __GetNonGCStaticBase_ConsoleOS_MOOS_VMwareTools 0000000010001048     ConsoleOS.obj
 0001:00000050       __GetNonGCStaticBase_ConsoleOS_MOOS_Kbd2Mouse 0000000010001050     ConsoleOS.obj
 0001:00000058       __GetNonGCStaticBase_ConsoleOS_MOOS_Console 0000000010001058     ConsoleOS.obj
 0001:00000060       __GetNonGCStaticBase_ConsoleOS_MOOS_PageTable 0000000010001060     ConsoleOS.obj
 0001:00000068       __GetNonGCStaticBase_ConsoleOS_MOOS_SMP 0000000010001068     ConsoleOS.obj
 0001:00000070       __GetNonGCStaticBase_ConsoleOS_MOOS_Misc_Audio 0000000010001070     ConsoleOS.obj
 0001:00000078       __GetNonGCStaticBase_ConsoleOS_MOOS_Misc_ThreadPool 0000000010001078     ConsoleOS.obj
 0001:00000080       __GetNonGCStaticBase_ConsoleOS_MOOS_Driver_ACPI 0000000010001080     ConsoleOS.obj
 0001:00000088       __GetNonGCStaticBase_ConsoleOS_MOOS_Driver_HPET 0000000010001088     ConsoleOS.obj
 0001:00000090       __GetNonGCStaticBase_ConsoleOS_MOOS_Driver_Timer 0000000010001090     ConsoleOS.obj
 0001:00000098       __GetGCStaticBase_ConsoleOS_IDT 0000000010001098     ConsoleOS.obj
 0001:000000a3       __GetGCStaticBase_ConsoleOS_System_DateTime 00000000100010a3     ConsoleOS.obj
 0001:000000ae       __GetGCStaticBase_ConsoleOS_MOOS_Framebuffer 00000000100010ae     ConsoleOS.obj
 0001:000000b9       __GetGCStaticBase_ConsoleOS_MOOS_Keyboard 00000000100010b9     ConsoleOS.obj
 0001:000000c4       __GetGCStaticBase_ConsoleOS_MOOS_PCI 00000000100010c4     ConsoleOS.obj
 0001:000000cf       __GetGCStaticBase_ConsoleOS_MOOS_PS2Keyboard 00000000100010cf     ConsoleOS.obj
 0001:000000da       __GetGCStaticBase_ConsoleOS_MOOS_PS2Mouse 00000000100010da     ConsoleOS.obj
 0001:000000e5       __GetGCStaticBase_ConsoleOS_MOOS_SATA 00000000100010e5     ConsoleOS.obj
 0001:000000f0       __GetGCStaticBase_ConsoleOS_MOOS_ASC16 00000000100010f0     ConsoleOS.obj
 0001:000000fb       __GetGCStaticBase_ConsoleOS_MOOS_Console 00000000100010fb     ConsoleOS.obj
 0001:00000106       __GetGCStaticBase_ConsoleOS_MOOS_Misc_Interrupts 0000000010001106     ConsoleOS.obj
 0001:00000111       __GetGCStaticBase_ConsoleOS_MOOS_Misc_ThreadPool 0000000010001111     ConsoleOS.obj
 0001:0000011c       __GetGCStaticBase_ConsoleOS_MOOS_FS_Disk 000000001000111c     ConsoleOS.obj
 0001:00000127       __GetGCStaticBase_ConsoleOS_MOOS_FS_File 0000000010001127     ConsoleOS.obj
 0001:00000132       __GetGCStaticBase_ConsoleOS_MOOS_Driver_ACPI 0000000010001132     ConsoleOS.obj
 0001:0000013d       __GetGCStaticBase_ConsoleOS_MOOS_Driver_IDE 000000001000113d     ConsoleOS.obj
 0001:00000150       Movsb                      0000000010001150 f   NativeLib:mem.obj
 0001:00000190       Movsd                      0000000010001190 f   NativeLib:mem.obj
 0001:000001d0       Stosb                      00000000100011d0 f   NativeLib:mem.obj
 0001:00000220       Stosd                      0000000010001220 f   NativeLib:mem.obj
 0001:00000270       __JustMyCode_Default       0000000010001270 f i NativeLib:mem.obj
 0001:00000280       avx_memcpy                 0000000010001280 f   NativeLib:mem.obj
 0001:00000380       Load_GDT                   0000000010001380 f   NativeLib:interrupts.obj
 0001:000003b0       idt_set                    00000000100013b0 f   NativeLib:interrupts.obj
 0001:00000490       set_idt_entries            0000000010001490 f   NativeLib:interrupts.obj
 0001:000023b0       CPUID                      00000000100033b0 f   NativeLib:native.obj
 0001:00002400       Cli                        0000000010003400 f   NativeLib:native.obj
 0001:00002430       Fxrstor64                  0000000010003430 f   NativeLib:native.obj
 0001:00002460       Fxsave64                   0000000010003460 f   NativeLib:native.obj
 0001:00002490       Hlt                        0000000010003490 f   NativeLib:native.obj
 0001:000024c0       Invlpg                     00000000100034c0 f   NativeLib:native.obj
 0001:000024f0       Nop                        00000000100034f0 f   NativeLib:native.obj
 0001:00002510       Rdmsr                      0000000010003510 f   NativeLib:native.obj
 0001:00002540       Rdtsc                      0000000010003540 f   NativeLib:native.obj
 0001:00002570       ReadCR2                    0000000010003570 f   NativeLib:native.obj
 0001:00002590       Sti                        0000000010003590 f   NativeLib:native.obj
 0001:000025c0       WriteCR3                   00000000100035c0 f   NativeLib:native.obj
 0001:000025f0       Wrmsr                      00000000100035f0 f   NativeLib:native.obj
 0001:00002630       intr0                      0000000010003630 f   NativeLib:interrupts_asm.obj
 0001:00002672       intr1                      0000000010003672 f   NativeLib:interrupts_asm.obj
 0001:000026b4       intr2                      00000000100036b4 f   NativeLib:interrupts_asm.obj
 0001:000026f6       intr3                      00000000100036f6 f   NativeLib:interrupts_asm.obj
 0001:00002738       intr4                      0000000010003738 f   NativeLib:interrupts_asm.obj
 0001:0000277a       intr5                      000000001000377a f   NativeLib:interrupts_asm.obj
 0001:000027bc       intr6                      00000000100037bc f   NativeLib:interrupts_asm.obj
 0001:000027fe       intr7                      00000000100037fe f   NativeLib:interrupts_asm.obj
 0001:00002840       intr8                      0000000010003840 f   NativeLib:interrupts_asm.obj
 0001:00002882       intr9                      0000000010003882 f   NativeLib:interrupts_asm.obj
 0001:000028c4       intr10                     00000000100038c4 f   NativeLib:interrupts_asm.obj
 0001:00002906       intr11                     0000000010003906 f   NativeLib:interrupts_asm.obj
 0001:00002948       intr12                     0000000010003948 f   NativeLib:interrupts_asm.obj
 0001:0000298a       intr13                     000000001000398a f   NativeLib:interrupts_asm.obj
 0001:000029cc       intr14                     00000000100039cc f   NativeLib:interrupts_asm.obj
 0001:00002a0e       intr15                     0000000010003a0e f   NativeLib:interrupts_asm.obj
 0001:00002a50       intr16                     0000000010003a50 f   NativeLib:interrupts_asm.obj
 0001:00002a92       intr17                     0000000010003a92 f   NativeLib:interrupts_asm.obj
 0001:00002ad4       intr18                     0000000010003ad4 f   NativeLib:interrupts_asm.obj
 0001:00002b16       intr19                     0000000010003b16 f   NativeLib:interrupts_asm.obj
 0001:00002b58       intr20                     0000000010003b58 f   NativeLib:interrupts_asm.obj
 0001:00002b9a       intr21                     0000000010003b9a f   NativeLib:interrupts_asm.obj
 0001:00002bdc       intr22                     0000000010003bdc f   NativeLib:interrupts_asm.obj
 0001:00002c1e       intr23                     0000000010003c1e f   NativeLib:interrupts_asm.obj
 0001:00002c60       intr24                     0000000010003c60 f   NativeLib:interrupts_asm.obj
 0001:00002ca2       intr25                     0000000010003ca2 f   NativeLib:interrupts_asm.obj
 0001:00002ce4       intr26                     0000000010003ce4 f   NativeLib:interrupts_asm.obj
 0001:00002d26       intr27                     0000000010003d26 f   NativeLib:interrupts_asm.obj
 0001:00002d68       intr28                     0000000010003d68 f   NativeLib:interrupts_asm.obj
 0001:00002daa       intr29                     0000000010003daa f   NativeLib:interrupts_asm.obj
 0001:00002dec       intr30                     0000000010003dec f   NativeLib:interrupts_asm.obj
 0001:00002e2e       intr31                     0000000010003e2e f   NativeLib:interrupts_asm.obj
 0001:00002e70       intr32                     0000000010003e70 f   NativeLib:interrupts_asm.obj
 0001:00002eb2       intr33                     0000000010003eb2 f   NativeLib:interrupts_asm.obj
 0001:00002ef4       intr34                     0000000010003ef4 f   NativeLib:interrupts_asm.obj
 0001:00002f36       intr35                     0000000010003f36 f   NativeLib:interrupts_asm.obj
 0001:00002f78       intr36                     0000000010003f78 f   NativeLib:interrupts_asm.obj
 0001:00002fba       intr37                     0000000010003fba f   NativeLib:interrupts_asm.obj
 0001:00002ffc       intr38                     0000000010003ffc f   NativeLib:interrupts_asm.obj
 0001:0000303e       intr39                     000000001000403e f   NativeLib:interrupts_asm.obj
 0001:00003080       intr40                     0000000010004080 f   NativeLib:interrupts_asm.obj
 0001:000030c2       intr41                     00000000100040c2 f   NativeLib:interrupts_asm.obj
 0001:00003104       intr42                     0000000010004104 f   NativeLib:interrupts_asm.obj
 0001:00003146       intr43                     0000000010004146 f   NativeLib:interrupts_asm.obj
 0001:00003188       intr44                     0000000010004188 f   NativeLib:interrupts_asm.obj
 0001:000031ca       intr45                     00000000100041ca f   NativeLib:interrupts_asm.obj
 0001:0000320c       intr46                     000000001000420c f   NativeLib:interrupts_asm.obj
 0001:0000324e       intr47                     000000001000424e f   NativeLib:interrupts_asm.obj
 0001:00003290       intr48                     0000000010004290 f   NativeLib:interrupts_asm.obj
 0001:000032d2       intr49                     00000000100042d2 f   NativeLib:interrupts_asm.obj
 0001:00003314       intr50                     0000000010004314 f   NativeLib:interrupts_asm.obj
 0001:00003356       intr51                     0000000010004356 f   NativeLib:interrupts_asm.obj
 0001:00003398       intr52                     0000000010004398 f   NativeLib:interrupts_asm.obj
 0001:000033da       intr53                     00000000100043da f   NativeLib:interrupts_asm.obj
 0001:0000341c       intr54                     000000001000441c f   NativeLib:interrupts_asm.obj
 0001:0000345e       intr55                     000000001000445e f   NativeLib:interrupts_asm.obj
 0001:000034a0       intr56                     00000000100044a0 f   NativeLib:interrupts_asm.obj
 0001:000034e2       intr57                     00000000100044e2 f   NativeLib:interrupts_asm.obj
 0001:00003524       intr58                     0000000010004524 f   NativeLib:interrupts_asm.obj
 0001:00003566       intr59                     0000000010004566 f   NativeLib:interrupts_asm.obj
 0001:000035a8       intr60                     00000000100045a8 f   NativeLib:interrupts_asm.obj
 0001:000035ea       intr61                     00000000100045ea f   NativeLib:interrupts_asm.obj
 0001:0000362c       intr62                     000000001000462c f   NativeLib:interrupts_asm.obj
 0001:0000366e       intr63                     000000001000466e f   NativeLib:interrupts_asm.obj
 0001:000036b0       intr64                     00000000100046b0 f   NativeLib:interrupts_asm.obj
 0001:000036f2       intr65                     00000000100046f2 f   NativeLib:interrupts_asm.obj
 0001:00003734       intr66                     0000000010004734 f   NativeLib:interrupts_asm.obj
 0001:00003776       intr67                     0000000010004776 f   NativeLib:interrupts_asm.obj
 0001:000037b8       intr68                     00000000100047b8 f   NativeLib:interrupts_asm.obj
 0001:000037fa       intr69                     00000000100047fa f   NativeLib:interrupts_asm.obj
 0001:0000383c       intr70                     000000001000483c f   NativeLib:interrupts_asm.obj
 0001:0000387e       intr71                     000000001000487e f   NativeLib:interrupts_asm.obj
 0001:000038c0       intr72                     00000000100048c0 f   NativeLib:interrupts_asm.obj
 0001:00003902       intr73                     0000000010004902 f   NativeLib:interrupts_asm.obj
 0001:00003944       intr74                     0000000010004944 f   NativeLib:interrupts_asm.obj
 0001:00003986       intr75                     0000000010004986 f   NativeLib:interrupts_asm.obj
 0001:000039c8       intr76                     00000000100049c8 f   NativeLib:interrupts_asm.obj
 0001:00003a0a       intr77                     0000000010004a0a f   NativeLib:interrupts_asm.obj
 0001:00003a4c       intr78                     0000000010004a4c f   NativeLib:interrupts_asm.obj
 0001:00003a8e       intr79                     0000000010004a8e f   NativeLib:interrupts_asm.obj
 0001:00003ad0       intr80                     0000000010004ad0 f   NativeLib:interrupts_asm.obj
 0001:00003b12       intr81                     0000000010004b12 f   NativeLib:interrupts_asm.obj
 0001:00003b54       intr82                     0000000010004b54 f   NativeLib:interrupts_asm.obj
 0001:00003b96       intr83                     0000000010004b96 f   NativeLib:interrupts_asm.obj
 0001:00003bd8       intr84                     0000000010004bd8 f   NativeLib:interrupts_asm.obj
 0001:00003c1a       intr85                     0000000010004c1a f   NativeLib:interrupts_asm.obj
 0001:00003c5c       intr86                     0000000010004c5c f   NativeLib:interrupts_asm.obj
 0001:00003c9e       intr87                     0000000010004c9e f   NativeLib:interrupts_asm.obj
 0001:00003ce0       intr88                     0000000010004ce0 f   NativeLib:interrupts_asm.obj
 0001:00003d22       intr89                     0000000010004d22 f   NativeLib:interrupts_asm.obj
 0001:00003d64       intr90                     0000000010004d64 f   NativeLib:interrupts_asm.obj
 0001:00003da6       intr91                     0000000010004da6 f   NativeLib:interrupts_asm.obj
 0001:00003de8       intr92                     0000000010004de8 f   NativeLib:interrupts_asm.obj
 0001:00003e2a       intr93                     0000000010004e2a f   NativeLib:interrupts_asm.obj
 0001:00003e6c       intr94                     0000000010004e6c f   NativeLib:interrupts_asm.obj
 0001:00003eae       intr95                     0000000010004eae f   NativeLib:interrupts_asm.obj
 0001:00003ef0       intr96                     0000000010004ef0 f   NativeLib:interrupts_asm.obj
 0001:00003f32       intr97                     0000000010004f32 f   NativeLib:interrupts_asm.obj
 0001:00003f74       intr98                     0000000010004f74 f   NativeLib:interrupts_asm.obj
 0001:00003fb6       intr99                     0000000010004fb6 f   NativeLib:interrupts_asm.obj
 0001:00003ff8       intr100                    0000000010004ff8 f   NativeLib:interrupts_asm.obj
 0001:0000403a       intr101                    000000001000503a f   NativeLib:interrupts_asm.obj
 0001:0000407c       intr102                    000000001000507c f   NativeLib:interrupts_asm.obj
 0001:000040be       intr103                    00000000100050be f   NativeLib:interrupts_asm.obj
 0001:00004100       intr104                    0000000010005100 f   NativeLib:interrupts_asm.obj
 0001:00004142       intr105                    0000000010005142 f   NativeLib:interrupts_asm.obj
 0001:00004184       intr106                    0000000010005184 f   NativeLib:interrupts_asm.obj
 0001:000041c6       intr107                    00000000100051c6 f   NativeLib:interrupts_asm.obj
 0001:00004208       intr108                    0000000010005208 f   NativeLib:interrupts_asm.obj
 0001:0000424a       intr109                    000000001000524a f   NativeLib:interrupts_asm.obj
 0001:0000428c       intr110                    000000001000528c f   NativeLib:interrupts_asm.obj
 0001:000042ce       intr111                    00000000100052ce f   NativeLib:interrupts_asm.obj
 0001:00004310       intr112                    0000000010005310 f   NativeLib:interrupts_asm.obj
 0001:00004352       intr113                    0000000010005352 f   NativeLib:interrupts_asm.obj
 0001:00004394       intr114                    0000000010005394 f   NativeLib:interrupts_asm.obj
 0001:000043d6       intr115                    00000000100053d6 f   NativeLib:interrupts_asm.obj
 0001:00004418       intr116                    0000000010005418 f   NativeLib:interrupts_asm.obj
 0001:0000445a       intr117                    000000001000545a f   NativeLib:interrupts_asm.obj
 0001:0000449c       intr118                    000000001000549c f   NativeLib:interrupts_asm.obj
 0001:000044de       intr119                    00000000100054de f   NativeLib:interrupts_asm.obj
 0001:00004520       intr120                    0000000010005520 f   NativeLib:interrupts_asm.obj
 0001:00004562       intr121                    0000000010005562 f   NativeLib:interrupts_asm.obj
 0001:000045a4       intr122                    00000000100055a4 f   NativeLib:interrupts_asm.obj
 0001:000045e6       intr123                    00000000100055e6 f   NativeLib:interrupts_asm.obj
 0001:00004628       intr124                    0000000010005628 f   NativeLib:interrupts_asm.obj
 0001:0000466a       intr125                    000000001000566a f   NativeLib:interrupts_asm.obj
 0001:000046ac       intr126                    00000000100056ac f   NativeLib:interrupts_asm.obj
 0001:000046ee       intr127                    00000000100056ee f   NativeLib:interrupts_asm.obj
 0001:00004730       intr128                    0000000010005730 f   NativeLib:interrupts_asm.obj
 0001:00004772       intr129                    0000000010005772 f   NativeLib:interrupts_asm.obj
 0001:000047b4       intr130                    00000000100057b4 f   NativeLib:interrupts_asm.obj
 0001:000047f6       intr131                    00000000100057f6 f   NativeLib:interrupts_asm.obj
 0001:00004838       intr132                    0000000010005838 f   NativeLib:interrupts_asm.obj
 0001:0000487a       intr133                    000000001000587a f   NativeLib:interrupts_asm.obj
 0001:000048bc       intr134                    00000000100058bc f   NativeLib:interrupts_asm.obj
 0001:000048fe       intr135                    00000000100058fe f   NativeLib:interrupts_asm.obj
 0001:00004940       intr136                    0000000010005940 f   NativeLib:interrupts_asm.obj
 0001:00004982       intr137                    0000000010005982 f   NativeLib:interrupts_asm.obj
 0001:000049c4       intr138                    00000000100059c4 f   NativeLib:interrupts_asm.obj
 0001:00004a06       intr139                    0000000010005a06 f   NativeLib:interrupts_asm.obj
 0001:00004a48       intr140                    0000000010005a48 f   NativeLib:interrupts_asm.obj
 0001:00004a8a       intr141                    0000000010005a8a f   NativeLib:interrupts_asm.obj
 0001:00004acc       intr142                    0000000010005acc f   NativeLib:interrupts_asm.obj
 0001:00004b0e       intr143                    0000000010005b0e f   NativeLib:interrupts_asm.obj
 0001:00004b50       intr144                    0000000010005b50 f   NativeLib:interrupts_asm.obj
 0001:00004b92       intr145                    0000000010005b92 f   NativeLib:interrupts_asm.obj
 0001:00004bd4       intr146                    0000000010005bd4 f   NativeLib:interrupts_asm.obj
 0001:00004c16       intr147                    0000000010005c16 f   NativeLib:interrupts_asm.obj
 0001:00004c58       intr148                    0000000010005c58 f   NativeLib:interrupts_asm.obj
 0001:00004c9a       intr149                    0000000010005c9a f   NativeLib:interrupts_asm.obj
 0001:00004cdc       intr150                    0000000010005cdc f   NativeLib:interrupts_asm.obj
 0001:00004d1e       intr151                    0000000010005d1e f   NativeLib:interrupts_asm.obj
 0001:00004d60       intr152                    0000000010005d60 f   NativeLib:interrupts_asm.obj
 0001:00004da2       intr153                    0000000010005da2 f   NativeLib:interrupts_asm.obj
 0001:00004de4       intr154                    0000000010005de4 f   NativeLib:interrupts_asm.obj
 0001:00004e26       intr155                    0000000010005e26 f   NativeLib:interrupts_asm.obj
 0001:00004e68       intr156                    0000000010005e68 f   NativeLib:interrupts_asm.obj
 0001:00004eaa       intr157                    0000000010005eaa f   NativeLib:interrupts_asm.obj
 0001:00004eec       intr158                    0000000010005eec f   NativeLib:interrupts_asm.obj
 0001:00004f2e       intr159                    0000000010005f2e f   NativeLib:interrupts_asm.obj
 0001:00004f70       intr160                    0000000010005f70 f   NativeLib:interrupts_asm.obj
 0001:00004fb2       intr161                    0000000010005fb2 f   NativeLib:interrupts_asm.obj
 0001:00004ff4       intr162                    0000000010005ff4 f   NativeLib:interrupts_asm.obj
 0001:00005036       intr163                    0000000010006036 f   NativeLib:interrupts_asm.obj
 0001:00005078       intr164                    0000000010006078 f   NativeLib:interrupts_asm.obj
 0001:000050ba       intr165                    00000000100060ba f   NativeLib:interrupts_asm.obj
 0001:000050fc       intr166                    00000000100060fc f   NativeLib:interrupts_asm.obj
 0001:0000513e       intr167                    000000001000613e f   NativeLib:interrupts_asm.obj
 0001:00005180       intr168                    0000000010006180 f   NativeLib:interrupts_asm.obj
 0001:000051c2       intr169                    00000000100061c2 f   NativeLib:interrupts_asm.obj
 0001:00005204       intr170                    0000000010006204 f   NativeLib:interrupts_asm.obj
 0001:00005246       intr171                    0000000010006246 f   NativeLib:interrupts_asm.obj
 0001:00005288       intr172                    0000000010006288 f   NativeLib:interrupts_asm.obj
 0001:000052ca       intr173                    00000000100062ca f   NativeLib:interrupts_asm.obj
 0001:0000530c       intr174                    000000001000630c f   NativeLib:interrupts_asm.obj
 0001:0000534e       intr175                    000000001000634e f   NativeLib:interrupts_asm.obj
 0001:00005390       intr176                    0000000010006390 f   NativeLib:interrupts_asm.obj
 0001:000053d2       intr177                    00000000100063d2 f   NativeLib:interrupts_asm.obj
 0001:00005414       intr178                    0000000010006414 f   NativeLib:interrupts_asm.obj
 0001:00005456       intr179                    0000000010006456 f   NativeLib:interrupts_asm.obj
 0001:00005498       intr180                    0000000010006498 f   NativeLib:interrupts_asm.obj
 0001:000054da       intr181                    00000000100064da f   NativeLib:interrupts_asm.obj
 0001:0000551c       intr182                    000000001000651c f   NativeLib:interrupts_asm.obj
 0001:0000555e       intr183                    000000001000655e f   NativeLib:interrupts_asm.obj
 0001:000055a0       intr184                    00000000100065a0 f   NativeLib:interrupts_asm.obj
 0001:000055e2       intr185                    00000000100065e2 f   NativeLib:interrupts_asm.obj
 0001:00005624       intr186                    0000000010006624 f   NativeLib:interrupts_asm.obj
 0001:00005666       intr187                    0000000010006666 f   NativeLib:interrupts_asm.obj
 0001:000056a8       intr188                    00000000100066a8 f   NativeLib:interrupts_asm.obj
 0001:000056ea       intr189                    00000000100066ea f   NativeLib:interrupts_asm.obj
 0001:0000572c       intr190                    000000001000672c f   NativeLib:interrupts_asm.obj
 0001:0000576e       intr191                    000000001000676e f   NativeLib:interrupts_asm.obj
 0001:000057b0       intr192                    00000000100067b0 f   NativeLib:interrupts_asm.obj
 0001:000057f2       intr193                    00000000100067f2 f   NativeLib:interrupts_asm.obj
 0001:00005834       intr194                    0000000010006834 f   NativeLib:interrupts_asm.obj
 0001:00005876       intr195                    0000000010006876 f   NativeLib:interrupts_asm.obj
 0001:000058b8       intr196                    00000000100068b8 f   NativeLib:interrupts_asm.obj
 0001:000058fa       intr197                    00000000100068fa f   NativeLib:interrupts_asm.obj
 0001:0000593c       intr198                    000000001000693c f   NativeLib:interrupts_asm.obj
 0001:0000597e       intr199                    000000001000697e f   NativeLib:interrupts_asm.obj
 0001:000059c0       intr200                    00000000100069c0 f   NativeLib:interrupts_asm.obj
 0001:00005a02       intr201                    0000000010006a02 f   NativeLib:interrupts_asm.obj
 0001:00005a44       intr202                    0000000010006a44 f   NativeLib:interrupts_asm.obj
 0001:00005a86       intr203                    0000000010006a86 f   NativeLib:interrupts_asm.obj
 0001:00005ac8       intr204                    0000000010006ac8 f   NativeLib:interrupts_asm.obj
 0001:00005b0a       intr205                    0000000010006b0a f   NativeLib:interrupts_asm.obj
 0001:00005b4c       intr206                    0000000010006b4c f   NativeLib:interrupts_asm.obj
 0001:00005b8e       intr207                    0000000010006b8e f   NativeLib:interrupts_asm.obj
 0001:00005bd0       intr208                    0000000010006bd0 f   NativeLib:interrupts_asm.obj
 0001:00005c12       intr209                    0000000010006c12 f   NativeLib:interrupts_asm.obj
 0001:00005c54       intr210                    0000000010006c54 f   NativeLib:interrupts_asm.obj
 0001:00005c96       intr211                    0000000010006c96 f   NativeLib:interrupts_asm.obj
 0001:00005cd8       intr212                    0000000010006cd8 f   NativeLib:interrupts_asm.obj
 0001:00005d1a       intr213                    0000000010006d1a f   NativeLib:interrupts_asm.obj
 0001:00005d5c       intr214                    0000000010006d5c f   NativeLib:interrupts_asm.obj
 0001:00005d9e       intr215                    0000000010006d9e f   NativeLib:interrupts_asm.obj
 0001:00005de0       intr216                    0000000010006de0 f   NativeLib:interrupts_asm.obj
 0001:00005e22       intr217                    0000000010006e22 f   NativeLib:interrupts_asm.obj
 0001:00005e64       intr218                    0000000010006e64 f   NativeLib:interrupts_asm.obj
 0001:00005ea6       intr219                    0000000010006ea6 f   NativeLib:interrupts_asm.obj
 0001:00005ee8       intr220                    0000000010006ee8 f   NativeLib:interrupts_asm.obj
 0001:00005f2a       intr221                    0000000010006f2a f   NativeLib:interrupts_asm.obj
 0001:00005f6c       intr222                    0000000010006f6c f   NativeLib:interrupts_asm.obj
 0001:00005fae       intr223                    0000000010006fae f   NativeLib:interrupts_asm.obj
 0001:00005ff0       intr224                    0000000010006ff0 f   NativeLib:interrupts_asm.obj
 0001:00006032       intr225                    0000000010007032 f   NativeLib:interrupts_asm.obj
 0001:00006074       intr226                    0000000010007074 f   NativeLib:interrupts_asm.obj
 0001:000060b6       intr227                    00000000100070b6 f   NativeLib:interrupts_asm.obj
 0001:000060f8       intr228                    00000000100070f8 f   NativeLib:interrupts_asm.obj
 0001:0000613a       intr229                    000000001000713a f   NativeLib:interrupts_asm.obj
 0001:0000617c       intr230                    000000001000717c f   NativeLib:interrupts_asm.obj
 0001:000061be       intr231                    00000000100071be f   NativeLib:interrupts_asm.obj
 0001:00006200       intr232                    0000000010007200 f   NativeLib:interrupts_asm.obj
 0001:00006242       intr233                    0000000010007242 f   NativeLib:interrupts_asm.obj
 0001:00006284       intr234                    0000000010007284 f   NativeLib:interrupts_asm.obj
 0001:000062c6       intr235                    00000000100072c6 f   NativeLib:interrupts_asm.obj
 0001:00006308       intr236                    0000000010007308 f   NativeLib:interrupts_asm.obj
 0001:0000634a       intr237                    000000001000734a f   NativeLib:interrupts_asm.obj
 0001:0000638c       intr238                    000000001000738c f   NativeLib:interrupts_asm.obj
 0001:000063ce       intr239                    00000000100073ce f   NativeLib:interrupts_asm.obj
 0001:00006410       intr240                    0000000010007410 f   NativeLib:interrupts_asm.obj
 0001:00006452       intr241                    0000000010007452 f   NativeLib:interrupts_asm.obj
 0001:00006494       intr242                    0000000010007494 f   NativeLib:interrupts_asm.obj
 0001:000064d6       intr243                    00000000100074d6 f   NativeLib:interrupts_asm.obj
 0001:00006518       intr244                    0000000010007518 f   NativeLib:interrupts_asm.obj
 0001:0000655a       intr245                    000000001000755a f   NativeLib:interrupts_asm.obj
 0001:0000659c       intr246                    000000001000759c f   NativeLib:interrupts_asm.obj
 0001:000065de       intr247                    00000000100075de f   NativeLib:interrupts_asm.obj
 0001:00006620       intr248                    0000000010007620 f   NativeLib:interrupts_asm.obj
 0001:00006662       intr249                    0000000010007662 f   NativeLib:interrupts_asm.obj
 0001:000066a4       intr250                    00000000100076a4 f   NativeLib:interrupts_asm.obj
 0001:000066e6       intr251                    00000000100076e6 f   NativeLib:interrupts_asm.obj
 0001:00006728       intr252                    0000000010007728 f   NativeLib:interrupts_asm.obj
 0001:0000676a       intr253                    000000001000776a f   NativeLib:interrupts_asm.obj
 0001:000067ac       intr254                    00000000100077ac f   NativeLib:interrupts_asm.obj
 0001:000067ee       intr255                    00000000100077ee f   NativeLib:interrupts_asm.obj
 0001:00006830       _reload_segreg             0000000010007830 f   NativeLib:interrupts_asm.obj
 0001:00006857       Load_IDT                   0000000010007857 f   NativeLib:interrupts_asm.obj
 0001:0000685b       _cli                       000000001000785b f   NativeLib:interrupts_asm.obj
 0001:0000685d       _sti                       000000001000785d f   NativeLib:interrupts_asm.obj
 0001:0000685f       _hlt                       000000001000785f f   NativeLib:interrupts_asm.obj
 0001:00006861       _inttest                   0000000010007861 f   NativeLib:interrupts_asm.obj
 0001:0000686b       _iretq                     000000001000786b f   NativeLib:interrupts_asm.obj
 0001:00006886       _int20h                    0000000010007886 f   NativeLib:interrupts_asm.obj
 0001:00006890       In16                       0000000010007890 f   NativeLib:io.obj
 0001:000068c0       In32                       00000000100078c0 f   NativeLib:io.obj
 0001:000068f0       In8                        00000000100078f0 f   NativeLib:io.obj
 0001:00006920       Insb                       0000000010007920 f   NativeLib:io.obj
 0001:00006960       Insd                       0000000010007960 f   NativeLib:io.obj
 0001:000069a0       Insw                       00000000100079a0 f   NativeLib:io.obj
 0001:000069e0       Out16                      00000000100079e0 f   NativeLib:io.obj
 0001:00006a10       Out32                      0000000010007a10 f   NativeLib:io.obj
 0001:00006a40       Out8                       0000000010007a40 f   NativeLib:io.obj
 0001:00006a70       Outsb                      0000000010007a70 f   NativeLib:io.obj
 0001:00006ab0       Outsd                      0000000010007ab0 f   NativeLib:io.obj
 0001:00006af0       Outsw                      0000000010007af0 f   NativeLib:io.obj
 0001:00006b30       vmware_send                0000000010007b30 f   NativeLib:vmware.obj
 0001:00006bb4       vmware_send_hb             0000000010007bb4 f   NativeLib:vmware.obj
 0001:00006c3a       vmware_get_hb              0000000010007c3a f   NativeLib:vmware.obj
 0001:00006cc0       enable_avx                 0000000010007cc0 f   NativeLib:misc.obj
 0001:00006cd3       enable_sse                 0000000010007cd3 f   NativeLib:misc.obj
 0001:00006ce6       Schedule_Next              0000000010007ce6 f   NativeLib:misc.obj
 0001:00006d00       mystrtoul                  0000000010007d00 f   LibC:strtoul.obj
 0001:00006f60       myisspace                  0000000010007f60 f   LibC:isspace.obj
 0001:00006fb0       myisdigit                  0000000010007fb0 f   LibC:isdigit.obj
 0001:00006ff0       myisalpha                  0000000010007ff0 f   LibC:isalpha.obj
 0001:00007030       myisupper                  0000000010008030 f   LibC:isupper.obj
 0002:00000000       unbox_Int32__ToString      0000000010009000     ConsoleOS.obj
 0002:0000000c       unbox_UInt16__ToString     000000001000900c     ConsoleOS.obj
 0002:00000018       unbox_UInt32__ToString     0000000010009018     ConsoleOS.obj
 0002:00000024       unbox_UInt64__ToString     0000000010009024     ConsoleOS.obj
 0003:00000000       ConsoleOS_Program__KMain   000000001000a000     ConsoleOS.obj
 0003:00000000       KMain                      000000001000a000     ConsoleOS.obj
 0003:00000070       ConsoleOS_Allocator__GetPageIndexStart 000000001000a070     ConsoleOS.obj
 0003:000000c4       ConsoleOS_Allocator__Free  000000001000a0c4     ConsoleOS.obj
 0003:000001fc       ConsoleOS_Allocator__Initialize 000000001000a1fc     ConsoleOS.obj
 0003:00000290       ConsoleOS_Allocator__Allocate 000000001000a290     ConsoleOS.obj
 0003:000003f4       ConsoleOS_Allocator__Reallocate 000000001000a3f4     ConsoleOS.obj
 0003:000004e8       ConsoleOS_GDT__Initialise  000000001000a4e8     ConsoleOS.obj
 0003:000005c4       ConsoleOS_IDT__Initialize  000000001000a5c4     ConsoleOS.obj
 0003:000006b8       ConsoleOS_IDT__intr_handler 000000001000a6b8     ConsoleOS.obj
 0003:000006b8       intr_handler               000000001000a6b8     ConsoleOS.obj
 0003:00000dc8       ConsoleOS_Native__Load_GDT 000000001000adc8     ConsoleOS.obj
 0003:00000e1c       ConsoleOS_Native__Load_IDT 000000001000ae1c     ConsoleOS.obj
 0003:00000e70       ConsoleOS_System_Array__GetSystemArrayEEType 000000001000ae70     ConsoleOS.obj
 0003:00000e70       GetSystemArrayEEType       000000001000ae70     ConsoleOS.obj
 0003:00000e84       Int32__ToString            000000001000ae84     ConsoleOS.obj
 0003:00000ea4       Int64__ToString            000000001000aea4     ConsoleOS.obj
 0003:00000f94       Object___ctor              000000001000af94     ConsoleOS.obj
 0003:00000f98       Object__ToString           000000001000af98     ConsoleOS.obj
 0003:00000fa0       Object__Dispose            000000001000afa0     ConsoleOS.obj
 0003:00000ff0       String__FromASCII          000000001000aff0     ConsoleOS.obj
 0003:00001088       String__Ctor_2             000000001000b088     ConsoleOS.obj
 0003:00001144       String__LastIndexOf        000000001000b144     ConsoleOS.obj
 0003:00001170       String__ToString           000000001000b170     ConsoleOS.obj
 0003:00001174       String__Equals_0           000000001000b174     ConsoleOS.obj
 0003:000011bc       String__Concat             000000001000b1bc     ConsoleOS.obj
 0003:000012a8       String__IndexOf            000000001000b2a8     ConsoleOS.obj
 0003:000012d8       String__Concat_0           000000001000b2d8     ConsoleOS.obj
 0003:0000134c       String__Concat_1           000000001000b34c     ConsoleOS.obj
 0003:00001410       String__Format             000000001000b410     ConsoleOS.obj
 0003:0000161c       String__Substring          000000001000b61c     ConsoleOS.obj
 0003:0000165c       String__Substring_0        000000001000b65c     ConsoleOS.obj
 0003:00001698       UInt16__ToString           000000001000b698     ConsoleOS.obj
 0003:000016b4       UInt32__ToString           000000001000b6b4     ConsoleOS.obj
 0003:000016d0       UInt64__ToString           000000001000b6d0     ConsoleOS.obj
 0003:00001798       UInt64__ToStringHex        000000001000b798     ConsoleOS.obj
 0003:00001840       ConsoleOS_System_Threading_Monitor__Unlock 000000001000b840     ConsoleOS.obj
 0003:00001884       ConsoleOS_System_Runtime_TypeCast__CheckCastClass 000000001000b884     ConsoleOS.obj
 0003:00001884       RhTypeCast_CheckCastClass  000000001000b884     ConsoleOS.obj
 0003:000018ac       ConsoleOS_System_Runtime_TypeCast__CheckCastArray 000000001000b8ac     ConsoleOS.obj
 0003:000018ac       RhTypeCast_CheckCastArray  000000001000b8ac     ConsoleOS.obj
 0003:000018d4       ConsoleOS_System_Runtime_TypeCast__IsInstanceOfArray 000000001000b8d4     ConsoleOS.obj
 0003:000018d4       RhTypeCast_IsInstanceOfArray 000000001000b8d4     ConsoleOS.obj
 0003:00001930       ConsoleOS_Internal_Runtime_MethodTable__get_IsArray 000000001000b930     ConsoleOS.obj
 0003:00001954       ConsoleOS_Internal_Runtime_MethodTable__get_ArrayRank 000000001000b954     ConsoleOS.obj
 0003:00001974       ConsoleOS_Internal_Runtime_CompilerHelpers_StartupCodeHelpers____imp_GetCurrentThreadId 000000001000b974     ConsoleOS.obj
 0003:00001974       __imp_GetCurrentThreadId   000000001000b974     ConsoleOS.obj
 0003:00001978       ConsoleOS_Internal_Runtime_CompilerHelpers_StartupCodeHelpers____CheckForDebuggerJustMyCode 000000001000b978     ConsoleOS.obj
 0003:00001978       __CheckForDebuggerJustMyCode 000000001000b978     ConsoleOS.obj
 0003:0000197c       ConsoleOS_Internal_Runtime_CompilerHelpers_StartupCodeHelpers__FailFast 000000001000b97c     ConsoleOS.obj
 0003:0000197c       __fail_fast                000000001000b97c     ConsoleOS.obj
 0003:00001980       ConsoleOS_Internal_Runtime_CompilerHelpers_StartupCodeHelpers__MemSet 000000001000b980     ConsoleOS.obj
 0003:00001980       memset                     000000001000b980     ConsoleOS.obj
 0003:0000199c       ConsoleOS_Internal_Runtime_CompilerHelpers_StartupCodeHelpers__MemCpy 000000001000b99c     ConsoleOS.obj
 0003:0000199c       memcpy                     000000001000b99c     ConsoleOS.obj
 0003:000019b8       ConsoleOS_Internal_Runtime_CompilerHelpers_StartupCodeHelpers__RhpFallbackFailFast 000000001000b9b8     ConsoleOS.obj
 0003:000019b8       RhpFallbackFailFast        000000001000b9b8     ConsoleOS.obj
 0003:000019bc       ConsoleOS_Internal_Runtime_CompilerHelpers_StartupCodeHelpers__RhpReversePInvoke2 000000001000b9bc     ConsoleOS.obj
 0003:000019bc       RhpReversePInvoke2         000000001000b9bc     ConsoleOS.obj
 0003:000019c0       ConsoleOS_Internal_Runtime_CompilerHelpers_StartupCodeHelpers__RhpReversePInvokeReturn2 000000001000b9c0     ConsoleOS.obj
 0003:000019c0       RhpReversePInvokeReturn2   000000001000b9c0     ConsoleOS.obj
 0003:000019c4       ConsoleOS_Internal_Runtime_CompilerHelpers_StartupCodeHelpers__RhpReversePInvoke 000000001000b9c4     ConsoleOS.obj
 0003:000019c4       RhpReversePInvoke          000000001000b9c4     ConsoleOS.obj
 0003:000019c8       ConsoleOS_Internal_Runtime_CompilerHelpers_StartupCodeHelpers__RhpReversePInvokeReturn 000000001000b9c8     ConsoleOS.obj
 0003:000019c8       RhpReversePInvokeReturn    000000001000b9c8     ConsoleOS.obj
 0003:000019cc       ConsoleOS_Internal_Runtime_CompilerHelpers_StartupCodeHelpers__RhpPinvoke 000000001000b9cc     ConsoleOS.obj
 0003:000019cc       RhpPInvoke                 000000001000b9cc     ConsoleOS.obj
 0003:000019d0       ConsoleOS_Internal_Runtime_CompilerHelpers_StartupCodeHelpers__RhpPinvokeReturn 000000001000b9d0     ConsoleOS.obj
 0003:000019d0       RhpPInvokeReturn           000000001000b9d0     ConsoleOS.obj
 0003:000019d4       ConsoleOS_Internal_Runtime_CompilerHelpers_StartupCodeHelpers__RhpNewFast 000000001000b9d4     ConsoleOS.obj
 0003:000019d4       RhpNewFast                 000000001000b9d4     ConsoleOS.obj
 0003:00001a60       ConsoleOS_Internal_Runtime_CompilerHelpers_StartupCodeHelpers__RhpNewArray 000000001000ba60     ConsoleOS.obj
 0003:00001a60       RhpNewArray                000000001000ba60     ConsoleOS.obj
 0003:00001b24       ConsoleOS_Internal_Runtime_CompilerHelpers_StartupCodeHelpers__RhpAssignRef 000000001000bb24     ConsoleOS.obj
 0003:00001b24       RhpAssignRef               000000001000bb24     ConsoleOS.obj
 0003:00001b28       ConsoleOS_Internal_Runtime_CompilerHelpers_StartupCodeHelpers__RhpByRefAssignRef 000000001000bb28     ConsoleOS.obj
 0003:00001b28       RhpByRefAssignRef          000000001000bb28     ConsoleOS.obj
 0003:00001b2c       ConsoleOS_Internal_Runtime_CompilerHelpers_StartupCodeHelpers__RhpCheckedAssignRef 000000001000bb2c     ConsoleOS.obj
 0003:00001b2c       RhpCheckedAssignRef        000000001000bb2c     ConsoleOS.obj
 0003:00001b30       ConsoleOS_Internal_Runtime_CompilerHelpers_StartupCodeHelpers__RhpStelemRef 000000001000bb30     ConsoleOS.obj
 0003:00001b30       RhpStelemRef               000000001000bb30     ConsoleOS.obj
 0003:00001b68       ConsoleOS_Internal_Runtime_CompilerHelpers_StartupCodeHelpers__RhTypeCast_IsInstanceOfClass 000000001000bb68     ConsoleOS.obj
 0003:00001b68       RhTypeCast_IsInstanceOfClass 000000001000bb68     ConsoleOS.obj
 0003:00001b94       ConsoleOS_Internal_Runtime_CompilerHelpers_StartupCodeHelpers__InitializeModules 000000001000bb94     ConsoleOS.obj
 0003:00001d4c       ConsoleOS_Internal_Runtime_CompilerHelpers_StartupCodeHelpers__InitializeStatics 000000001000bd4c     ConsoleOS.obj
 0003:00001e38       ConsoleOS_Internal_Runtime_CompilerHelpers_ThrowHelpers__Error 000000001000be38     ConsoleOS.obj
 0003:00001ee8       ConsoleOS_Internal_Runtime_CompilerHelpers_ThrowHelpers__ThrowOverflowException 000000001000bee8     ConsoleOS.obj
 0003:00001f00       ConsoleOS_Internal_Runtime_CompilerHelpers_ThrowHelpers__ThrowIndexOutOfRangeException 000000001000bf00     ConsoleOS.obj
 0003:00001f18       ConsoleOS_MOOS_API__HandleSystemCall 000000001000bf18     ConsoleOS.obj
 0003:000022b4       ConsoleOS_MOOS_API__API_SndWrite 000000001000c2b4     ConsoleOS.obj
 0003:000022bc       ConsoleOS_MOOS_API__API_Calloc 000000001000c2bc     ConsoleOS.obj
 0003:000022c4       ConsoleOS_MOOS_API__API_StartThread 000000001000c2c4     ConsoleOS.obj
 0003:00002300       ConsoleOS_MOOS_API__API_Error 000000001000c300     ConsoleOS.obj
 0003:00002308       ConsoleOS_MOOS_API__API_GetTime 000000001000c308     ConsoleOS.obj
 0003:00002388       ConsoleOS_MOOS_API__API_DrawImage 000000001000c388     ConsoleOS.obj
 0003:000023bc       ConsoleOS_MOOS_API__API_WriteString 000000001000c3bc     ConsoleOS.obj
 0003:0000241c       ConsoleOS_MOOS_API__API_Width 000000001000c41c     ConsoleOS.obj
 0003:00002430       ConsoleOS_MOOS_API__API_Height 000000001000c430     ConsoleOS.obj
 0003:00002444       ConsoleOS_MOOS_API__API_Update 000000001000c444     ConsoleOS.obj
 0003:0000244c       ConsoleOS_MOOS_API__API_Clear 000000001000c44c     ConsoleOS.obj
 0003:0000246c       ConsoleOS_MOOS_API__API_DebugWrite 000000001000c46c     ConsoleOS.obj
 0003:0000246c       DebugWrite                 000000001000c46c     ConsoleOS.obj
 0003:00002474       ConsoleOS_MOOS_API__API_DebugWriteLine 000000001000c474     ConsoleOS.obj
 0003:00002474       DebugWriteLine             000000001000c474     ConsoleOS.obj
 0003:00002490       ConsoleOS_MOOS_API__API_Lock 000000001000c490     ConsoleOS.obj
 0003:00002490       Lock                       000000001000c490     ConsoleOS.obj
 0003:000024b8       ConsoleOS_MOOS_API__API_Unlock 000000001000c4b8     ConsoleOS.obj
 0003:000024b8       Unlock                     000000001000c4b8     ConsoleOS.obj
 0003:000024f8       ConsoleOS_MOOS_API__API_DrawPoint 000000001000c4f8     ConsoleOS.obj
 0003:0000252c       ConsoleOS_MOOS_API__API_SwitchToConsoleMode 000000001000c52c     ConsoleOS.obj
 0003:00002534       ConsoleOS_MOOS_API__API_ReadAllBytes 000000001000c534     ConsoleOS.obj
 0003:0000263c       ConsoleOS_MOOS_API__API_Sleep 000000001000c63c     ConsoleOS.obj
 0003:00002644       ConsoleOS_MOOS_API__API_GetTick 000000001000c644     ConsoleOS.obj
 0003:00002658       ConsoleOS_MOOS_API__API_Write 000000001000c658     ConsoleOS.obj
 0003:00002664       ConsoleOS_MOOS_API__API_WriteLine 000000001000c664     ConsoleOS.obj
 0003:0000266c       ConsoleOS_MOOS_API__API_Allocate 000000001000c66c     ConsoleOS.obj
 0003:00002674       ConsoleOS_MOOS_API__API_Free 000000001000c674     ConsoleOS.obj
 0003:0000267c       ConsoleOS_MOOS_API__API_Reallocate 000000001000c67c     ConsoleOS.obj
 0003:00002684       ConsoleOS_MOOS_API__SayHello 000000001000c684     ConsoleOS.obj
 0003:00002690       ConsoleOS_MOOS_Framebuffer__set_TripleBuffered 000000001000c690     ConsoleOS.obj
 0003:00002714       ConsoleOS_MOOS_Framebuffer__Update 000000001000c714     ConsoleOS.obj
 0003:000027e4       ConsoleOS_MOOS_Framebuffer__Initialize 000000001000c7e4     ConsoleOS.obj
 0003:0000291c       ConsoleOS_MOOS_Keyboard__InvokeOnKeyChanged 000000001000c91c     ConsoleOS.obj
 0003:0000294c       ConsoleOS_MOOS_Keyboard__CleanKeyInfo 000000001000c94c     ConsoleOS.obj
 0003:00002978       ConsoleOS_MOOS_PCIDevice___ctor 000000001000c978     ConsoleOS.obj
 0003:0000297c       ConsoleOS_MOOS_PCI__Initialise 000000001000c97c     ConsoleOS.obj
 0003:00002a50       ConsoleOS_MOOS_PCI__CheckBus 000000001000ca50     ConsoleOS.obj
 0003:00002f8c       ConsoleOS_MOOS_PCI__ReadRegister16 000000001000cf8c     ConsoleOS.obj
 0003:00003034       ConsoleOS_MOOS_PCI__ReadRegister8 000000001000d034     ConsoleOS.obj
 0003:000030dc       ConsoleOS_MOOS_PCI__GetVendorID 000000001000d0dc     ConsoleOS.obj
 0003:00003168       ConsoleOS_MOOS_PCI__GetHeaderType 000000001000d168     ConsoleOS.obj
 0003:000031fc       ConsoleOS_MOOS_PCI__GetAddressBase 000000001000d1fc     ConsoleOS.obj
 0003:0000321c       ConsoleOS_MOOS_PIC__Disable 000000001000d21c     ConsoleOS.obj
 0003:00003408       ConsoleOS_MOOS_PS2Keyboard__Initialize 000000001000d408     ConsoleOS.obj
 0003:000038c8       ConsoleOS_MOOS_PS2Keyboard__OnInterrupt 000000001000d8c8     ConsoleOS.obj
 0003:00003920       ConsoleOS_MOOS_PS2Keyboard__ProcessKey 000000001000d920     ConsoleOS.obj
 0003:00003b38       ConsoleOS_MOOS_PS2Mouse__Initialise 000000001000db38     ConsoleOS.obj
 0003:00003d3c       ConsoleOS_MOOS_PS2Mouse__WriteRegister 000000001000dd3c     ConsoleOS.obj
 0003:00003e28       ConsoleOS_MOOS_PS2Mouse__OnInterrupt 000000001000de28     ConsoleOS.obj
 0003:00003ff4       ConsoleOS_MOOS_RTC__get_Second 000000001000dff4     ConsoleOS.obj
 0003:0000408c       ConsoleOS_MOOS_RTC__get_Minute 000000001000e08c     ConsoleOS.obj
 0003:00004128       ConsoleOS_MOOS_RTC__get_Hour 000000001000e128     ConsoleOS.obj
 0003:000041dc       ConsoleOS_MOOS_RTC__get_Century 000000001000e1dc     ConsoleOS.obj
 0003:00004278       ConsoleOS_MOOS_RTC__get_Year 000000001000e278     ConsoleOS.obj
 0003:00004314       ConsoleOS_MOOS_RTC__get_Month 000000001000e314     ConsoleOS.obj
 0003:000043b0       ConsoleOS_MOOS_RTC__get_Day 000000001000e3b0     ConsoleOS.obj
 0003:0000444c       ConsoleOS_MOOS_SATA__Initialize 000000001000e44c     ConsoleOS.obj
 0003:0000482c       ConsoleOS_MOOS_SATA__CheckPortType 000000001000e82c     ConsoleOS.obj
 0003:00004888       ConsoleOS_MOOS_Serial__Initialise 000000001000e888     ConsoleOS.obj
 0003:000049e8       ConsoleOS_MOOS_Serial__Write_0 000000001000e9e8     ConsoleOS.obj
 0003:00004a70       ConsoleOS_MOOS_VMwareTools__Initialize 000000001000ea70     ConsoleOS.obj
 0003:00004ab8       ConsoleOS_MOOS_VMwareTools__vmware_handle_mouse 000000001000eab8     ConsoleOS.obj
 0003:00004c14       ConsoleOS_MOOS_VMwareTools__mouse_absolute 000000001000ec14     ConsoleOS.obj
 0003:00004d0c       ConsoleOS_MOOS_VMwareTools__is_vmware_backdoor 000000001000ed0c     ConsoleOS.obj
 0003:00004d90       ConsoleOS_MOOS_Kbd2Mouse__OnKeyChanged 000000001000ed90     ConsoleOS.obj
 0003:00004f14       ConsoleOS_MOOS_ASC16__DrawChar 000000001000ef14     ConsoleOS.obj
 0003:00004fa8       ConsoleOS_MOOS_Console__Setup 000000001000efa8     ConsoleOS.obj
 0003:00005060       ConsoleOS_MOOS_Console__Write 000000001000f060     ConsoleOS.obj
 0003:00005110       ConsoleOS_MOOS_Console__Back 000000001000f110     ConsoleOS.obj
 0003:0000514c       ConsoleOS_MOOS_Console__Write_0 000000001000f14c     ConsoleOS.obj
 0003:000051d0       ConsoleOS_MOOS_Console__WriteFramebuffer 000000001000f1d0     ConsoleOS.obj
 0003:000052dc       ConsoleOS_MOOS_Console__ReadKey 000000001000f2dc     ConsoleOS.obj
 0003:00005394       ConsoleOS_MOOS_Console__ReadLine 000000001000f394     ConsoleOS.obj
 0003:000054e8       ConsoleOS_MOOS_Console__MoveUp 000000001000f4e8     ConsoleOS.obj
 0003:0000551c       ConsoleOS_MOOS_Console__MoveUpFramebuffer 000000001000f51c     ConsoleOS.obj
 0003:000055c8       ConsoleOS_MOOS_Console__UpdateCursorFramebuffer 000000001000f5c8     ConsoleOS.obj
 0003:00005678       ConsoleOS_MOOS_Console__WriteLine 000000001000f678     ConsoleOS.obj
 0003:00005710       ConsoleOS_MOOS_Console__WriteLine_0 000000001000f710     ConsoleOS.obj
 0003:00005754       ConsoleOS_MOOS_Console__Clear 000000001000f754     ConsoleOS.obj
 0003:00005770       ConsoleOS_MOOS_Console__ClearFramebuffer 000000001000f770     ConsoleOS.obj
 0003:0000582c       ConsoleOS_MOOS_PageTable__Initialise 000000001000f82c     ConsoleOS.obj
 0003:0000591c       ConsoleOS_MOOS_PageTable__GetPage 000000001000f91c     ConsoleOS.obj
 0003:000059c8       ConsoleOS_MOOS_PageTable__Next 000000001000f9c8     ConsoleOS.obj
 0003:00005a6c       ConsoleOS_MOOS_SMP__ApplicationProcessorMain 000000001000fa6c     ConsoleOS.obj
 0003:00005af4       ConsoleOS_MOOS_SMP__Initialize 000000001000faf4     ConsoleOS.obj
 0003:00005ce4       ConsoleOS_MOOS_stdio___putchar 000000001000fce4     ConsoleOS.obj
 0003:00005ce4       _putchar                   000000001000fce4     ConsoleOS.obj
 0003:00005cf8       ConsoleOS_MOOS_stdio__fopen 000000001000fcf8     ConsoleOS.obj
 0003:00005cf8       fopen                      000000001000fcf8     ConsoleOS.obj
 0003:00005e98       ConsoleOS_MOOS_stdio__fseek 000000001000fe98     ConsoleOS.obj
 0003:00005e98       fseek                      000000001000fe98     ConsoleOS.obj
 0003:00005eb0       ConsoleOS_MOOS_stdio__fread 000000001000feb0     ConsoleOS.obj
 0003:00005eb0       fread                      000000001000feb0     ConsoleOS.obj
 0003:00005f14       ConsoleOS_MOOS_stdlib__malloc 000000001000ff14     ConsoleOS.obj
 0003:00005f14       malloc                     000000001000ff14     ConsoleOS.obj
 0003:00005f24       ConsoleOS_MOOS_stdlib__free 000000001000ff24     ConsoleOS.obj
 0003:00005f24       free                       000000001000ff24     ConsoleOS.obj
 0003:00005f34       ConsoleOS_MOOS_stdlib__realloc 000000001000ff34     ConsoleOS.obj
 0003:00005f34       realloc                    000000001000ff34     ConsoleOS.obj
 0003:00005f44       ConsoleOS_MOOS_stdlib__calloc 000000001000ff44     ConsoleOS.obj
 0003:00005f44       calloc                     000000001000ff44     ConsoleOS.obj
 0003:00005fb8       ConsoleOS_MOOS_stdlib__kmalloc 000000001000ffb8     ConsoleOS.obj
 0003:00005fb8       kmalloc                    000000001000ffb8     ConsoleOS.obj
 0003:00005fc8       ConsoleOS_MOOS_stdlib__kfree 000000001000ffc8     ConsoleOS.obj
 0003:00005fc8       kfree                      000000001000ffc8     ConsoleOS.obj
 0003:00005fd8       ConsoleOS_MOOS_stdlib__krealloc 000000001000ffd8     ConsoleOS.obj
 0003:00005fd8       krealloc                   000000001000ffd8     ConsoleOS.obj
 0003:00005fe8       ConsoleOS_MOOS_stdlib__kcalloc 000000001000ffe8     ConsoleOS.obj
 0003:00005fe8       kcalloc                    000000001000ffe8     ConsoleOS.obj
 0003:0000605c       ConsoleOS_MOOS_Misc_Audio__snd_write 000000001001005c     ConsoleOS.obj
 0003:0000605c       snd_write                  000000001001005c     ConsoleOS.obj
 0003:00006144       ConsoleOS_MOOS_Misc_Audio__snd_clear 0000000010010144     ConsoleOS.obj
 0003:00006144       snd_clear                  0000000010010144     ConsoleOS.obj
 0003:00006158       ConsoleOS_MOOS_Misc_ClassID__GetName 0000000010010158     ConsoleOS.obj
 0003:000062c0       ConsoleOS_MOOS_Misc_EntryPoint__Entry 00000000100102c0     ConsoleOS.obj
 0003:000062c0       Entry                      00000000100102c0     ConsoleOS.obj
 0003:00006690       ConsoleOS_MOOS_Misc_Interrupts__EnableInterrupt_0 0000000010010690     ConsoleOS.obj
 0003:000066f8       ConsoleOS_MOOS_Misc_Interrupts__HandleInterrupt 00000000100106f8     ConsoleOS.obj
 0003:00006760       ConsoleOS_MOOS_Misc_Panic__Error 0000000010010760     ConsoleOS.obj
 0003:000067fc       ConsoleOS_MOOS_Misc_Thread__NewThread 00000000100107fc     ConsoleOS.obj
 0003:0000689c       ConsoleOS_MOOS_Misc_Thread__Start 000000001001089c     ConsoleOS.obj
 0003:0000694c       ConsoleOS_MOOS_Misc_Thread__Start_0 000000001001094c     ConsoleOS.obj
 0003:00006a3c       ConsoleOS_MOOS_Misc_ThreadPool__Initialize 0000000010010a3c     ConsoleOS.obj
 0003:00006bf0       ConsoleOS_MOOS_Misc_ThreadPool__Terminate 0000000010010bf0     ConsoleOS.obj
 0003:00006cd4       ConsoleOS_MOOS_Misc_ThreadPool__IdleThread 0000000010010cd4     ConsoleOS.obj
 0003:00006d18       ConsoleOS_MOOS_Misc_ThreadPool__get_CanLock 0000000010010d18     ConsoleOS.obj
 0003:00006d34       ConsoleOS_MOOS_Misc_ThreadPool__Lock 0000000010010d34     ConsoleOS.obj
 0003:00006d6c       ConsoleOS_MOOS_Misc_ThreadPool__Schedule 0000000010010d6c     ConsoleOS.obj
 0003:000070dc       ConsoleOS_MOOS_Misc_VendorID__GetName 00000000100110dc     ConsoleOS.obj
 0003:0000e52c       ConsoleOS_MOOS_Graph_Graphics__Update 000000001001852c     ConsoleOS.obj
 0003:0000e530       ConsoleOS_MOOS_Graph_Graphics__Clear 0000000010018530     ConsoleOS.obj
 0003:0000e598       ConsoleOS_MOOS_Graph_Graphics__Copy 0000000010018598     ConsoleOS.obj
 0003:0000e634       ConsoleOS_MOOS_Graph_Graphics__FillRectangle 0000000010018634     ConsoleOS.obj
 0003:0000e6ac       ConsoleOS_MOOS_Graph_Graphics__GetPoint 00000000100186ac     ConsoleOS.obj
 0003:0000e6d8       ConsoleOS_MOOS_Graph_Graphics__DrawPoint 00000000100186d8     ConsoleOS.obj
 0003:0000e7c8       ConsoleOS_MOOS_Graph_Graphics__DrawImage 00000000100187c8     ConsoleOS.obj
 0003:0000ea20       ConsoleOS_MOOS_FS_Ramdisk__Read 0000000010018a20     ConsoleOS.obj
 0003:0000ea8c       ConsoleOS_MOOS_FS_Ramdisk__Write 0000000010018a8c     ConsoleOS.obj
 0003:0000eafc       ConsoleOS_MOOS_FS_FATFS__get_fattime 0000000010018afc     ConsoleOS.obj
 0003:0000eafc       get_fattime                0000000010018afc     ConsoleOS.obj
 0003:0000eb68       ConsoleOS_MOOS_FS_FATFS__RAM_disk_write 0000000010018b68     ConsoleOS.obj
 0003:0000eb68       RAM_disk_write             0000000010018b68     ConsoleOS.obj
 0003:0000eb9c       ConsoleOS_MOOS_FS_FATFS__RAM_disk_read 0000000010018b9c     ConsoleOS.obj
 0003:0000eb9c       RAM_disk_read              0000000010018b9c     ConsoleOS.obj
 0003:0000ebd0       ConsoleOS_MOOS_FS_FileInfo__Dispose 0000000010018bd0     ConsoleOS.obj
 0003:0000ec58       ConsoleOS_MOOS_FS_FileInfo___ctor 0000000010018c58     ConsoleOS.obj
 0003:0000ec5c       ConsoleOS_MOOS_FS_FileSystem__SizeToSec 0000000010018c5c     ConsoleOS.obj
 0003:0000ec7c       ConsoleOS_MOOS_FS_FileSystem__IsInDirectory 0000000010018c7c     ConsoleOS.obj
 0003:0000ece0       ConsoleOS_MOOS_FS_TarFS__GetFiles 0000000010018ce0     ConsoleOS.obj
 0003:0000ef78       ConsoleOS_MOOS_FS_TarFS__ReadAllBytes 0000000010018f78     ConsoleOS.obj
 0003:0000f290       ConsoleOS_MOOS_FS_TarFS___ctor 0000000010019290     ConsoleOS.obj
 0003:0000f2b0       ConsoleOS_MOOS_Driver_ACPI__GetRSDP 00000000100192b0     ConsoleOS.obj
 0003:0000f2d8       ConsoleOS_MOOS_Driver_ACPI__Initialize 00000000100192d8     ConsoleOS.obj
 0003:0000f388       ConsoleOS_MOOS_Driver_ACPI__ParseDT 0000000010019388     ConsoleOS.obj
 0003:0000f558       ConsoleOS_MOOS_Driver_ACPI__RemapIRQ 0000000010019558     ConsoleOS.obj
 0003:0000f5b0       ConsoleOS_MOOS_Driver_ACPITimer__SleepMicroseconds 00000000100195b0     ConsoleOS.obj
 0003:0000f6d4       ConsoleOS_MOOS_Driver_HPET__Initialize 00000000100196d4     ConsoleOS.obj
 0003:0000f744       ConsoleOS_MOOS_Driver_HPET__WriteRegister 0000000010019744     ConsoleOS.obj
 0003:0000f768       ConsoleOS_MOOS_Driver_HPET__ReadRegister 0000000010019768     ConsoleOS.obj
 0003:0000f788       ConsoleOS_MOOS_Driver_IDE__Initialize 0000000010019788     ConsoleOS.obj
 0003:0000f804       ConsoleOS_MOOS_Driver_IDE__ScanPorts 0000000010019804     ConsoleOS.obj
 0003:0000fe30       ConsoleOS_MOOS_Driver_IDE___ScanPorts_g__WaitForIdentifyData_3_2 0000000010019e30     ConsoleOS.obj
 0003:0000fe9c       ConsoleOS_MOOS_Driver_IDEDevice__ReadOrWrite 0000000010019e9c     ConsoleOS.obj
 0003:00010160       ConsoleOS_MOOS_Driver_IDEDevice__WaitForReadyStatus 000000001001a160     ConsoleOS.obj
 0003:000101c4       ConsoleOS_MOOS_Driver_IDEDevice__Read 000000001001a1c4     ConsoleOS.obj
 0003:00010224       ConsoleOS_MOOS_Driver_IDEDevice__Write 000000001001a224     ConsoleOS.obj
 0003:00010288       ConsoleOS_MOOS_Driver_IDEDevice___ctor 000000001001a288     ConsoleOS.obj
 0003:000102a8       ConsoleOS_MOOS_Driver_IOAPIC__Initialize 000000001001a2a8     ConsoleOS.obj
 0003:00010310       ConsoleOS_MOOS_Driver_IOAPIC__In 000000001001a310     ConsoleOS.obj
 0003:0001033c       ConsoleOS_MOOS_Driver_IOAPIC__Out 000000001001a33c     ConsoleOS.obj
 0003:0001036c       ConsoleOS_MOOS_Driver_IOAPIC__SetEntry 000000001001a36c     ConsoleOS.obj
 0003:000103a0       ConsoleOS_MOOS_Driver_IOAPIC__SetEntry_0 000000001001a3a0     ConsoleOS.obj
 0003:000103c0       ConsoleOS_MOOS_Driver_LocalAPIC__ReadRegister 000000001001a3c0     ConsoleOS.obj
 0003:000103e0       ConsoleOS_MOOS_Driver_LocalAPIC__Initialize 000000001001a3e0     ConsoleOS.obj
 0003:00010420       ConsoleOS_MOOS_Driver_LocalAPIC__SendIPI 000000001001a420     ConsoleOS.obj
 0003:00010470       ConsoleOS_MOOS_Driver_LocalAPICTimer__StartTimer 000000001001a470     ConsoleOS.obj
 0003:000104dc       ConsoleOS_MOOS_Driver_LocalAPICTimer__EstimateBusSpeed 000000001001a4dc     ConsoleOS.obj
 0003:00010590       ConsoleOS_MOOS_Driver_PCIExpress__Initialize 000000001001a590     ConsoleOS.obj
 0003:00010628       ConsoleOS_MOOS_Driver_PCIExpress__CheckBus 000000001001a628     ConsoleOS.obj
 0003:000108fc       ConsoleOS_MOOS_Driver_SMBIOS__Initialise 000000001001a8fc     ConsoleOS.obj
 0003:00010a68       ConsoleOS_MOOS_Driver_SMBIOS__PrintIndex 000000001001aa68     ConsoleOS.obj
 0003:00010ac8       ConsoleOS_MOOS_Driver_Timer__Initialize 000000001001aac8     ConsoleOS.obj
 0003:00010ba0       ConsoleOS_MOOS_Driver_Timer__EstimateCPUSpeed 000000001001aba0     ConsoleOS.obj
 0003:00010c24       ConsoleOS_MOOS_Driver_Timer__OnInterrupt 000000001001ac24     ConsoleOS.obj
 0003:00010c68       ConsoleOS_MOOS_Driver_Timer__Sleep 000000001001ac68     ConsoleOS.obj
 0003:00010cd0       ConsoleOS_MOOS_SATA_HBACommandHeader__set_CommandFISLength 000000001001acd0     ConsoleOS.obj
 0003:00010cdc       ConsoleOS_MOOS_SATA_HBACommandHeader__set_Write 000000001001acdc     ConsoleOS.obj
 0003:00010ce8       ConsoleOS_MOOS_SATA_SATADevice__Configure 000000001001ace8     ConsoleOS.obj
 0003:00010dbc       ConsoleOS_MOOS_SATA_SATADevice__StartCMD 000000001001adbc     ConsoleOS.obj
 0003:00010de0       ConsoleOS_MOOS_SATA_SATADevice__StopCMD 000000001001ade0     ConsoleOS.obj
 0003:00010e14       ConsoleOS_MOOS_SATA_SATADevice__Read 000000001001ae14     ConsoleOS.obj
 0003:00010e30       ConsoleOS_MOOS_SATA_SATADevice__Write 000000001001ae30     ConsoleOS.obj
 0003:00010e4c       ConsoleOS_MOOS_SATA_SATADevice__ReadOrWrite 000000001001ae4c     ConsoleOS.obj
 0003:00011110       ConsoleOS_MOOS_SATA_SATADevice__FindSlot 000000001001b110     ConsoleOS.obj
 0003:00011148       ConsoleOS_MOOS_SATA_SATADevice___ctor 000000001001b148     ConsoleOS.obj
 0003:00011168       ConsoleOS_MOOS_Misc_Interrupts_INT___ctor 000000001001b168     ConsoleOS.obj
 0003:0001116c       ConsoleOS_System_Array_1<UInt8>___ctor 000000001001b16c     ConsoleOS.obj
 0003:00011170       ConsoleOS_System_Collections_Generic_List_1<UInt8>__Dispose 000000001001b170     ConsoleOS.obj
 0003:000111f8       ConsoleOS_System_Array_1<Char>___ctor 000000001001b1f8     ConsoleOS.obj
 0003:000111fc       ConsoleOS_System_Array_1<ConsoleOS_System_ConsoleKey>___ctor 000000001001b1fc     ConsoleOS.obj
 0003:00011200       ConsoleOS_System_Array_1<Int32>___ctor 000000001001b200     ConsoleOS.obj
 0003:00011204       ConsoleOS_System_Array_1<UInt32>___ctor 000000001001b204     ConsoleOS.obj
 0003:00011208       ConsoleOS_System_Array_1<ConsoleOS_IDT_IDTEntry>___ctor 000000001001b208     ConsoleOS.obj
 0003:0001120c       ConsoleOS_System_Array_1<System___Canon>___ctor 000000001001b20c     ConsoleOS.obj
 0003:00011210       ConsoleOS_System_Collections_Generic_List_1<System___Canon>__Dispose 000000001001b210     ConsoleOS.obj
 0003:00011298       Internal_CompilerGenerated__Module___SetAppContextSwitches 000000001001b298     ConsoleOS.obj
 0003:0001129c       ConsoleOS__Module___StartupCodeMain 000000001001b29c     ConsoleOS.obj
 0003:0001129c       __managed__Main            000000001001b29c     ConsoleOS.obj
 0004:00000000       __embedded_metadata        000000001001c000     ConsoleOS.obj
 0004:00001b92       __embedded_metadata_End    000000001001db92     ConsoleOS.obj
 0004:00001b92       __embedded_resourcedata    000000001001db92     ConsoleOS.obj
 0004:00001b92       __embedded_resourcedata_End 000000001001db92     ConsoleOS.obj
 0004:00001b92       __embedded_resourceindex   000000001001db92     ConsoleOS.obj
 0004:00001b95       __embedded_resourceindex_End 000000001001db95     ConsoleOS.obj
 0004:00001b95       __type_to_metadata_map     000000001001db95     ConsoleOS.obj
 0004:00001c46       __type_to_cctorContext_map 000000001001dc46     ConsoleOS.obj
 0004:00001c46       __type_to_metadata_map_End 000000001001dc46     ConsoleOS.obj
 0004:00001c49       __method_to_entrypoint_map 000000001001dc49     ConsoleOS.obj
 0004:00001c49       __type_to_cctorContext_map_End 000000001001dc49     ConsoleOS.obj
 0004:00001c4c       __delegate_marshalling_stub_map 000000001001dc4c     ConsoleOS.obj
 0004:00001c4c       __method_to_entrypoint_map_End 000000001001dc4c     ConsoleOS.obj
 0004:00001c4f       __delegate_marshalling_stub_map_End 000000001001dc4f     ConsoleOS.obj
 0004:00001c4f       __struct_marshalling_stub_map 000000001001dc4f     ConsoleOS.obj
 0004:00001c52       __array_type_map           000000001001dc52     ConsoleOS.obj
 0004:00001c52       __struct_marshalling_stub_map_End 000000001001dc52     ConsoleOS.obj
 0004:00001c7d       __array_type_map_End       000000001001dc7d     ConsoleOS.obj
 0004:00001c7d       __field_to_offset_map      000000001001dc7d     ConsoleOS.obj
 0004:00001c80       __exact_method_instantiations 000000001001dc80     ConsoleOS.obj
 0004:00001c80       __field_to_offset_map_End  000000001001dc80     ConsoleOS.obj
 0004:00001c80       __nativelayoutinfo         000000001001dc80     ConsoleOS.obj
 0004:00001c80       __nativelayoutinfo_End     000000001001dc80     ConsoleOS.obj
 0004:00001c83       __exact_method_instantiations_End 000000001001dc83     ConsoleOS.obj
 0004:00001c83       __generic_types_hashtable  000000001001dc83     ConsoleOS.obj
 0004:00001c9b       __generic_methods_hashtable 000000001001dc9b     ConsoleOS.obj
 0004:00001c9b       __generic_types_hashtable_End 000000001001dc9b     ConsoleOS.obj
 0004:00001c9e       __generic_methods_hashtable_End 000000001001dc9e     ConsoleOS.obj
 0004:00001c9e       __gvm_table                000000001001dc9e     ConsoleOS.obj
 0004:00001ca1       __gvm_table_End            000000001001dca1     ConsoleOS.obj
 0004:00001ca1       __interface_gvm_table      000000001001dca1     ConsoleOS.obj
 0004:00001ca4       __GenericMethodsTemplateMap 000000001001dca4     ConsoleOS.obj
 0004:00001ca4       __interface_gvm_table_End  000000001001dca4     ConsoleOS.obj
 0004:00001ca7       __GenericMethodsTemplateMap_End 000000001001dca7     ConsoleOS.obj
 0004:00001ca7       __GenericTypesTemplateMap  000000001001dca7     ConsoleOS.obj
 0004:00001caa       __GenericTypesTemplateMap_End 000000001001dcaa     ConsoleOS.obj
 0004:00001caa       __block_reflection_type_map 000000001001dcaa     ConsoleOS.obj
 0004:00001d02       _StaticsInfoHashtableNode  000000001001dd02     ConsoleOS.obj
 0004:00001d02       __block_reflection_type_map_End 000000001001dd02     ConsoleOS.obj
 0004:00001d05       _StaticsInfoHashtableNode_End 000000001001dd05     ConsoleOS.obj
 0004:00001d05       __VirtualInvokeMap         000000001001dd05     ConsoleOS.obj
 0004:00001d08       __DefaultConstructor_Map   000000001001dd08     ConsoleOS.obj
 0004:00001d08       __VirtualInvokeMap_End     000000001001dd08     ConsoleOS.obj
 0004:00001d27       __DefaultConstructor_Map_End 000000001001dd27     ConsoleOS.obj
 0004:00001d27       __external_CommonFixupsTable_references 000000001001dd27     ConsoleOS.obj
 0004:00001ddf       __external_CommonFixupsTable_references_End 000000001001dddf     ConsoleOS.obj
 0004:00001ddf       __external_NativeReferences_references 000000001001dddf     ConsoleOS.obj
 0004:00001dfb       __external_NativeReferences_references_End 000000001001ddfb     ConsoleOS.obj
 0004:00001dfb       __external_NativeStatics_references 000000001001ddfb     ConsoleOS.obj
 0004:00001dfb       __external_NativeStatics_references_End 000000001001ddfb     ConsoleOS.obj
 0004:00001e00       _stacktrace_methodRVA_to_token_mapping 000000001001de00     ConsoleOS.obj
 0004:000025c0       __ReadyToRunHeader         000000001001e5c0     ConsoleOS.obj
 0004:000025c0       _stacktrace_methodRVA_to_token_mapping_End 000000001001e5c0     ConsoleOS.obj
 0004:000028a0       __readonlydata_g_compilerEmbeddedSettingsBlob 000000001001e8a0     ConsoleOS.obj
 0004:000028a0       g_compilerEmbeddedSettingsBlob 000000001001e8a0     ConsoleOS.obj
 0004:000028a4       __readonlydata_g_requiredCpuFeatures 000000001001e8a4     ConsoleOS.obj
 0004:000028a4       g_requiredCpuFeatures      000000001001e8a4     ConsoleOS.obj
 0004:000028a8       __utf8str_Error            000000001001e8a8     ConsoleOS.obj
 0004:000028b0       ??_7ConsoleOS_System_Collections_Generic_List_1@@6B@ 000000001001e8b0     ConsoleOS.obj
 0004:000028d0       ??_7ConsoleOS_System_Array@@6B@ 000000001001e8d0     ConsoleOS.obj
 0004:00002908       ??_7Boxed_Int32@@6B@       000000001001e908     ConsoleOS.obj
 0004:00002940       ??_7Object@@6B@            000000001001e940     ConsoleOS.obj
 0004:00002978       ??_7String@@6B@            000000001001e978     ConsoleOS.obj
 0004:000029a8       ??_7Boxed_UInt16@@6B@      000000001001e9a8     ConsoleOS.obj
 0004:000029e0       ??_7Boxed_UInt32@@6B@      000000001001e9e0     ConsoleOS.obj
 0004:00002a18       ??_7Boxed_UInt64@@6B@      000000001001ea18     ConsoleOS.obj
 0004:00002a48       ??_7ConsoleOS_System_ValueType@@6B@ 000000001001ea48     ConsoleOS.obj
 0004:00002a80       ??_7ConsoleOS_MOOS_PCIDevice@@6B@ 000000001001ea80     ConsoleOS.obj
 0004:00002ab8       ??_7ConsoleOS_MOOS_Misc_Thread@@6B@ 000000001001eab8     ConsoleOS.obj
 0004:00002af0       ??_7ConsoleOS_MOOS_Graph_Graphics@@6B@ 000000001001eaf0     ConsoleOS.obj
 0004:00002b58       ??_7ConsoleOS_MOOS_FS_Ramdisk@@6B@ 000000001001eb58     ConsoleOS.obj
 0004:00002b98       ??_7ConsoleOS_MOOS_FS_Disk@@6B@ 000000001001eb98     ConsoleOS.obj
 0004:00002bf8       ??_7ConsoleOS_MOOS_FS_FileInfo@@6B@ 000000001001ebf8     ConsoleOS.obj
 0004:00002c30       ??_7ConsoleOS_MOOS_FS_FileSystem@@6B@ 000000001001ec30     ConsoleOS.obj
 0004:00002c78       ??_7ConsoleOS_MOOS_FS_TarFS@@6B@ 000000001001ec78     ConsoleOS.obj
 0004:00002cc0       ??_7ConsoleOS_MOOS_Driver_IDEDevice@@6B@ 000000001001ecc0     ConsoleOS.obj
 0004:00002d08       ??_7ConsoleOS_MOOS_SATA_SATADevice@@6B@ 000000001001ed08     ConsoleOS.obj
 0004:00002d50       ??_7ConsoleOS_MOOS_Misc_Interrupts_INT@@6B@ 000000001001ed50     ConsoleOS.obj
 0004:00002da0       ??_7ConsoleOS_System_Collections_Generic_List_1<UInt8>@@6B@ 000000001001eda0     ConsoleOS.obj
 0004:00002df8       ??_7ConsoleOS_System_Collections_Generic_List_1<ConsoleOS_MOOS_PCIDevice>@@6B@ 000000001001edf8     ConsoleOS.obj
 0004:00002e58       ??_7ConsoleOS_System_Collections_Generic_List_1<ConsoleOS_MOOS_Misc_Thread>@@6B@ 000000001001ee58     ConsoleOS.obj
 0004:00002eb8       ??_7ConsoleOS_System_Collections_Generic_List_1<ConsoleOS_MOOS_FS_FileInfo>@@6B@ 000000001001eeb8     ConsoleOS.obj
 0004:00002f18       ??_7ConsoleOS_System_Collections_Generic_List_1<ConsoleOS_MOOS_Driver_IDEDevice>@@6B@ 000000001001ef18     ConsoleOS.obj
 0004:00002f78       ??_7ConsoleOS_System_Collections_Generic_List_1<ConsoleOS_MOOS_SATA_SATADevice>@@6B@ 000000001001ef78     ConsoleOS.obj
 0004:00002fd8       ??_7ConsoleOS_System_Collections_Generic_List_1<ConsoleOS_MOOS_Misc_Interrupts_INT>@@6B@ 000000001001efd8     ConsoleOS.obj
 0004:00003020       ??_7__Array<UInt8>@@6B@    000000001001f020     ConsoleOS.obj
 0004:00003050       ??_7__Array<Char>@@6B@     000000001001f050     ConsoleOS.obj
 0004:00003080       ??_7__Array<ConsoleOS_System_ConsoleKey>@@6B@ 000000001001f080     ConsoleOS.obj
 0004:000030b0       ??_7__Array<Int32>@@6B@    000000001001f0b0     ConsoleOS.obj
 0004:000030f8       ??_7__Array<Object>@@6B@   000000001001f0f8     ConsoleOS.obj
 0004:00003130       ??_7__Array<UInt32>@@6B@   000000001001f130     ConsoleOS.obj
 0004:00003178       ??_7__Array<ConsoleOS_MOOS_PCIDevice>@@6B@ 000000001001f178     ConsoleOS.obj
 0004:000031c8       ??_7__Array<ConsoleOS_MOOS_Misc_Thread>@@6B@ 000000001001f1c8     ConsoleOS.obj
 0004:00003218       ??_7__Array<ConsoleOS_MOOS_FS_FileInfo>@@6B@ 000000001001f218     ConsoleOS.obj
 0004:00003268       ??_7__Array<ConsoleOS_MOOS_Driver_IDEDevice>@@6B@ 000000001001f268     ConsoleOS.obj
 0004:000032a0       ??_7__Array<ConsoleOS_IDT_IDTEntry>@@6B@ 000000001001f2a0     ConsoleOS.obj
 0004:000032e8       ??_7__Array<ConsoleOS_MOOS_SATA_SATADevice>@@6B@ 000000001001f2e8     ConsoleOS.obj
 0004:00003338       ??_7__Array<ConsoleOS_MOOS_Misc_Interrupts_INT>@@6B@ 000000001001f338     ConsoleOS.obj
 0004:00003370       __readonlydata_ConsoleOS_IDT__intr_handler 000000001001f370     ConsoleOS.obj
 0004:000033b8       __readonlydata_ConsoleOS_MOOS_VMwareTools__vmware_handle_mouse 000000001001f3b8     ConsoleOS.obj
 0004:000033c0       ?__GCSTATICS@ConsoleOS_MOOS_SATA@@__PreInitData 000000001001f3c0     ConsoleOS.obj
 0004:000033e0       __GCStaticEEType_01        000000001001f3e0     ConsoleOS.obj
 0004:00003408       __GCStaticEEType_011       000000001001f408     ConsoleOS.obj
 0004:00003430       __GCStaticEEType_0111      000000001001f430     ConsoleOS.obj
 0004:00003440       ??_7ConsoleOS__Module_@@6B@ 000000001001f440     ConsoleOS.obj
 0004:00003460       ??_7Boxed_UInt8@@6B@       000000001001f460     ConsoleOS.obj
 0004:00003488       ??_7Boxed_Char@@6B@        000000001001f488     ConsoleOS.obj
 0004:000034b0       ??_7Boxed_ConsoleOS_System_ConsoleKey@@6B@ 000000001001f4b0     ConsoleOS.obj
 0004:000034d8       ??_7ConsoleOS_System_Enum@@6B@ 000000001001f4d8     ConsoleOS.obj
 0004:00003500       ??_7Boxed_ConsoleOS_IDT_IDTEntry@@6B@ 000000001001f500     ConsoleOS.obj
 0004:00003528       __GenericInstance_UInt8    000000001001f528     ConsoleOS.obj
 0004:00003538       __GenericInstance_ConsoleOS_MOOS_PCIDevice 000000001001f538     ConsoleOS.obj
 0004:00003548       __GenericInstance_ConsoleOS_MOOS_Misc_Thread 000000001001f548     ConsoleOS.obj
 0004:00003558       __GenericInstance_ConsoleOS_MOOS_FS_FileInfo 000000001001f558     ConsoleOS.obj
 0004:00003568       __GenericInstance_ConsoleOS_MOOS_Driver_IDEDevice 000000001001f568     ConsoleOS.obj
 0004:00003578       __GenericInstance_ConsoleOS_MOOS_SATA_SATADevice 000000001001f578     ConsoleOS.obj
 0004:00003588       __GenericInstance_ConsoleOS_MOOS_Misc_Interrupts_INT 000000001001f588     ConsoleOS.obj
 0004:00003598       __ehinfo_ConsoleOS_Allocator__Free 000000001001f598     ConsoleOS.obj
 0004:0000359e       __ehinfo_ConsoleOS_Allocator__Allocate 000000001001f59e     ConsoleOS.obj
 0004:000035a4       __ehinfo_String__Format    000000001001f5a4     ConsoleOS.obj
 0004:000035aa       __ehinfo_ConsoleOS_Internal_Runtime_CompilerHelpers_ThrowHelpers__Error 000000001001f5aa     ConsoleOS.obj
 0004:000035b0       __ehinfo_ConsoleOS_MOOS_Misc_Thread__Start 000000001001f5b0     ConsoleOS.obj
 0004:000035b6       __ehinfo_ConsoleOS_MOOS_Misc_Thread__Start_0 000000001001f5b6     ConsoleOS.obj
 0004:000035bc       __optionalfields_??_7ConsoleOS_System_Array@@6B@ 000000001001f5bc     ConsoleOS.obj
 0004:000035c2       __optionalfields_??_7Boxed_Int32@@6B@ 000000001001f5c2     ConsoleOS.obj
 0004:000035c4       __optionalfields_??_7Object@@6B@ 000000001001f5c4     ConsoleOS.obj
 0004:000035c7       __optionalfields_??_7Boxed_UInt16@@6B@ 000000001001f5c7     ConsoleOS.obj
 0004:000035c9       __optionalfields_??_7Boxed_UInt32@@6B@ 000000001001f5c9     ConsoleOS.obj
 0004:000035cb       __optionalfields_??_7ConsoleOS_System_ValueType@@6B@ 000000001001f5cb     ConsoleOS.obj
 0004:000035d2       __optionalfields_??_7ConsoleOS_MOOS_PCIDevice@@6B@ 000000001001f5d2     ConsoleOS.obj
 0004:000035d4       __optionalfields_??_7ConsoleOS_MOOS_Misc_Thread@@6B@ 000000001001f5d4     ConsoleOS.obj
 0004:000035d6       __optionalfields_??_7ConsoleOS_MOOS_FS_Disk@@6B@ 000000001001f5d6     ConsoleOS.obj
 0004:000035dd       __optionalfields_??_7ConsoleOS_MOOS_FS_FileInfo@@6B@ 000000001001f5dd     ConsoleOS.obj
 0004:000035df       __optionalfields_??_7ConsoleOS_MOOS_FS_FileSystem@@6B@ 000000001001f5df     ConsoleOS.obj
 0004:000035e6       __optionalfields_??_7ConsoleOS_MOOS_FS_TarFS@@6B@ 000000001001f5e6     ConsoleOS.obj
 0004:000035e9       __optionalfields_??_7ConsoleOS_MOOS_Driver_IDEDevice@@6B@ 000000001001f5e9     ConsoleOS.obj
 0004:000035eb       __optionalfields_??_7ConsoleOS_MOOS_SATA_SATADevice@@6B@ 000000001001f5eb     ConsoleOS.obj
 0004:000035ed       __optionalfields_??_7ConsoleOS_MOOS_Misc_Interrupts_INT@@6B@ 000000001001f5ed     ConsoleOS.obj
 0004:000035ef       __optionalfields_??_7ConsoleOS_System_Collections_Generic_List_1<UInt8>@@6B@ 000000001001f5ef     ConsoleOS.obj
 0004:000035f1       __optionalfields_??_7ConsoleOS_System_Collections_Generic_List_1<ConsoleOS_MOOS_PCIDevice>@@6B@ 000000001001f5f1     ConsoleOS.obj
 0004:000035f3       __optionalfields_??_7ConsoleOS_System_Collections_Generic_List_1<ConsoleOS_MOOS_Misc_Thread>@@6B@ 000000001001f5f3     ConsoleOS.obj
 0004:000035f5       __optionalfields_??_7ConsoleOS_System_Collections_Generic_List_1<ConsoleOS_MOOS_FS_FileInfo>@@6B@ 000000001001f5f5     ConsoleOS.obj
 0004:000035f7       __optionalfields_??_7ConsoleOS_System_Collections_Generic_List_1<ConsoleOS_MOOS_Driver_IDEDevice>@@6B@ 000000001001f5f7     ConsoleOS.obj
 0004:000035f9       __optionalfields_??_7ConsoleOS_System_Collections_Generic_List_1<ConsoleOS_MOOS_SATA_SATADevice>@@6B@ 000000001001f5f9     ConsoleOS.obj
 0004:000035fb       __optionalfields_??_7ConsoleOS_System_Collections_Generic_List_1<ConsoleOS_MOOS_Misc_Interrupts_INT>@@6B@ 000000001001f5fb     ConsoleOS.obj
 0004:000035fd       __optionalfields_??_7Boxed_UInt8@@6B@ 000000001001f5fd     ConsoleOS.obj
 0004:000035ff       __optionalfields_??_7Boxed_Char@@6B@ 000000001001f5ff     ConsoleOS.obj
 0004:00003601       __optionalfields_??_7Boxed_ConsoleOS_System_ConsoleKey@@6B@ 000000001001f601     ConsoleOS.obj
 0004:00003603       __optionalfields_??_7ConsoleOS_System_Enum@@6B@ 000000001001f603     ConsoleOS.obj
 0004:0000360a       __optionalfields_??_7Boxed_ConsoleOS_IDT_IDTEntry@@6B@ 000000001001f60a     ConsoleOS.obj
[...]
 0005:0001b610       ?__GCSTATICS@ConsoleOS_MOOS_PCI@@ 000000001003d610     ConsoleOS.obj
 0005:0001b618       ?__GCSTATICS@ConsoleOS_MOOS_PS2Keyboard@@ 000000001003d618     ConsoleOS.obj
 0005:0001b620       ?__GCSTATICS@ConsoleOS_MOOS_PS2Mouse@@ 000000001003d620     ConsoleOS.obj
 0005:0001b628       ?__GCSTATICS@ConsoleOS_MOOS_SATA@@ 000000001003d628     ConsoleOS.obj
 0005:0001b638       ?__GCSTATICS@ConsoleOS_MOOS_ASC16@@ 000000001003d638     ConsoleOS.obj
 0005:0001b640       ?__GCSTATICS@ConsoleOS_MOOS_Console@@ 000000001003d640     ConsoleOS.obj
 0005:0001b648       ?__GCSTATICS@ConsoleOS_MOOS_Misc_Interrupts@@ 000000001003d648     ConsoleOS.obj
 0005:0001b650       ?__GCSTATICS@ConsoleOS_MOOS_Misc_ThreadPool@@ 000000001003d650     ConsoleOS.obj
 0005:0001b658       ?__GCSTATICS@ConsoleOS_MOOS_FS_Disk@@ 000000001003d658     ConsoleOS.obj
 0005:0001b660       ?__GCSTATICS@ConsoleOS_MOOS_FS_File@@ 000000001003d660     ConsoleOS.obj
 0005:0001b668       ?__GCSTATICS@ConsoleOS_MOOS_Driver_ACPI@@ 000000001003d668     ConsoleOS.obj
 0005:0001b670       ?__GCSTATICS@ConsoleOS_MOOS_Driver_IDE@@ 000000001003d670     ConsoleOS.obj
 0005:0001b678       __module_initializers      000000001003d678     ConsoleOS.obj
 0005:0001b678       __module_initializers_End  000000001003d678     ConsoleOS.obj
 0005:0001b678       __nativemodule_ConsoleOS__Module__Error 000000001003d678     ConsoleOS.obj
 0005:0001b6a0       ?__NONGCSTATICS@ConsoleOS_Allocator@@ 000000001003d6a0     ConsoleOS.obj
 0005:0011b6b0       ?__NONGCSTATICS@ConsoleOS_GDT@@ 000000001013d6b0     ConsoleOS.obj
 0005:0011b74a       ?__NONGCSTATICS@ConsoleOS_IDT@@ 000000001013d74a     ConsoleOS.obj
 0005:0011b758       ?__NONGCSTATICS@ConsoleOS_System_Windows_Forms_Control@@ 000000001013d758     ConsoleOS.obj
 0005:0011b768       ?__NONGCSTATICS@ConsoleOS_MOOS_Framebuffer@@ 000000001013d768     ConsoleOS.obj
 0005:0011b78c       ?__NONGCSTATICS@ConsoleOS_MOOS_Keyboard@@ 000000001013d78c     ConsoleOS.obj
 0005:0011b79c       ?__NONGCSTATICS@ConsoleOS_MOOS_PS2Mouse@@ 000000001013d79c     ConsoleOS.obj
 0005:0011b7b0       ?__NONGCSTATICS@ConsoleOS_MOOS_RTC@@ 000000001013d7b0     ConsoleOS.obj
 0005:0011b7b1       ?__NONGCSTATICS@ConsoleOS_MOOS_VMwareTools@@ 000000001013d7b1     ConsoleOS.obj
 0005:0011b7b2       ?__NONGCSTATICS@ConsoleOS_MOOS_Kbd2Mouse@@ 000000001013d7b2     ConsoleOS.obj
 0005:0011b7b8       ?__NONGCSTATICS@ConsoleOS_MOOS_Console@@ 000000001013d7b8     ConsoleOS.obj
 0005:0011b7c8       ?__NONGCSTATICS@ConsoleOS_MOOS_PageTable@@ 000000001013d7c8     ConsoleOS.obj
 0005:0011b7d0       ?__NONGCSTATICS@ConsoleOS_MOOS_SMP@@ 000000001013d7d0     ConsoleOS.obj
 0005:0011b7d8       ?__NONGCSTATICS@ConsoleOS_MOOS_Misc_Audio@@ 000000001013d7d8     ConsoleOS.obj
 0005:0011b7f0       ?__NONGCSTATICS@ConsoleOS_MOOS_Misc_ThreadPool@@ 000000001013d7f0     ConsoleOS.obj
 0005:0011b810       ?__NONGCSTATICS@ConsoleOS_MOOS_Driver_ACPI@@ 000000001013d810     ConsoleOS.obj
 0005:0011b840       ?__NONGCSTATICS@ConsoleOS_MOOS_Driver_HPET@@ 000000001013d840     ConsoleOS.obj
 0005:0011b848       ?__NONGCSTATICS@ConsoleOS_MOOS_Driver_Timer@@ 000000001013d848     ConsoleOS.obj
 0005:0011b860       __writableDataChar         000000001013d860     ConsoleOS.obj
 0005:0011b868       __writableDataConsoleOS_IDT_IDTEntry 000000001013d868     ConsoleOS.obj
 0005:0011b870       __writableDataConsoleOS_MOOS_Driver_IDEDevice 000000001013d870     ConsoleOS.obj
 0005:0011b878       __writableDataConsoleOS_MOOS_FS_Disk 000000001013d878     ConsoleOS.obj
 0005:0011b880       __writableDataConsoleOS_MOOS_FS_FileInfo 000000001013d880     ConsoleOS.obj
 0005:0011b888       __writableDataConsoleOS_MOOS_FS_FileSystem 000000001013d888     ConsoleOS.obj
 0005:0011b890       __writableDataConsoleOS_MOOS_FS_Ramdisk 000000001013d890     ConsoleOS.obj
 0005:0011b898       __writableDataConsoleOS_MOOS_FS_TarFS 000000001013d898     ConsoleOS.obj
 0005:0011b8a0       __writableDataConsoleOS_MOOS_Graph_Graphics 000000001013d8a0     ConsoleOS.obj
 0005:0011b8a8       __writableDataConsoleOS_MOOS_Misc_Interrupts_INT 000000001013d8a8     ConsoleOS.obj
 0005:0011b8b0       __writableDataConsoleOS_MOOS_Misc_Thread 000000001013d8b0     ConsoleOS.obj
 0005:0011b8b8       __writableDataConsoleOS_MOOS_PCIDevice 000000001013d8b8     ConsoleOS.obj
 0005:0011b8c0       __writableDataConsoleOS_MOOS_SATA_SATADevice 000000001013d8c0     ConsoleOS.obj
 0005:0011b8c8       __writableDataConsoleOS_System_Array 000000001013d8c8     ConsoleOS.obj
 0005:0011b8d0       __writableDataConsoleOS_System_Collections_Generic_List_1 000000001013d8d0     ConsoleOS.obj
 0005:0011b8d8       __writableDataConsoleOS_System_Collections_Generic_List_1<ConsoleOS_MOOS_Driver_IDEDevice> 000000001013d8d8     ConsoleOS.obj
 0005:0011b8e0       __writableDataConsoleOS_System_Collections_Generic_List_1<ConsoleOS_MOOS_FS_FileInfo> 000000001013d8e0     ConsoleOS.obj
 0005:0011b8e8       __writableDataConsoleOS_System_Collections_Generic_List_1<ConsoleOS_MOOS_Misc_Interrupts_INT> 000000001013d8e8     ConsoleOS.obj
 0005:0011b8f0       __writableDataConsoleOS_System_Collections_Generic_List_1<ConsoleOS_MOOS_Misc_Thread> 000000001013d8f0     ConsoleOS.obj
 0005:0011b8f8       __writableDataConsoleOS_System_Collections_Generic_List_1<ConsoleOS_MOOS_PCIDevice> 000000001013d8f8     ConsoleOS.obj
 0005:0011b900       __writableDataConsoleOS_System_Collections_Generic_List_1<ConsoleOS_MOOS_SATA_SATADevice> 000000001013d900     ConsoleOS.obj
 0005:0011b908       __writableDataConsoleOS_System_Collections_Generic_List_1<UInt8> 000000001013d908     ConsoleOS.obj
 0005:0011b910       __writableDataConsoleOS_System_ConsoleKey 000000001013d910     ConsoleOS.obj
 0005:0011b918       __writableDataConsoleOS_System_Enum 000000001013d918     ConsoleOS.obj
 0005:0011b920       __writableDataConsoleOS_System_ValueType 000000001013d920     ConsoleOS.obj
 0005:0011b928       __writableDataConsoleOS__Module_ 000000001013d928     ConsoleOS.obj
 0005:0011b930       __writableDataInt32        000000001013d930     ConsoleOS.obj
 0005:0011b938       __writableDataObject       000000001013d938     ConsoleOS.obj
 0005:0011b940       __writableDataString       000000001013d940     ConsoleOS.obj
 0005:0011b948       __writableDataUInt16       000000001013d948     ConsoleOS.obj
 0005:0011b950       __writableDataUInt32       000000001013d950     ConsoleOS.obj
 0005:0011b958       __writableDataUInt64       000000001013d958     ConsoleOS.obj
 0005:0011b960       __writableDataUInt8        000000001013d960     ConsoleOS.obj
 0005:0011b968       __writableData__Array<Char> 000000001013d968     ConsoleOS.obj
 0005:0011b970       __writableData__Array<ConsoleOS_IDT_IDTEntry> 000000001013d970     ConsoleOS.obj
 0005:0011b978       __writableData__Array<ConsoleOS_MOOS_Driver_IDEDevice> 000000001013d978     ConsoleOS.obj
 0005:0011b980       __writableData__Array<ConsoleOS_MOOS_FS_FileInfo> 000000001013d980     ConsoleOS.obj
 0005:0011b988       __writableData__Array<ConsoleOS_MOOS_Misc_Interrupts_INT> 000000001013d988     ConsoleOS.obj
 0005:0011b990       __writableData__Array<ConsoleOS_MOOS_Misc_Thread> 000000001013d990     ConsoleOS.obj
 0005:0011b998       __writableData__Array<ConsoleOS_MOOS_PCIDevice> 000000001013d998     ConsoleOS.obj
 0005:0011b9a0       __writableData__Array<ConsoleOS_MOOS_SATA_SATADevice> 000000001013d9a0     ConsoleOS.obj
 0005:0011b9a8       __writableData__Array<ConsoleOS_System_ConsoleKey> 000000001013d9a8     ConsoleOS.obj
 0005:0011b9b0       __writableData__Array<Int32> 000000001013d9b0     ConsoleOS.obj
 0005:0011b9b8       __writableData__Array<Object> 000000001013d9b8     ConsoleOS.obj
 0005:0011b9c0       __writableData__Array<UInt32> 000000001013d9c0     ConsoleOS.obj
 0005:0011b9c8       __writableData__Array<UInt8> 000000001013d9c8     ConsoleOS.obj
 0005:0011b9d0       cpuinfo                    000000001013d9d0     <common>
 0007:00000000       __Module                   000000001013f000     ConsoleOS.obj

 entry point at        0003:000062c0

 Static symbols

 0000:00000000       _volmd                     0000000010000000     NativeLib:interrupts.obj
 0001:00002630       $$000000                   0000000010003630     NativeLib:interrupts_asm.obj
 0001:00006b30       $$000000                   0000000010007b30     NativeLib:vmware.obj
 0001:00006cc0       $$000000                   0000000010007cc0     NativeLib:misc.obj
 0004:0000590c       $unwind$avx_memcpy         000000001002190c     NativeLib:mem.obj
 0004:0000591c       $unwind$Movsb              000000001002191c     NativeLib:mem.obj
 0004:0000592c       $unwind$Movsd              000000001002192c     NativeLib:mem.obj
 0004:0000593c       $unwind$Stosb              000000001002193c     NativeLib:mem.obj
 0004:00005948       $unwind$Stosd              0000000010021948     NativeLib:mem.obj
 0004:00005954       $unwind$Load_GDT           0000000010021954     NativeLib:interrupts.obj
 0004:00005960       $unwind$idt_set            0000000010021960     NativeLib:interrupts.obj
 0004:0000596c       $unwind$set_idt_entries    000000001002196c     NativeLib:interrupts.obj
 0004:00005978       $unwind$Nop                0000000010021978     NativeLib:native.obj
 0004:00005984       $unwind$CPUID              0000000010021984     NativeLib:native.obj
 0004:00005990       $unwind$Fxsave64           0000000010021990     NativeLib:native.obj
 0004:0000599c       $unwind$Rdmsr              000000001002199c     NativeLib:native.obj
 0004:000059a8       $unwind$Wrmsr              00000000100219a8     NativeLib:native.obj
 0004:000059b4       $unwind$Rdtsc              00000000100219b4     NativeLib:native.obj
 0004:000059c0       $unwind$Fxrstor64          00000000100219c0     NativeLib:native.obj
 0004:000059cc       $unwind$Invlpg             00000000100219cc     NativeLib:native.obj
 0004:000059d8       $unwind$WriteCR3           00000000100219d8     NativeLib:native.obj
 0004:000059e4       $unwind$ReadCR2            00000000100219e4     NativeLib:native.obj
 0004:000059f0       $unwind$Hlt                00000000100219f0     NativeLib:native.obj
 0004:000059fc       $unwind$Cli                00000000100219fc     NativeLib:native.obj
 0004:00005a08       $unwind$Sti                0000000010021a08     NativeLib:native.obj
 0004:00005a14       $unwind$Out8               0000000010021a14     NativeLib:io.obj
 0004:00005a20       $unwind$Out16              0000000010021a20     NativeLib:io.obj
 0004:00005a2c       $unwind$Out32              0000000010021a2c     NativeLib:io.obj
 0004:00005a38       $unwind$In8                0000000010021a38     NativeLib:io.obj
 0004:00005a44       $unwind$In16               0000000010021a44     NativeLib:io.obj
 0004:00005a50       $unwind$In32               0000000010021a50     NativeLib:io.obj
 0004:00005a5c       $unwind$Insd               0000000010021a5c     NativeLib:io.obj
 0004:00005a68       $unwind$Insw               0000000010021a68     NativeLib:io.obj
 0004:00005a74       $unwind$Insb               0000000010021a74     NativeLib:io.obj
 0004:00005a80       $unwind$Outsd              0000000010021a80     NativeLib:io.obj
 0004:00005a8c       $unwind$Outsw              0000000010021a8c     NativeLib:io.obj
 0004:00005a98       $unwind$Outsb              0000000010021a98     NativeLib:io.obj
 0004:00005aa4       $unwind$mystrtoul          0000000010021aa4     LibC:strtoul.obj
 0004:00005ab0       $unwind$myisspace          0000000010021ab0     LibC:isspace.obj
 0004:00005abc       $unwind$myisdigit          0000000010021abc     LibC:isdigit.obj
 0004:00005ac8       $unwind$myisalpha          0000000010021ac8     LibC:isalpha.obj
 0004:00005ad4       $unwind$myisupper          0000000010021ad4     LibC:isupper.obj
 0008:00000000       __D359774B_concurrencysal@h 0000000010140000     NativeLib:mem.obj
 0008:00000001       __0E7B27E3_sal@h           0000000010140001     NativeLib:mem.obj
 0008:00000002       __C320D00B_vadefs@h        0000000010140002     NativeLib:mem.obj
 0008:00000003       __E4023321_vcruntime@h     0000000010140003     NativeLib:mem.obj
 0008:00000004       __93E65AE6_intrin0@inl@h   0000000010140004     NativeLib:mem.obj
 0008:00000005       __2B4E566E_setjmp@h        0000000010140005     NativeLib:mem.obj
 0008:00000006       __FC01764F_mmintrin@h      0000000010140006     NativeLib:mem.obj
 0008:00000007       __1B0272D9_corecrt@h       0000000010140007     NativeLib:mem.obj
 0008:00000008       __45DED006_corecrt_malloc@h 0000000010140008     NativeLib:mem.obj
 0008:00000009       __FA77ED4C_malloc@h        0000000010140009     NativeLib:mem.obj
 0008:0000000a       __64D75F75_xmmintrin@h     000000001014000a     NativeLib:mem.obj
 0008:0000000b       __01B5D6B9_emmintrin@h     000000001014000b     NativeLib:mem.obj
 0008:0000000c       __DE14BE30_pmmintrin@h     000000001014000c     NativeLib:mem.obj
 0008:0000000d       __6ECDCDB2_tmmintrin@h     000000001014000d     NativeLib:mem.obj
 0008:0000000e       __47F6D831_smmintrin@h     000000001014000e     NativeLib:mem.obj
 0008:0000000f       __229451FD_nmmintrin@h     000000001014000f     NativeLib:mem.obj
 0008:00000010       __F72FABB3_wmmintrin@h     0000000010140010     NativeLib:mem.obj
 0008:00000011       __3CBBE6B4_zmmintrin@h     0000000010140011     NativeLib:mem.obj
 0008:00000012       __0BAF447E_immintrin@h     0000000010140012     NativeLib:mem.obj
 0008:00000013       __B16CA53B_ammintrin@h     0000000010140013     NativeLib:mem.obj
 0008:00000014       __0D78EA19_intrin@h        0000000010140014     NativeLib:mem.obj
 0008:00000015       __26526C72_mem@cpp         0000000010140015     NativeLib:mem.obj
 0008:00000016       __D359774B_concurrencysal@h 0000000010140016     NativeLib:interrupts.obj
 0008:00000017       __0E7B27E3_sal@h           0000000010140017     NativeLib:interrupts.obj
 0008:00000018       __C320D00B_vadefs@h        0000000010140018     NativeLib:interrupts.obj
 0008:00000019       __E4023321_vcruntime@h     0000000010140019     NativeLib:interrupts.obj
 0008:0000001a       __BB2DBE6D_stdint@h        000000001014001a     NativeLib:interrupts.obj
 0008:0000001b       __93E65AE6_intrin0@inl@h   000000001014001b     NativeLib:interrupts.obj
 0008:0000001c       __2B4E566E_setjmp@h        000000001014001c     NativeLib:interrupts.obj
 0008:0000001d       __FC01764F_mmintrin@h      000000001014001d     NativeLib:interrupts.obj
 0008:0000001e       __1B0272D9_corecrt@h       000000001014001e     NativeLib:interrupts.obj
 0008:0000001f       __45DED006_corecrt_malloc@h 000000001014001f     NativeLib:interrupts.obj
 0008:00000020       __FA77ED4C_malloc@h        0000000010140020     NativeLib:interrupts.obj
 0008:00000021       __64D75F75_xmmintrin@h     0000000010140021     NativeLib:interrupts.obj
 0008:00000022       __01B5D6B9_emmintrin@h     0000000010140022     NativeLib:interrupts.obj
 0008:00000023       __DE14BE30_pmmintrin@h     0000000010140023     NativeLib:interrupts.obj
 0008:00000024       __6ECDCDB2_tmmintrin@h     0000000010140024     NativeLib:interrupts.obj
 0008:00000025       __47F6D831_smmintrin@h     0000000010140025     NativeLib:interrupts.obj
 0008:00000026       __229451FD_nmmintrin@h     0000000010140026     NativeLib:interrupts.obj
 0008:00000027       __F72FABB3_wmmintrin@h     0000000010140027     NativeLib:interrupts.obj
 0008:00000028       __3CBBE6B4_zmmintrin@h     0000000010140028     NativeLib:interrupts.obj
 0008:00000029       __0BAF447E_immintrin@h     0000000010140029     NativeLib:interrupts.obj
 0008:0000002a       __B16CA53B_ammintrin@h     000000001014002a     NativeLib:interrupts.obj
 0008:0000002b       __0D78EA19_intrin@h        000000001014002b     NativeLib:interrupts.obj
 0008:0000002c       __4063777D_interrupts@cpp  000000001014002c     NativeLib:interrupts.obj
 0008:0000002d       __D359774B_concurrencysal@h 000000001014002d     NativeLib:native.obj
 0008:0000002e       __0E7B27E3_sal@h           000000001014002e     NativeLib:native.obj
 0008:0000002f       __C320D00B_vadefs@h        000000001014002f     NativeLib:native.obj
 0008:00000030       __E4023321_vcruntime@h     0000000010140030     NativeLib:native.obj
 0008:00000031       __93E65AE6_intrin0@inl@h   0000000010140031     NativeLib:native.obj
 0008:00000032       __2B4E566E_setjmp@h        0000000010140032     NativeLib:native.obj
 0008:00000033       __FC01764F_mmintrin@h      0000000010140033     NativeLib:native.obj
 0008:00000034       __1B0272D9_corecrt@h       0000000010140034     NativeLib:native.obj
 0008:00000035       __45DED006_corecrt_malloc@h 0000000010140035     NativeLib:native.obj
 0008:00000036       __FA77ED4C_malloc@h        0000000010140036     NativeLib:native.obj
 0008:00000037       __64D75F75_xmmintrin@h     0000000010140037     NativeLib:native.obj
 0008:00000038       __01B5D6B9_emmintrin@h     0000000010140038     NativeLib:native.obj
 0008:00000039       __DE14BE30_pmmintrin@h     0000000010140039     NativeLib:native.obj
 0008:0000003a       __6ECDCDB2_tmmintrin@h     000000001014003a     NativeLib:native.obj
 0008:0000003b       __47F6D831_smmintrin@h     000000001014003b     NativeLib:native.obj
 0008:0000003c       __229451FD_nmmintrin@h     000000001014003c     NativeLib:native.obj
 0008:0000003d       __F72FABB3_wmmintrin@h     000000001014003d     NativeLib:native.obj
 0008:0000003e       __3CBBE6B4_zmmintrin@h     000000001014003e     NativeLib:native.obj
 0008:0000003f       __0BAF447E_immintrin@h     000000001014003f     NativeLib:native.obj
 0008:00000040       __B16CA53B_ammintrin@h     0000000010140040     NativeLib:native.obj
 0008:00000041       __0D78EA19_intrin@h        0000000010140041     NativeLib:native.obj
 0008:00000042       __AAB9AD6B_native@cpp      0000000010140042     NativeLib:native.obj
 0008:00000043       __D359774B_concurrencysal@h 0000000010140043     NativeLib:io.obj
 0008:00000044       __0E7B27E3_sal@h           0000000010140044     NativeLib:io.obj
 0008:00000045       __C320D00B_vadefs@h        0000000010140045     NativeLib:io.obj
 0008:00000046       __E4023321_vcruntime@h     0000000010140046     NativeLib:io.obj
 0008:00000047       __93E65AE6_intrin0@inl@h   0000000010140047     NativeLib:io.obj
 0008:00000048       __2B4E566E_setjmp@h        0000000010140048     NativeLib:io.obj
 0008:00000049       __FC01764F_mmintrin@h      0000000010140049     NativeLib:io.obj
 0008:0000004a       __1B0272D9_corecrt@h       000000001014004a     NativeLib:io.obj
 0008:0000004b       __45DED006_corecrt_malloc@h 000000001014004b     NativeLib:io.obj
 0008:0000004c       __FA77ED4C_malloc@h        000000001014004c     NativeLib:io.obj
 0008:0000004d       __64D75F75_xmmintrin@h     000000001014004d     NativeLib:io.obj
 0008:0000004e       __01B5D6B9_emmintrin@h     000000001014004e     NativeLib:io.obj
 0008:0000004f       __DE14BE30_pmmintrin@h     000000001014004f     NativeLib:io.obj
 0008:00000050       __6ECDCDB2_tmmintrin@h     0000000010140050     NativeLib:io.obj
 0008:00000051       __47F6D831_smmintrin@h     0000000010140051     NativeLib:io.obj
 0008:00000052       __229451FD_nmmintrin@h     0000000010140052     NativeLib:io.obj
 0008:00000053       __F72FABB3_wmmintrin@h     0000000010140053     NativeLib:io.obj
 0008:00000054       __3CBBE6B4_zmmintrin@h     0000000010140054     NativeLib:io.obj
 0008:00000055       __0BAF447E_immintrin@h     0000000010140055     NativeLib:io.obj
 0008:00000056       __B16CA53B_ammintrin@h     0000000010140056     NativeLib:io.obj
 0008:00000057       __0D78EA19_intrin@h        0000000010140057     NativeLib:io.obj
 0008:00000058       __CA712C25_io@cpp          0000000010140058     NativeLib:io.obj
 0009:000000a0       $R000000                   00000000101410a0     ConsoleOS.res
 0009:000002f0       $R000250                   00000000101412f0     ConsoleOS.res
