 MOOS

 Timestamp is 65c109b8 (Mon Feb  5 10:15:52 2024)

 Preferred load address is 0000000010000000

 Start         Length     Name                   Class
 0001:00000000 00000220H .text                   CODE
 0001:00000220 00020751H .text$mn                CODE
 0002:00000000 00000039H .unbox$M                CODE
 0003:00000000 0001cd8cH .managedcode$I          CODE
 0004:00000000 00007d00H .rdata                  DATA
 0004:00007d00 00000034H .rdata$voltmd           DATA
 0004:00007d34 000001a8H .rdata$zzzdbg           DATA
 0004:00007edc 00004c88H .xdata                  DATA
 0004:0000cb64 00000000H .edata                  DATA
 0005:00000000 0001dcb0H .data                   DATA
 0005:0001dcb0 00100590H .bss                    DATA
 0006:00000000 0000213cH .pdata                  DATA
 0007:00000000 00000008H .modules$I              DATA
 0008:00000000 0000006eH .msvcjmc                DATA
 0009:00000000 000000a0H .rsrc$01                DATA
 0009:000000a0 00000430H .rsrc$02                DATA

  Address         Publics by Value              Rva+Base               Lib:Object

 0000:00000000       __AbsoluteZero             0000000000000000     <absolute>
 0000:00000000       ___safe_se_handler_count   0000000000000000     <absolute>
 0000:00000000       ___safe_se_handler_table   0000000000000000     <absolute>
 0000:00000000       __arm64x_extra_rfe_table   0000000000000000     <absolute>
 0000:00000000       __arm64x_extra_rfe_table_size 0000000000000000     <absolute>
 0000:00000000       __arm64x_native_entrypoint 0000000000000000     <absolute>
 0000:00000000       __arm64x_redirection_metadata 0000000000000000     <absolute>
 0000:00000000       __arm64x_redirection_metadata_count 0000000000000000     <absolute>
 0000:00000000       __dynamic_value_reloc_table 0000000000000000     <absolute>
 0000:00000000       __enclave_config           0000000000000000     <absolute>
 0000:00000000       __guard_check_icall_a64n_fptr 0000000000000000     <absolute>
 0000:00000000       __guard_eh_cont_count      0000000000000000     <absolute>
 0000:00000000       __guard_eh_cont_table      0000000000000000     <absolute>
 0000:00000000       __guard_fids_count         0000000000000000     <absolute>
 0000:00000000       __guard_fids_table         0000000000000000     <absolute>
 0000:00000000       __guard_iat_count          0000000000000000     <absolute>
 0000:00000000       __guard_iat_table          0000000000000000     <absolute>
 0000:00000000       __guard_longjmp_count      0000000000000000     <absolute>
 0000:00000000       __guard_longjmp_table      0000000000000000     <absolute>
 0000:00000000       __hybrid_auxiliary_delayload_iat 0000000000000000     <absolute>
 0000:00000000       __hybrid_auxiliary_delayload_iat_copy 0000000000000000     <absolute>
 0000:00000000       __hybrid_auxiliary_iat     0000000000000000     <absolute>
 0000:00000000       __hybrid_auxiliary_iat_copy 0000000000000000     <absolute>
 0000:00000000       __hybrid_code_map          0000000000000000     <absolute>
 0000:00000000       __hybrid_code_map_count    0000000000000000     <absolute>
 0000:00000000       __hybrid_image_info_bitfield 0000000000000000     <absolute>
 0000:00000000       __x64_code_ranges_to_entry_points 0000000000000000     <absolute>
 0000:00000000       __x64_code_ranges_to_entry_points_count 0000000000000000     <absolute>
 0000:00000100       __guard_flags              0000000000000100     <absolute>
 0000:00000000       __ImageBase                0000000010000000     <linker-defined>
 0001:00000000       __GetNonGCStaticBase_MOOS_Program 0000000010001000     MOOS.obj
 0001:00000008       __GetNonGCStaticBase_MOOS_Allocator 0000000010001008     MOOS.obj
 0001:00000010       __GetNonGCStaticBase_MOOS_GDT 0000000010001010     MOOS.obj
 0001:00000018       __GetNonGCStaticBase_MOOS_IDT 0000000010001018     MOOS.obj
 0001:00000020       __GetNonGCStaticBase_MOOS_System_Windows_Forms_Control 0000000010001020     MOOS.obj
 0001:00000028       __GetNonGCStaticBase_MOOS_MOOS_AC97 0000000010001028     MOOS.obj
 0001:00000030       __GetNonGCStaticBase_MOOS_MOOS_ES1371 0000000010001030     MOOS.obj
 0001:00000038       __GetNonGCStaticBase_MOOS_MOOS_Framebuffer 0000000010001038     MOOS.obj
 0001:00000040       __GetNonGCStaticBase_MOOS_MOOS_Keyboard 0000000010001040     MOOS.obj
 0001:00000048       __GetNonGCStaticBase_MOOS_MOOS_PS2Mouse 0000000010001048     MOOS.obj
 0001:00000050       __GetNonGCStaticBase_MOOS_MOOS_RTC 0000000010001050     MOOS.obj
 0001:00000058       __GetNonGCStaticBase_MOOS_MOOS_SATA 0000000010001058     MOOS.obj
 0001:00000060       __GetNonGCStaticBase_MOOS_MOOS_VMwareTools 0000000010001060     MOOS.obj
 0001:00000068       __GetNonGCStaticBase_MOOS_MOOS_Kbd2Mouse 0000000010001068     MOOS.obj
 0001:00000070       __GetNonGCStaticBase_MOOS_MOOS_Console 0000000010001070     MOOS.obj
 0001:00000078       __GetNonGCStaticBase_MOOS_MOOS_FPSMeter 0000000010001078     MOOS.obj
 0001:00000080       __GetNonGCStaticBase_MOOS_MOOS_PageTable 0000000010001080     MOOS.obj
 0001:00000088       __GetNonGCStaticBase_MOOS_MOOS_SMP 0000000010001088     MOOS.obj
 0001:00000090       __GetNonGCStaticBase_MOOS_MOOS_Misc_Audio 0000000010001090     MOOS.obj
 0001:00000098       __GetNonGCStaticBase_MOOS_MOOS_Misc_ThreadPool 0000000010001098     MOOS.obj
 0001:000000a0       __GetNonGCStaticBase_MOOS_MOOS_Misc_USB 00000000100010a0     MOOS.obj
 0001:000000a8       __GetNonGCStaticBase_MOOS_MOOS_Driver_ACPI 00000000100010a8     MOOS.obj
 0001:000000b0       __GetNonGCStaticBase_MOOS_MOOS_Driver_EHCI 00000000100010b0     MOOS.obj
 0001:000000b8       __GetNonGCStaticBase_MOOS_MOOS_Driver_HID 00000000100010b8     MOOS.obj
 0001:000000c0       __GetNonGCStaticBase_MOOS_MOOS_Driver_HPET 00000000100010c0     MOOS.obj
 0001:000000c8       __GetNonGCStaticBase_MOOS_MOOS_Driver_Hub 00000000100010c8     MOOS.obj
 0001:000000d0       __GetNonGCStaticBase_MOOS_MOOS_Driver_Timer 00000000100010d0     MOOS.obj
 0001:000000d8       __GetNonGCStaticBase_MOOS_MOOS_GUI_Desktop 00000000100010d8     MOOS.obj
 0001:000000e0       __GetNonGCStaticBase_MOOS_MOOS_GUI_WAVPlayer 00000000100010e0     MOOS.obj
 0001:000000e8       __GetNonGCStaticBase_MOOS_MOOS_GUI_WindowManager 00000000100010e8     MOOS.obj
 0001:000000f0       __GetGCStaticBase_MOOS_Program 00000000100010f0     MOOS.obj
 0001:000000fb       __GetGCStaticBase_MOOS_IDT 00000000100010fb     MOOS.obj
 0001:00000106       __GetGCStaticBase_MOOS_System_DateTime 0000000010001106     MOOS.obj
 0001:00000111       __GetGCStaticBase_MOOS_MOOS_Animator 0000000010001111     MOOS.obj
 0001:0000011c       __GetGCStaticBase_MOOS_MOOS_Framebuffer 000000001000111c     MOOS.obj
 0001:00000127       __GetGCStaticBase_MOOS_MOOS_Keyboard 0000000010001127     MOOS.obj
 0001:00000132       __GetGCStaticBase_MOOS_MOOS_PCI 0000000010001132     MOOS.obj
 0001:0000013d       __GetGCStaticBase_MOOS_MOOS_PS2Keyboard 000000001000113d     MOOS.obj
 0001:00000148       __GetGCStaticBase_MOOS_MOOS_PS2Mouse 0000000010001148     MOOS.obj
 0001:00000153       __GetGCStaticBase_MOOS_MOOS_SATA 0000000010001153     MOOS.obj
 0001:0000015e       __GetGCStaticBase_MOOS_MOOS_ASC16 000000001000115e     MOOS.obj
 0001:00000169       __GetGCStaticBase_MOOS_MOOS_Console 0000000010001169     MOOS.obj
 0001:00000174       __GetGCStaticBase_MOOS_MOOS_Misc_BitFont 0000000010001174     MOOS.obj
 0001:0000017f       __GetGCStaticBase_MOOS_MOOS_Misc_Interrupts 000000001000117f     MOOS.obj
 0001:0000018a       __GetGCStaticBase_MOOS_MOOS_Misc_ThreadPool 000000001000118a     MOOS.obj
 0001:00000195       __GetGCStaticBase_MOOS_MOOS_FS_Disk 0000000010001195     MOOS.obj
 0001:000001a0       __GetGCStaticBase_MOOS_MOOS_FS_File 00000000100011a0     MOOS.obj
 0001:000001ab       __GetGCStaticBase_MOOS_MOOS_Driver_ACPI 00000000100011ab     MOOS.obj
 0001:000001b6       __GetGCStaticBase_MOOS_MOOS_Driver_HID 00000000100011b6     MOOS.obj
 0001:000001c1       __GetGCStaticBase_MOOS_MOOS_Driver_IDE 00000000100011c1     MOOS.obj
 0001:000001cc       __GetGCStaticBase_MOOS_MOOS_GUI_Clock 00000000100011cc     MOOS.obj
 0001:000001d7       __GetGCStaticBase_MOOS_MOOS_GUI_Desktop 00000000100011d7     MOOS.obj
 0001:000001e2       __GetGCStaticBase_MOOS_MOOS_GUI_NotificationManager 00000000100011e2     MOOS.obj
 0001:000001ed       __GetGCStaticBase_MOOS_MOOS_GUI_WAVPlayer 00000000100011ed     MOOS.obj
 0001:000001f8       __GetGCStaticBase_MOOS_MOOS_GUI_WindowManager 00000000100011f8     MOOS.obj
 0001:00000203       __DelegateCtor_MOOS_System_Delegate__InitializeClosedInstance__MOOS_MOOS_GUI_FConsole__PS2Keyboard_OnKeyChanged 0000000010001203     MOOS.obj
 0001:0000020f       __DelegateCtor_MOOS_System_Delegate__InitializeClosedInstance__MOOS_MOOS_GUI_FConsole__Console_OnWrite 000000001000120f     MOOS.obj
 0001:00000220       Movsb                      0000000010001220 f   NativeLib:mem.obj
 0001:00000260       Movsd                      0000000010001260 f   NativeLib:mem.obj
 0001:000002a0       Stosb                      00000000100012a0 f   NativeLib:mem.obj
 0001:000002f0       Stosd                      00000000100012f0 f   NativeLib:mem.obj
 0001:00000340       __JustMyCode_Default       0000000010001340 f i NativeLib:mem.obj
 0001:00000350       avx_memcpy                 0000000010001350 f   NativeLib:mem.obj
 0001:00000450       Load_GDT                   0000000010001450 f   NativeLib:interrupts.obj
 0001:00000480       idt_set                    0000000010001480 f   NativeLib:interrupts.obj
 0001:00000560       set_idt_entries            0000000010001560 f   NativeLib:interrupts.obj
 0001:00002480       CPUID                      0000000010003480 f   NativeLib:native.obj
 0001:000024d0       Cli                        00000000100034d0 f   NativeLib:native.obj
 0001:00002500       Fxrstor64                  0000000010003500 f   NativeLib:native.obj
 0001:00002530       Fxsave64                   0000000010003530 f   NativeLib:native.obj
 0001:00002560       Hlt                        0000000010003560 f   NativeLib:native.obj
 0001:00002590       Invlpg                     0000000010003590 f   NativeLib:native.obj
 0001:000025c0       Nop                        00000000100035c0 f   NativeLib:native.obj
 0001:000025e0       Rdmsr                      00000000100035e0 f   NativeLib:native.obj
 0001:00002610       Rdtsc                      0000000010003610 f   NativeLib:native.obj
 0001:00002640       ReadCR2                    0000000010003640 f   NativeLib:native.obj
 0001:00002660       Sti                        0000000010003660 f   NativeLib:native.obj
 0001:00002690       WriteCR3                   0000000010003690 f   NativeLib:native.obj
 0001:000026c0       Wrmsr                      00000000100036c0 f   NativeLib:native.obj
 0001:00002700       intr0                      0000000010003700 f   NativeLib:interrupts_asm.obj
 0001:00002742       intr1                      0000000010003742 f   NativeLib:interrupts_asm.obj
 0001:00002784       intr2                      0000000010003784 f   NativeLib:interrupts_asm.obj
 0001:000027c6       intr3                      00000000100037c6 f   NativeLib:interrupts_asm.obj
 0001:00002808       intr4                      0000000010003808 f   NativeLib:interrupts_asm.obj
 0001:0000284a       intr5                      000000001000384a f   NativeLib:interrupts_asm.obj
 0001:0000288c       intr6                      000000001000388c f   NativeLib:interrupts_asm.obj
 0001:000028ce       intr7                      00000000100038ce f   NativeLib:interrupts_asm.obj
 0001:00002910       intr8                      0000000010003910 f   NativeLib:interrupts_asm.obj
 0001:00002952       intr9                      0000000010003952 f   NativeLib:interrupts_asm.obj
 0001:00002994       intr10                     0000000010003994 f   NativeLib:interrupts_asm.obj
 0001:000029d6       intr11                     00000000100039d6 f   NativeLib:interrupts_asm.obj
 0001:00002a18       intr12                     0000000010003a18 f   NativeLib:interrupts_asm.obj
 0001:00002a5a       intr13                     0000000010003a5a f   NativeLib:interrupts_asm.obj
 0001:00002a9c       intr14                     0000000010003a9c f   NativeLib:interrupts_asm.obj
 0001:00002ade       intr15                     0000000010003ade f   NativeLib:interrupts_asm.obj
 0001:00002b20       intr16                     0000000010003b20 f   NativeLib:interrupts_asm.obj
 0001:00002b62       intr17                     0000000010003b62 f   NativeLib:interrupts_asm.obj
 0001:00002ba4       intr18                     0000000010003ba4 f   NativeLib:interrupts_asm.obj
 0001:00002be6       intr19                     0000000010003be6 f   NativeLib:interrupts_asm.obj
 0001:00002c28       intr20                     0000000010003c28 f   NativeLib:interrupts_asm.obj
 0001:00002c6a       intr21                     0000000010003c6a f   NativeLib:interrupts_asm.obj
 0001:00002cac       intr22                     0000000010003cac f   NativeLib:interrupts_asm.obj
 0001:00002cee       intr23                     0000000010003cee f   NativeLib:interrupts_asm.obj
 0001:00002d30       intr24                     0000000010003d30 f   NativeLib:interrupts_asm.obj
 0001:00002d72       intr25                     0000000010003d72 f   NativeLib:interrupts_asm.obj
 0001:00002db4       intr26                     0000000010003db4 f   NativeLib:interrupts_asm.obj
 0001:00002df6       intr27                     0000000010003df6 f   NativeLib:interrupts_asm.obj
 0001:00002e38       intr28                     0000000010003e38 f   NativeLib:interrupts_asm.obj
 0001:00002e7a       intr29                     0000000010003e7a f   NativeLib:interrupts_asm.obj
 0001:00002ebc       intr30                     0000000010003ebc f   NativeLib:interrupts_asm.obj
 0001:00002efe       intr31                     0000000010003efe f   NativeLib:interrupts_asm.obj
 0001:00002f40       intr32                     0000000010003f40 f   NativeLib:interrupts_asm.obj
 0001:00002f82       intr33                     0000000010003f82 f   NativeLib:interrupts_asm.obj
 0001:00002fc4       intr34                     0000000010003fc4 f   NativeLib:interrupts_asm.obj
 0001:00003006       intr35                     0000000010004006 f   NativeLib:interrupts_asm.obj
 0001:00003048       intr36                     0000000010004048 f   NativeLib:interrupts_asm.obj
 0001:0000308a       intr37                     000000001000408a f   NativeLib:interrupts_asm.obj
 0001:000030cc       intr38                     00000000100040cc f   NativeLib:interrupts_asm.obj
 0001:0000310e       intr39                     000000001000410e f   NativeLib:interrupts_asm.obj
 0001:00003150       intr40                     0000000010004150 f   NativeLib:interrupts_asm.obj
 0001:00003192       intr41                     0000000010004192 f   NativeLib:interrupts_asm.obj
 0001:000031d4       intr42                     00000000100041d4 f   NativeLib:interrupts_asm.obj
 0001:00003216       intr43                     0000000010004216 f   NativeLib:interrupts_asm.obj
 0001:00003258       intr44                     0000000010004258 f   NativeLib:interrupts_asm.obj
 0001:0000329a       intr45                     000000001000429a f   NativeLib:interrupts_asm.obj
 0001:000032dc       intr46                     00000000100042dc f   NativeLib:interrupts_asm.obj
 0001:0000331e       intr47                     000000001000431e f   NativeLib:interrupts_asm.obj
 0001:00003360       intr48                     0000000010004360 f   NativeLib:interrupts_asm.obj
 0001:000033a2       intr49                     00000000100043a2 f   NativeLib:interrupts_asm.obj
 0001:000033e4       intr50                     00000000100043e4 f   NativeLib:interrupts_asm.obj
 0001:00003426       intr51                     0000000010004426 f   NativeLib:interrupts_asm.obj
 0001:00003468       intr52                     0000000010004468 f   NativeLib:interrupts_asm.obj
 0001:000034aa       intr53                     00000000100044aa f   NativeLib:interrupts_asm.obj
 0001:000034ec       intr54                     00000000100044ec f   NativeLib:interrupts_asm.obj
 0001:0000352e       intr55                     000000001000452e f   NativeLib:interrupts_asm.obj
 0001:00003570       intr56                     0000000010004570 f   NativeLib:interrupts_asm.obj
 0001:000035b2       intr57                     00000000100045b2 f   NativeLib:interrupts_asm.obj
 0001:000035f4       intr58                     00000000100045f4 f   NativeLib:interrupts_asm.obj
 0001:00003636       intr59                     0000000010004636 f   NativeLib:interrupts_asm.obj
 0001:00003678       intr60                     0000000010004678 f   NativeLib:interrupts_asm.obj
 0001:000036ba       intr61                     00000000100046ba f   NativeLib:interrupts_asm.obj
 0001:000036fc       intr62                     00000000100046fc f   NativeLib:interrupts_asm.obj
 0001:0000373e       intr63                     000000001000473e f   NativeLib:interrupts_asm.obj
 0001:00003780       intr64                     0000000010004780 f   NativeLib:interrupts_asm.obj
 0001:000037c2       intr65                     00000000100047c2 f   NativeLib:interrupts_asm.obj
 0001:00003804       intr66                     0000000010004804 f   NativeLib:interrupts_asm.obj
 0001:00003846       intr67                     0000000010004846 f   NativeLib:interrupts_asm.obj
 0001:00003888       intr68                     0000000010004888 f   NativeLib:interrupts_asm.obj
 0001:000038ca       intr69                     00000000100048ca f   NativeLib:interrupts_asm.obj
 0001:0000390c       intr70                     000000001000490c f   NativeLib:interrupts_asm.obj
 0001:0000394e       intr71                     000000001000494e f   NativeLib:interrupts_asm.obj
 0001:00003990       intr72                     0000000010004990 f   NativeLib:interrupts_asm.obj
 0001:000039d2       intr73                     00000000100049d2 f   NativeLib:interrupts_asm.obj
 0001:00003a14       intr74                     0000000010004a14 f   NativeLib:interrupts_asm.obj
 0001:00003a56       intr75                     0000000010004a56 f   NativeLib:interrupts_asm.obj
 0001:00003a98       intr76                     0000000010004a98 f   NativeLib:interrupts_asm.obj
 0001:00003ada       intr77                     0000000010004ada f   NativeLib:interrupts_asm.obj
 0001:00003b1c       intr78                     0000000010004b1c f   NativeLib:interrupts_asm.obj
 0001:00003b5e       intr79                     0000000010004b5e f   NativeLib:interrupts_asm.obj
 0001:00003ba0       intr80                     0000000010004ba0 f   NativeLib:interrupts_asm.obj
 0001:00003be2       intr81                     0000000010004be2 f   NativeLib:interrupts_asm.obj
 0001:00003c24       intr82                     0000000010004c24 f   NativeLib:interrupts_asm.obj
 0001:00003c66       intr83                     0000000010004c66 f   NativeLib:interrupts_asm.obj
 0001:00003ca8       intr84                     0000000010004ca8 f   NativeLib:interrupts_asm.obj
 0001:00003cea       intr85                     0000000010004cea f   NativeLib:interrupts_asm.obj
 0001:00003d2c       intr86                     0000000010004d2c f   NativeLib:interrupts_asm.obj
 0001:00003d6e       intr87                     0000000010004d6e f   NativeLib:interrupts_asm.obj
 0001:00003db0       intr88                     0000000010004db0 f   NativeLib:interrupts_asm.obj
 0001:00003df2       intr89                     0000000010004df2 f   NativeLib:interrupts_asm.obj
 0001:00003e34       intr90                     0000000010004e34 f   NativeLib:interrupts_asm.obj
 0001:00003e76       intr91                     0000000010004e76 f   NativeLib:interrupts_asm.obj
 0001:00003eb8       intr92                     0000000010004eb8 f   NativeLib:interrupts_asm.obj
 0001:00003efa       intr93                     0000000010004efa f   NativeLib:interrupts_asm.obj
 0001:00003f3c       intr94                     0000000010004f3c f   NativeLib:interrupts_asm.obj
 0001:00003f7e       intr95                     0000000010004f7e f   NativeLib:interrupts_asm.obj
 0001:00003fc0       intr96                     0000000010004fc0 f   NativeLib:interrupts_asm.obj
 0001:00004002       intr97                     0000000010005002 f   NativeLib:interrupts_asm.obj
 0001:00004044       intr98                     0000000010005044 f   NativeLib:interrupts_asm.obj
 0001:00004086       intr99                     0000000010005086 f   NativeLib:interrupts_asm.obj
 0001:000040c8       intr100                    00000000100050c8 f   NativeLib:interrupts_asm.obj
 0001:0000410a       intr101                    000000001000510a f   NativeLib:interrupts_asm.obj
 0001:0000414c       intr102                    000000001000514c f   NativeLib:interrupts_asm.obj
 0001:0000418e       intr103                    000000001000518e f   NativeLib:interrupts_asm.obj
 0001:000041d0       intr104                    00000000100051d0 f   NativeLib:interrupts_asm.obj
 0001:00004212       intr105                    0000000010005212 f   NativeLib:interrupts_asm.obj
 0001:00004254       intr106                    0000000010005254 f   NativeLib:interrupts_asm.obj
 0001:00004296       intr107                    0000000010005296 f   NativeLib:interrupts_asm.obj
 0001:000042d8       intr108                    00000000100052d8 f   NativeLib:interrupts_asm.obj
 0001:0000431a       intr109                    000000001000531a f   NativeLib:interrupts_asm.obj
 0001:0000435c       intr110                    000000001000535c f   NativeLib:interrupts_asm.obj
 0001:0000439e       intr111                    000000001000539e f   NativeLib:interrupts_asm.obj
 0001:000043e0       intr112                    00000000100053e0 f   NativeLib:interrupts_asm.obj
 0001:00004422       intr113                    0000000010005422 f   NativeLib:interrupts_asm.obj
 0001:00004464       intr114                    0000000010005464 f   NativeLib:interrupts_asm.obj
 0001:000044a6       intr115                    00000000100054a6 f   NativeLib:interrupts_asm.obj
 0001:000044e8       intr116                    00000000100054e8 f   NativeLib:interrupts_asm.obj
 0001:0000452a       intr117                    000000001000552a f   NativeLib:interrupts_asm.obj
 0001:0000456c       intr118                    000000001000556c f   NativeLib:interrupts_asm.obj
 0001:000045ae       intr119                    00000000100055ae f   NativeLib:interrupts_asm.obj
 0001:000045f0       intr120                    00000000100055f0 f   NativeLib:interrupts_asm.obj
 0001:00004632       intr121                    0000000010005632 f   NativeLib:interrupts_asm.obj
 0001:00004674       intr122                    0000000010005674 f   NativeLib:interrupts_asm.obj
 0001:000046b6       intr123                    00000000100056b6 f   NativeLib:interrupts_asm.obj
 0001:000046f8       intr124                    00000000100056f8 f   NativeLib:interrupts_asm.obj
 0001:0000473a       intr125                    000000001000573a f   NativeLib:interrupts_asm.obj
 0001:0000477c       intr126                    000000001000577c f   NativeLib:interrupts_asm.obj
 0001:000047be       intr127                    00000000100057be f   NativeLib:interrupts_asm.obj
 0001:00004800       intr128                    0000000010005800 f   NativeLib:interrupts_asm.obj
 0001:00004842       intr129                    0000000010005842 f   NativeLib:interrupts_asm.obj
 0001:00004884       intr130                    0000000010005884 f   NativeLib:interrupts_asm.obj
 0001:000048c6       intr131                    00000000100058c6 f   NativeLib:interrupts_asm.obj
 0001:00004908       intr132                    0000000010005908 f   NativeLib:interrupts_asm.obj
 0001:0000494a       intr133                    000000001000594a f   NativeLib:interrupts_asm.obj
 0001:0000498c       intr134                    000000001000598c f   NativeLib:interrupts_asm.obj
 0001:000049ce       intr135                    00000000100059ce f   NativeLib:interrupts_asm.obj
 0001:00004a10       intr136                    0000000010005a10 f   NativeLib:interrupts_asm.obj
 0001:00004a52       intr137                    0000000010005a52 f   NativeLib:interrupts_asm.obj
 0001:00004a94       intr138                    0000000010005a94 f   NativeLib:interrupts_asm.obj
 0001:00004ad6       intr139                    0000000010005ad6 f   NativeLib:interrupts_asm.obj
 0001:00004b18       intr140                    0000000010005b18 f   NativeLib:interrupts_asm.obj
 0001:00004b5a       intr141                    0000000010005b5a f   NativeLib:interrupts_asm.obj
 0001:00004b9c       intr142                    0000000010005b9c f   NativeLib:interrupts_asm.obj
 0001:00004bde       intr143                    0000000010005bde f   NativeLib:interrupts_asm.obj
 0001:00004c20       intr144                    0000000010005c20 f   NativeLib:interrupts_asm.obj
 0001:00004c62       intr145                    0000000010005c62 f   NativeLib:interrupts_asm.obj
 0001:00004ca4       intr146                    0000000010005ca4 f   NativeLib:interrupts_asm.obj
 0001:00004ce6       intr147                    0000000010005ce6 f   NativeLib:interrupts_asm.obj
 0001:00004d28       intr148                    0000000010005d28 f   NativeLib:interrupts_asm.obj
 0001:00004d6a       intr149                    0000000010005d6a f   NativeLib:interrupts_asm.obj
 0001:00004dac       intr150                    0000000010005dac f   NativeLib:interrupts_asm.obj
 0001:00004dee       intr151                    0000000010005dee f   NativeLib:interrupts_asm.obj
 0001:00004e30       intr152                    0000000010005e30 f   NativeLib:interrupts_asm.obj
 0001:00004e72       intr153                    0000000010005e72 f   NativeLib:interrupts_asm.obj
 0001:00004eb4       intr154                    0000000010005eb4 f   NativeLib:interrupts_asm.obj
 0001:00004ef6       intr155                    0000000010005ef6 f   NativeLib:interrupts_asm.obj
 0001:00004f38       intr156                    0000000010005f38 f   NativeLib:interrupts_asm.obj
 0001:00004f7a       intr157                    0000000010005f7a f   NativeLib:interrupts_asm.obj
 0001:00004fbc       intr158                    0000000010005fbc f   NativeLib:interrupts_asm.obj
 0001:00004ffe       intr159                    0000000010005ffe f   NativeLib:interrupts_asm.obj
 0001:00005040       intr160                    0000000010006040 f   NativeLib:interrupts_asm.obj
 0001:00005082       intr161                    0000000010006082 f   NativeLib:interrupts_asm.obj
 0001:000050c4       intr162                    00000000100060c4 f   NativeLib:interrupts_asm.obj
 0001:00005106       intr163                    0000000010006106 f   NativeLib:interrupts_asm.obj
 0001:00005148       intr164                    0000000010006148 f   NativeLib:interrupts_asm.obj
 0001:0000518a       intr165                    000000001000618a f   NativeLib:interrupts_asm.obj
 0001:000051cc       intr166                    00000000100061cc f   NativeLib:interrupts_asm.obj
 0001:0000520e       intr167                    000000001000620e f   NativeLib:interrupts_asm.obj
 0001:00005250       intr168                    0000000010006250 f   NativeLib:interrupts_asm.obj
 0001:00005292       intr169                    0000000010006292 f   NativeLib:interrupts_asm.obj
 0001:000052d4       intr170                    00000000100062d4 f   NativeLib:interrupts_asm.obj
 0001:00005316       intr171                    0000000010006316 f   NativeLib:interrupts_asm.obj
 0001:00005358       intr172                    0000000010006358 f   NativeLib:interrupts_asm.obj
 0001:0000539a       intr173                    000000001000639a f   NativeLib:interrupts_asm.obj
 0001:000053dc       intr174                    00000000100063dc f   NativeLib:interrupts_asm.obj
 0001:0000541e       intr175                    000000001000641e f   NativeLib:interrupts_asm.obj
 0001:00005460       intr176                    0000000010006460 f   NativeLib:interrupts_asm.obj
 0001:000054a2       intr177                    00000000100064a2 f   NativeLib:interrupts_asm.obj
 0001:000054e4       intr178                    00000000100064e4 f   NativeLib:interrupts_asm.obj
 0001:00005526       intr179                    0000000010006526 f   NativeLib:interrupts_asm.obj
 0001:00005568       intr180                    0000000010006568 f   NativeLib:interrupts_asm.obj
 0001:000055aa       intr181                    00000000100065aa f   NativeLib:interrupts_asm.obj
 0001:000055ec       intr182                    00000000100065ec f   NativeLib:interrupts_asm.obj
 0001:0000562e       intr183                    000000001000662e f   NativeLib:interrupts_asm.obj
 0001:00005670       intr184                    0000000010006670 f   NativeLib:interrupts_asm.obj
 0001:000056b2       intr185                    00000000100066b2 f   NativeLib:interrupts_asm.obj
 0001:000056f4       intr186                    00000000100066f4 f   NativeLib:interrupts_asm.obj
 0001:00005736       intr187                    0000000010006736 f   NativeLib:interrupts_asm.obj
 0001:00005778       intr188                    0000000010006778 f   NativeLib:interrupts_asm.obj
 0001:000057ba       intr189                    00000000100067ba f   NativeLib:interrupts_asm.obj
 0001:000057fc       intr190                    00000000100067fc f   NativeLib:interrupts_asm.obj
 0001:0000583e       intr191                    000000001000683e f   NativeLib:interrupts_asm.obj
 0001:00005880       intr192                    0000000010006880 f   NativeLib:interrupts_asm.obj
 0001:000058c2       intr193                    00000000100068c2 f   NativeLib:interrupts_asm.obj
 0001:00005904       intr194                    0000000010006904 f   NativeLib:interrupts_asm.obj
 0001:00005946       intr195                    0000000010006946 f   NativeLib:interrupts_asm.obj
 0001:00005988       intr196                    0000000010006988 f   NativeLib:interrupts_asm.obj
 0001:000059ca       intr197                    00000000100069ca f   NativeLib:interrupts_asm.obj
 0001:00005a0c       intr198                    0000000010006a0c f   NativeLib:interrupts_asm.obj
 0001:00005a4e       intr199                    0000000010006a4e f   NativeLib:interrupts_asm.obj
 0001:00005a90       intr200                    0000000010006a90 f   NativeLib:interrupts_asm.obj
 0001:00005ad2       intr201                    0000000010006ad2 f   NativeLib:interrupts_asm.obj
 0001:00005b14       intr202                    0000000010006b14 f   NativeLib:interrupts_asm.obj
 0001:00005b56       intr203                    0000000010006b56 f   NativeLib:interrupts_asm.obj
 0001:00005b98       intr204                    0000000010006b98 f   NativeLib:interrupts_asm.obj
 0001:00005bda       intr205                    0000000010006bda f   NativeLib:interrupts_asm.obj
 0001:00005c1c       intr206                    0000000010006c1c f   NativeLib:interrupts_asm.obj
 0001:00005c5e       intr207                    0000000010006c5e f   NativeLib:interrupts_asm.obj
 0001:00005ca0       intr208                    0000000010006ca0 f   NativeLib:interrupts_asm.obj
 0001:00005ce2       intr209                    0000000010006ce2 f   NativeLib:interrupts_asm.obj
 0001:00005d24       intr210                    0000000010006d24 f   NativeLib:interrupts_asm.obj
 0001:00005d66       intr211                    0000000010006d66 f   NativeLib:interrupts_asm.obj
 0001:00005da8       intr212                    0000000010006da8 f   NativeLib:interrupts_asm.obj
 0001:00005dea       intr213                    0000000010006dea f   NativeLib:interrupts_asm.obj
 0001:00005e2c       intr214                    0000000010006e2c f   NativeLib:interrupts_asm.obj
 0001:00005e6e       intr215                    0000000010006e6e f   NativeLib:interrupts_asm.obj
 0001:00005eb0       intr216                    0000000010006eb0 f   NativeLib:interrupts_asm.obj
 0001:00005ef2       intr217                    0000000010006ef2 f   NativeLib:interrupts_asm.obj
 0001:00005f34       intr218                    0000000010006f34 f   NativeLib:interrupts_asm.obj
 0001:00005f76       intr219                    0000000010006f76 f   NativeLib:interrupts_asm.obj
 0001:00005fb8       intr220                    0000000010006fb8 f   NativeLib:interrupts_asm.obj
 0001:00005ffa       intr221                    0000000010006ffa f   NativeLib:interrupts_asm.obj
 0001:0000603c       intr222                    000000001000703c f   NativeLib:interrupts_asm.obj
 0001:0000607e       intr223                    000000001000707e f   NativeLib:interrupts_asm.obj
 0001:000060c0       intr224                    00000000100070c0 f   NativeLib:interrupts_asm.obj
 0001:00006102       intr225                    0000000010007102 f   NativeLib:interrupts_asm.obj
 0001:00006144       intr226                    0000000010007144 f   NativeLib:interrupts_asm.obj
 0001:00006186       intr227                    0000000010007186 f   NativeLib:interrupts_asm.obj
 0001:000061c8       intr228                    00000000100071c8 f   NativeLib:interrupts_asm.obj
 0001:0000620a       intr229                    000000001000720a f   NativeLib:interrupts_asm.obj
 0001:0000624c       intr230                    000000001000724c f   NativeLib:interrupts_asm.obj
 0001:0000628e       intr231                    000000001000728e f   NativeLib:interrupts_asm.obj
 0001:000062d0       intr232                    00000000100072d0 f   NativeLib:interrupts_asm.obj
 0001:00006312       intr233                    0000000010007312 f   NativeLib:interrupts_asm.obj
 0001:00006354       intr234                    0000000010007354 f   NativeLib:interrupts_asm.obj
 0001:00006396       intr235                    0000000010007396 f   NativeLib:interrupts_asm.obj
 0001:000063d8       intr236                    00000000100073d8 f   NativeLib:interrupts_asm.obj
 0001:0000641a       intr237                    000000001000741a f   NativeLib:interrupts_asm.obj
 0001:0000645c       intr238                    000000001000745c f   NativeLib:interrupts_asm.obj
 0001:0000649e       intr239                    000000001000749e f   NativeLib:interrupts_asm.obj
 0001:000064e0       intr240                    00000000100074e0 f   NativeLib:interrupts_asm.obj
 0001:00006522       intr241                    0000000010007522 f   NativeLib:interrupts_asm.obj
 0001:00006564       intr242                    0000000010007564 f   NativeLib:interrupts_asm.obj
 0001:000065a6       intr243                    00000000100075a6 f   NativeLib:interrupts_asm.obj
 0001:000065e8       intr244                    00000000100075e8 f   NativeLib:interrupts_asm.obj
 0001:0000662a       intr245                    000000001000762a f   NativeLib:interrupts_asm.obj
 0001:0000666c       intr246                    000000001000766c f   NativeLib:interrupts_asm.obj
 0001:000066ae       intr247                    00000000100076ae f   NativeLib:interrupts_asm.obj
 0001:000066f0       intr248                    00000000100076f0 f   NativeLib:interrupts_asm.obj
 0001:00006732       intr249                    0000000010007732 f   NativeLib:interrupts_asm.obj
 0001:00006774       intr250                    0000000010007774 f   NativeLib:interrupts_asm.obj
 0001:000067b6       intr251                    00000000100077b6 f   NativeLib:interrupts_asm.obj
 0001:000067f8       intr252                    00000000100077f8 f   NativeLib:interrupts_asm.obj
 0001:0000683a       intr253                    000000001000783a f   NativeLib:interrupts_asm.obj
 0001:0000687c       intr254                    000000001000787c f   NativeLib:interrupts_asm.obj
 0001:000068be       intr255                    00000000100078be f   NativeLib:interrupts_asm.obj
 0001:00006900       _reload_segreg             0000000010007900 f   NativeLib:interrupts_asm.obj
 0001:00006927       Load_IDT                   0000000010007927 f   NativeLib:interrupts_asm.obj
 0001:0000692b       _cli                       000000001000792b f   NativeLib:interrupts_asm.obj
 0001:0000692d       _sti                       000000001000792d f   NativeLib:interrupts_asm.obj
 0001:0000692f       _hlt                       000000001000792f f   NativeLib:interrupts_asm.obj
 0001:00006931       _inttest                   0000000010007931 f   NativeLib:interrupts_asm.obj
 0001:0000693b       _iretq                     000000001000793b f   NativeLib:interrupts_asm.obj
 0001:00006956       _int20h                    0000000010007956 f   NativeLib:interrupts_asm.obj
 0001:00006960       In16                       0000000010007960 f   NativeLib:io.obj
 0001:00006990       In32                       0000000010007990 f   NativeLib:io.obj
 0001:000069c0       In8                        00000000100079c0 f   NativeLib:io.obj
 0001:000069f0       Insb                       00000000100079f0 f   NativeLib:io.obj
 0001:00006a30       Insd                       0000000010007a30 f   NativeLib:io.obj
 0001:00006a70       Insw                       0000000010007a70 f   NativeLib:io.obj
 0001:00006ab0       Out16                      0000000010007ab0 f   NativeLib:io.obj
 0001:00006ae0       Out32                      0000000010007ae0 f   NativeLib:io.obj
 0001:00006b10       Out8                       0000000010007b10 f   NativeLib:io.obj
 0001:00006b40       Outsb                      0000000010007b40 f   NativeLib:io.obj
 0001:00006b80       Outsd                      0000000010007b80 f   NativeLib:io.obj
 0001:00006bc0       Outsw                      0000000010007bc0 f   NativeLib:io.obj
 0001:00006c00       vmware_send                0000000010007c00 f   NativeLib:vmware.obj
 0001:00006c84       vmware_send_hb             0000000010007c84 f   NativeLib:vmware.obj
 0001:00006d0a       vmware_get_hb              0000000010007d0a f   NativeLib:vmware.obj
 0001:00006d90       enable_avx                 0000000010007d90 f   NativeLib:misc.obj
 0001:00006da3       enable_sse                 0000000010007da3 f   NativeLib:misc.obj
 0001:00006db6       Schedule_Next              0000000010007db6 f   NativeLib:misc.obj
 0001:00012220       lodepng_add_itext          0000000010013220 f   NativeLib:lodepng.obj
 0001:00012460       lodepng_add_text           0000000010013460 f   NativeLib:lodepng.obj
 0001:00012720       lodepng_can_have_alpha     0000000010013720 f   NativeLib:lodepng.obj
 0001:00012780       lodepng_chunk_ancillary    0000000010013780 f   NativeLib:lodepng.obj
 0001:000127d0       lodepng_chunk_append       00000000100137d0 f   NativeLib:lodepng.obj
 0001:000128f0       lodepng_chunk_check_crc    00000000100138f0 f   NativeLib:lodepng.obj
 0001:00012980       lodepng_chunk_create       0000000010013980 f   NativeLib:lodepng.obj
 0001:00012ab0       lodepng_chunk_data         0000000010013ab0 f   NativeLib:lodepng.obj
 0001:00012af0       lodepng_chunk_data_const   0000000010013af0 f   NativeLib:lodepng.obj
 0001:00012b30       lodepng_chunk_find         0000000010013b30 f   NativeLib:lodepng.obj
 0001:00012bb0       lodepng_chunk_find_const   0000000010013bb0 f   NativeLib:lodepng.obj
 0001:00012c30       lodepng_chunk_generate_crc 0000000010013c30 f   NativeLib:lodepng.obj
 0001:00012d80       lodepng_chunk_length       0000000010013d80 f   NativeLib:lodepng.obj
 0001:00012dc0       lodepng_chunk_next         0000000010013dc0 f   NativeLib:lodepng.obj
 0001:00012f20       lodepng_chunk_next_const   0000000010013f20 f   NativeLib:lodepng.obj
 0001:00013080       lodepng_chunk_private      0000000010014080 f   NativeLib:lodepng.obj
 0001:000130d0       lodepng_chunk_safetocopy   00000000100140d0 f   NativeLib:lodepng.obj
 0001:00013120       lodepng_chunk_type         0000000010014120 f   NativeLib:lodepng.obj
 0001:00013190       lodepng_chunk_type_equals  0000000010014190 f   NativeLib:lodepng.obj
 0001:00013280       lodepng_clear_icc          0000000010014280 f   NativeLib:lodepng.obj
 0001:000132f0       lodepng_clear_itext        00000000100142f0 f   NativeLib:lodepng.obj
 0001:00013320       lodepng_clear_text         0000000010014320 f   NativeLib:lodepng.obj
 0001:00013400       lodepng_color_mode_cleanup 0000000010014400 f   NativeLib:lodepng.obj
 0001:00013430       lodepng_color_mode_copy    0000000010014430 f   NativeLib:lodepng.obj
 0001:00013610       lodepng_color_mode_init    0000000010014610 f   NativeLib:lodepng.obj
 0001:00013690       lodepng_color_mode_make    0000000010014690 f   NativeLib:lodepng.obj
 0001:00013820       lodepng_color_stats_init   0000000010014820 f   NativeLib:lodepng.obj
 0001:000138d0       lodepng_compress_settings_init 00000000100148d0 f   NativeLib:lodepng.obj
 0001:00013960       lodepng_compute_color_stats 0000000010014960 f   NativeLib:lodepng.obj
 0001:00014830       lodepng_convert            0000000010015830 f   NativeLib:lodepng.obj
 0001:00014d70       lodepng_convert_rgb        0000000010015d70 f   NativeLib:lodepng.obj
 0001:000150b0       lodepng_crc32              00000000100160b0 f   NativeLib:lodepng.obj
 0001:00015140       lodepng_decode             0000000010016140 f   NativeLib:lodepng.obj
 0001:00015330       lodepng_decode24           0000000010016330 f   NativeLib:lodepng.obj
 0001:000153a0       lodepng_decode32           00000000100163a0 f   NativeLib:lodepng.obj
 0001:00015410       lodepng_decode_memory      0000000010016410 f   NativeLib:lodepng.obj
 0001:000154e0       lodepng_decoder_settings_init 00000000100164e0 f   NativeLib:lodepng.obj
 0001:00015570       lodepng_decompress_settings_init 0000000010016570 f   NativeLib:lodepng.obj
 0001:000155e0       lodepng_deflate            00000000100165e0 f   NativeLib:lodepng.obj
 0001:000158f0       lodepng_encode             00000000100168f0 f   NativeLib:lodepng.obj
 0001:000168f0       lodepng_encode24           00000000100178f0 f   NativeLib:lodepng.obj
 0001:00016950       lodepng_encode32           0000000010017950 f   NativeLib:lodepng.obj
 0001:000169b0       lodepng_encode_memory      00000000100179b0 f   NativeLib:lodepng.obj
 0001:00016a70       lodepng_encoder_settings_init 0000000010017a70 f   NativeLib:lodepng.obj
 0001:00016af0       lodepng_error_text         0000000010017af0 f   NativeLib:lodepng.obj
 0001:000171c0       lodepng_get_bpp            00000000100181c0 f   NativeLib:lodepng.obj
 0001:00017230       lodepng_get_channels       0000000010018230 f   NativeLib:lodepng.obj
 0001:00017260       lodepng_get_raw_size       0000000010018260 f   NativeLib:lodepng.obj
 0001:00017440       lodepng_has_palette_alpha  0000000010018440 f   NativeLib:lodepng.obj
 0001:000174b0       lodepng_huffman_code_lengths 00000000100184b0 f   NativeLib:lodepng.obj
 0001:00017900       lodepng_inflate            0000000010018900 f   NativeLib:lodepng.obj
 0001:00017b10       lodepng_info_cleanup       0000000010018b10 f   NativeLib:lodepng.obj
 0001:00017b70       lodepng_info_copy          0000000010018b70 f   NativeLib:lodepng.obj
 0001:00017ca0       lodepng_info_init          0000000010018ca0 f   NativeLib:lodepng.obj
 0001:00017db0       lodepng_inspect            0000000010018db0 f   NativeLib:lodepng.obj
 0001:00018200       lodepng_inspect_chunk      0000000010019200 f   NativeLib:lodepng.obj
 0001:00018620       lodepng_is_alpha_type      0000000010019620 f   NativeLib:lodepng.obj
 0001:00018670       lodepng_is_greyscale_type  0000000010019670 f   NativeLib:lodepng.obj
 0001:000186c0       lodepng_is_palette_type    00000000100196c0 f   NativeLib:lodepng.obj
 0001:00018870       lodepng_palette_add        0000000010019870 f   NativeLib:lodepng.obj
 0001:00018960       lodepng_palette_clear      0000000010019960 f   NativeLib:lodepng.obj
 0001:00018c80       lodepng_set_icc            0000000010019c80 f   NativeLib:lodepng.obj
 0001:00018cf0       lodepng_state_cleanup      0000000010019cf0 f   NativeLib:lodepng.obj
 0001:00018d40       lodepng_state_copy         0000000010019d40 f   NativeLib:lodepng.obj
 0001:00018e10       lodepng_state_init         0000000010019e10 f   NativeLib:lodepng.obj
 0001:00018ed0       lodepng_zlib_compress      0000000010019ed0 f   NativeLib:lodepng.obj
 0001:000190c0       lodepng_zlib_decompress    000000001001a0c0 f   NativeLib:lodepng.obj
 0001:0001dd70       mystrtoul                  000000001001ed70 f   LibC:strtoul.obj
 0001:00020610       fctprintf                  0000000010021610 f   LibC:printf.obj
 0001:00020690       printf_                    0000000010021690 f   LibC:printf.obj
 0001:00020700       snprintf_                  0000000010021700 f   LibC:printf.obj
 0001:00020760       sprintf_                   0000000010021760 f   LibC:printf.obj
 0001:000207d0       vprintf_                   00000000100217d0 f   LibC:printf.obj
 0001:00020820       vsnprintf_                 0000000010021820 f   LibC:printf.obj
 0001:00020870       myisspace                  0000000010021870 f   LibC:isspace.obj
 0001:000208c0       myisdigit                  00000000100218c0 f   LibC:isdigit.obj
 0001:00020900       myisalpha                  0000000010021900 f   LibC:isalpha.obj
 0001:00020940       myisupper                  0000000010021940 f   LibC:isupper.obj
 0002:00000000       unbox_UInt8__ToString      0000000010022000     MOOS.obj
 0002:0000000c       unbox_Int32__ToString      000000001002200c     MOOS.obj
 0002:00000018       unbox_UInt16__ToString     0000000010022018     MOOS.obj
 0002:00000024       unbox_UInt32__ToString     0000000010022024     MOOS.obj
 0002:00000030       unbox_UInt64__ToString     0000000010022030     MOOS.obj
 0003:00000000       MOOS_Program__USBMouseTest 0000000010023000     MOOS.obj
 0003:00000040       MOOS_Program__USBKeyboardTest 0000000010023040     MOOS.obj
 0003:00000078       KMain                      0000000010023078     MOOS.obj
 0003:00000078       MOOS_Program__KMain        0000000010023078     MOOS.obj
 0003:000003e4       MOOS_Program__SMain        00000000100233e4     MOOS.obj
 0003:00000ac0       MOOS_Allocator__GetPageIndexStart 0000000010023ac0     MOOS.obj
 0003:00000b14       MOOS_Allocator__Free       0000000010023b14     MOOS.obj
 0003:00000c4c       MOOS_Allocator__get_MemoryInUse 0000000010023c4c     MOOS.obj
 0003:00000c64       MOOS_Allocator__Initialize 0000000010023c64     MOOS.obj
 0003:00000cf8       MOOS_Allocator__Allocate   0000000010023cf8     MOOS.obj
 0003:00000e5c       MOOS_Allocator__Reallocate 0000000010023e5c     MOOS.obj
 0003:00000f50       MOOS_GDT__Initialise       0000000010023f50     MOOS.obj
 0003:0000102c       MOOS_IDT__Initialize       000000001002402c     MOOS.obj
 0003:00001120       MOOS_IDT__intr_handler     0000000010024120     MOOS.obj
 0003:00001120       intr_handler               0000000010024120     MOOS.obj
 0003:00001830       MOOS_Native__Load_GDT      0000000010024830     MOOS.obj
 0003:00001884       MOOS_Native__Load_IDT      0000000010024884     MOOS.obj
 0003:000018d8       MOOS_Internal_Runtime_EEType__get_IsArray 00000000100248d8     MOOS.obj
 0003:000018fc       MOOS_Internal_Runtime_EEType__get_ArrayRank 00000000100248fc     MOOS.obj
 0003:0000191c       MOOS_Internal_Runtime_CompilerHelpers_StartupCodeHelpers____imp_GetCurrentThreadId 000000001002491c     MOOS.obj
 0003:0000191c       __imp_GetCurrentThreadId   000000001002491c     MOOS.obj
 0003:00001920       MOOS_Internal_Runtime_CompilerHelpers_StartupCodeHelpers____CheckForDebuggerJustMyCode 0000000010024920     MOOS.obj
 0003:00001920       __CheckForDebuggerJustMyCode 0000000010024920     MOOS.obj
 0003:00001924       MOOS_Internal_Runtime_CompilerHelpers_StartupCodeHelpers__FailFast 0000000010024924     MOOS.obj
 0003:00001924       __fail_fast                0000000010024924     MOOS.obj
 0003:00001928       MOOS_Internal_Runtime_CompilerHelpers_StartupCodeHelpers__MemSet 0000000010024928     MOOS.obj
 0003:00001928       memset                     0000000010024928     MOOS.obj
 0003:00001944       MOOS_Internal_Runtime_CompilerHelpers_StartupCodeHelpers__MemCpy 0000000010024944     MOOS.obj
 0003:00001944       memcpy                     0000000010024944     MOOS.obj
 0003:00001960       MOOS_Internal_Runtime_CompilerHelpers_StartupCodeHelpers__RhpFallbackFailFast 0000000010024960     MOOS.obj
 0003:00001960       RhpFallbackFailFast        0000000010024960     MOOS.obj
 0003:00001964       MOOS_Internal_Runtime_CompilerHelpers_StartupCodeHelpers__RhpReversePInvoke2 0000000010024964     MOOS.obj
 0003:00001964       RhpReversePInvoke2         0000000010024964     MOOS.obj
 0003:00001968       MOOS_Internal_Runtime_CompilerHelpers_StartupCodeHelpers__RhpReversePInvokeReturn2 0000000010024968     MOOS.obj
 0003:00001968       RhpReversePInvokeReturn2   0000000010024968     MOOS.obj
 0003:0000196c       MOOS_Internal_Runtime_CompilerHelpers_StartupCodeHelpers__RhpReversePInvoke 000000001002496c     MOOS.obj
 0003:0000196c       RhpReversePInvoke          000000001002496c     MOOS.obj
 0003:00001970       MOOS_Internal_Runtime_CompilerHelpers_StartupCodeHelpers__RhpReversePInvokeReturn 0000000010024970     MOOS.obj
 0003:00001970       RhpReversePInvokeReturn    0000000010024970     MOOS.obj
 0003:00001974       MOOS_Internal_Runtime_CompilerHelpers_StartupCodeHelpers__RhpPinvoke 0000000010024974     MOOS.obj
 0003:00001974       RhpPInvoke                 0000000010024974     MOOS.obj
 0003:00001978       MOOS_Internal_Runtime_CompilerHelpers_StartupCodeHelpers__RhpPinvokeReturn 0000000010024978     MOOS.obj
 0003:00001978       RhpPInvokeReturn           0000000010024978     MOOS.obj
 0003:0000197c       MOOS_Internal_Runtime_CompilerHelpers_StartupCodeHelpers__RhpNewFast 000000001002497c     MOOS.obj
 0003:0000197c       RhpNewFast                 000000001002497c     MOOS.obj
 0003:00001a08       MOOS_Internal_Runtime_CompilerHelpers_StartupCodeHelpers__RhpNewArray 0000000010024a08     MOOS.obj
 0003:00001a08       RhpNewArray                0000000010024a08     MOOS.obj
 0003:00001acc       MOOS_Internal_Runtime_CompilerHelpers_StartupCodeHelpers__RhpAssignRef 0000000010024acc     MOOS.obj
 0003:00001acc       RhpAssignRef               0000000010024acc     MOOS.obj
 0003:00001ad0       MOOS_Internal_Runtime_CompilerHelpers_StartupCodeHelpers__RhpByRefAssignRef 0000000010024ad0     MOOS.obj
 0003:00001ad0       RhpByRefAssignRef          0000000010024ad0     MOOS.obj
 0003:00001ad4       MOOS_Internal_Runtime_CompilerHelpers_StartupCodeHelpers__RhpCheckedAssignRef 0000000010024ad4     MOOS.obj
 0003:00001ad4       RhpCheckedAssignRef        0000000010024ad4     MOOS.obj
 0003:00001ad8       MOOS_Internal_Runtime_CompilerHelpers_StartupCodeHelpers__RhpStelemRef 0000000010024ad8     MOOS.obj
 0003:00001ad8       RhpStelemRef               0000000010024ad8     MOOS.obj
 0003:00001b10       MOOS_Internal_Runtime_CompilerHelpers_StartupCodeHelpers__RhTypeCast_IsInstanceOfClass 0000000010024b10     MOOS.obj
 0003:00001b10       RhTypeCast_IsInstanceOfClass 0000000010024b10     MOOS.obj
 0003:00001b3c       MOOS_Internal_Runtime_CompilerHelpers_StartupCodeHelpers__InitializeModules 0000000010024b3c     MOOS.obj
 0003:00001cf4       MOOS_Internal_Runtime_CompilerHelpers_StartupCodeHelpers__InitializeStatics 0000000010024cf4     MOOS.obj
 0003:00001de0       MOOS_Internal_Runtime_CompilerHelpers_SynchronizedMethodHelpers__MonitorEnterStatic 0000000010024de0     MOOS.obj
 0003:00001de4       MOOS_Internal_Runtime_CompilerHelpers_SynchronizedMethodHelpers__MonitorExitStatic 0000000010024de4     MOOS.obj
 0003:00001de8       MOOS_Internal_Runtime_CompilerHelpers_ThrowHelpers__Error 0000000010024de8     MOOS.obj
 0003:00001e98       MOOS_Internal_Runtime_CompilerHelpers_ThrowHelpers__ThrowOverflowException 0000000010024e98     MOOS.obj
 0003:00001eb0       MOOS_Internal_Runtime_CompilerHelpers_ThrowHelpers__ThrowIndexOutOfRangeException 0000000010024eb0     MOOS.obj
 0003:00001ec8       UInt8__ToString            0000000010024ec8     MOOS.obj
 0003:00001ee4       Char__ToUpper              0000000010024ee4     MOOS.obj
 0003:00001efc       MOOS_System_Delegate__InitializeClosedInstance 0000000010024efc     MOOS.obj
 0003:00001f28       Int32__ToString            0000000010024f28     MOOS.obj
 0003:00001f48       Int64__ToString            0000000010024f48     MOOS.obj
 0003:00002038       MOOS_System_Math__Pow      0000000010025038     MOOS.obj
 0003:00002064       MOOS_System_Math__Fact     0000000010025064     MOOS.obj
 0003:0000209c       MOOS_System_Math__Sin      000000001002509c     MOOS.obj
 0003:0000214c       MOOS_System_MathF__Floor   000000001002514c     MOOS.obj
 0003:000021ac       Object___ctor              00000000100251ac     MOOS.obj
 0003:000021b0       Object__ToString           00000000100251b0     MOOS.obj
 0003:000021b8       Object__Dispose            00000000100251b8     MOOS.obj
 0003:00002208       MOOS_System_Random___ctor  0000000010025208     MOOS.obj
 0003:00002228       MOOS_System_Random__JKiss  0000000010025228     MOOS.obj
 0003:0000228c       MOOS_System_Random__Next   000000001002528c     MOOS.obj
 0003:000022c8       String__FromASCII          00000000100252c8     MOOS.obj
 0003:00002360       String__Ctor               0000000010025360     MOOS.obj
 0003:00002380       String__Ctor_2             0000000010025380     MOOS.obj
 0003:0000243c       String__LastIndexOf        000000001002543c     MOOS.obj
 0003:00002468       String__ToString           0000000010025468     MOOS.obj
 0003:0000246c       String__Equals_0           000000001002546c     MOOS.obj
 0003:000024b4       String__Concat             00000000100254b4     MOOS.obj
 0003:000025a0       String__IndexOf            00000000100255a0     MOOS.obj
 0003:000025d0       String__Concat_0           00000000100255d0     MOOS.obj
 0003:00002644       String__Concat_2           0000000010025644     MOOS.obj
 0003:0000272c       String__Format             000000001002572c     MOOS.obj
 0003:00002938       String__Substring          0000000010025938     MOOS.obj
 0003:00002978       String__Substring_0        0000000010025978     MOOS.obj
 0003:000029b4       String__EndsWith_0         00000000100259b4     MOOS.obj
 0003:00002a40       UInt16__ToString           0000000010025a40     MOOS.obj
 0003:00002a5c       UInt32__ToString           0000000010025a5c     MOOS.obj
 0003:00002a78       UInt64__ToString           0000000010025a78     MOOS.obj
 0003:00002b40       UInt64__ToStringHex        0000000010025b40     MOOS.obj
 0003:00002be8       MOOS_System_Threading_Monitor__Unlock 0000000010025be8     MOOS.obj
 0003:00002c2c       MOOS_System_Runtime_TypeCast__CheckCastClass 0000000010025c2c     MOOS.obj
 0003:00002c2c       RhTypeCast_CheckCastClass  0000000010025c2c     MOOS.obj
 0003:00002c54       MOOS_System_Runtime_TypeCast__CheckCastArray 0000000010025c54     MOOS.obj
 0003:00002c54       RhTypeCast_CheckCastArray  0000000010025c54     MOOS.obj
 0003:00002c7c       MOOS_System_Runtime_TypeCast__IsInstanceOfArray 0000000010025c7c     MOOS.obj
 0003:00002c7c       RhTypeCast_IsInstanceOfArray 0000000010025c7c     MOOS.obj
 0003:00002cd8       MOOS_System_Drawing_Image___ctor 0000000010025cd8     MOOS.obj
 0003:00002d14       MOOS_System_Drawing_Image___ctor_0 0000000010025d14     MOOS.obj
 0003:00002d18       MOOS_System_Drawing_Image__Resample 0000000010025d18     MOOS.obj
 0003:000030bc       MOOS_System_Drawing_Image__ResizeImage 00000000100260bc     MOOS.obj
 0003:00003230       MOOS_System_Drawing_Image__Dispose 0000000010026230     MOOS.obj
 0003:000032b8       MOOS_System_Diagnostics_Process__Start 00000000100262b8     MOOS.obj
 0003:000034bc       MOOS_System_Diagnostics_Process__StartThread 00000000100264bc     MOOS.obj
 0003:0000353c       MOOS_System_Diagnostics_Process__FixImageRelocations 000000001002653c     MOOS.obj
 0003:000035a8       MOOS_System_Windows_Forms_MessageBox__Show 00000000100265a8     MOOS.obj
 0003:000036b0       MOOS_MOOS_Animation___ctor 00000000100266b0     MOOS.obj
 0003:000036c0       MOOS_MOOS_Animator__Initialize 00000000100266c0     MOOS.obj
 0003:00003718       MOOS_MOOS_Animator__OnInterrupt 0000000010026718     MOOS.obj
 0003:000037a4       MOOS_MOOS_API__HandleSystemCall 00000000100267a4     MOOS.obj
 0003:00003bac       MOOS_MOOS_API__API_CreateWindow 0000000010026bac     MOOS.obj
 0003:00003c2c       MOOS_MOOS_API__API_GetWindowScreenBuf 0000000010026c2c     MOOS.obj
 0003:00003c3c       MOOS_MOOS_API__API_SndWrite 0000000010026c3c     MOOS.obj
 0003:00003c44       MOOS_MOOS_API__API_Calloc  0000000010026c44     MOOS.obj
 0003:00003c4c       MOOS_MOOS_API__API_BindOnKeyChangedHandler 0000000010026c4c     MOOS.obj
 0003:00003c6c       MOOS_MOOS_API__API_StartThread 0000000010026c6c     MOOS.obj
 0003:00003ca8       MOOS_MOOS_API__API_Error   0000000010026ca8     MOOS.obj
 0003:00003cb0       MOOS_MOOS_API__API_GetTime 0000000010026cb0     MOOS.obj
 0003:00003d30       MOOS_MOOS_API__API_DrawImage 0000000010026d30     MOOS.obj
 0003:00003d64       MOOS_MOOS_API__API_WriteString 0000000010026d64     MOOS.obj
 0003:00003dc4       MOOS_MOOS_API__API_Width   0000000010026dc4     MOOS.obj
 0003:00003dd8       MOOS_MOOS_API__API_Height  0000000010026dd8     MOOS.obj
 0003:00003dec       MOOS_MOOS_API__API_Update  0000000010026dec     MOOS.obj
 0003:00003df4       MOOS_MOOS_API__API_Clear   0000000010026df4     MOOS.obj
 0003:00003e14       DebugWrite                 0000000010026e14     MOOS.obj
 0003:00003e14       MOOS_MOOS_API__API_DebugWrite 0000000010026e14     MOOS.obj
 0003:00003e1c       DebugWriteLine             0000000010026e1c     MOOS.obj
 0003:00003e1c       MOOS_MOOS_API__API_DebugWriteLine 0000000010026e1c     MOOS.obj
 0003:00003e38       Lock                       0000000010026e38     MOOS.obj
 0003:00003e38       MOOS_MOOS_API__API_Lock    0000000010026e38     MOOS.obj
 0003:00003e60       MOOS_MOOS_API__API_Unlock  0000000010026e60     MOOS.obj
 0003:00003e60       Unlock                     0000000010026e60     MOOS.obj
 0003:00003ea0       MOOS_MOOS_API__API_DrawPoint 0000000010026ea0     MOOS.obj
 0003:00003ed4       MOOS_MOOS_API__API_SwitchToConsoleMode 0000000010026ed4     MOOS.obj
 0003:00003edc       MOOS_MOOS_API__API_ReadAllBytes 0000000010026edc     MOOS.obj
 0003:00003fe4       MOOS_MOOS_API__API_Sleep   0000000010026fe4     MOOS.obj
 0003:00003fec       MOOS_MOOS_API__API_GetTick 0000000010026fec     MOOS.obj
 0003:00004000       MOOS_MOOS_API__API_Write   0000000010027000     MOOS.obj
 0003:0000400c       MOOS_MOOS_API__API_WriteLine 000000001002700c     MOOS.obj
 0003:00004014       MOOS_MOOS_API__API_Allocate 0000000010027014     MOOS.obj
 0003:0000401c       MOOS_MOOS_API__API_Free    000000001002701c     MOOS.obj
 0003:00004024       MOOS_MOOS_API__API_Reallocate 0000000010027024     MOOS.obj
 0003:0000402c       MOOS_MOOS_API__SayHello    000000001002702c     MOOS.obj
 0003:00004038       MOOS_MOOS_AC97__Initialize 0000000010027038     MOOS.obj
 0003:00004348       MOOS_MOOS_AC97__OnInterrupt 0000000010027348     MOOS.obj
 0003:00004484       MOOS_MOOS_ES1371__Initialize 0000000010027484     MOOS.obj
 0003:00004710       MOOS_MOOS_ES1371__OnInterrupt 0000000010027710     MOOS.obj
 0003:00004818       MOOS_MOOS_Framebuffer__set_TripleBuffered 0000000010027818     MOOS.obj
 0003:0000489c       MOOS_MOOS_Framebuffer__Update 000000001002789c     MOOS.obj
 0003:0000496c       MOOS_MOOS_Framebuffer__Initialize 000000001002796c     MOOS.obj
 0003:00004aa4       MOOS_MOOS_Keyboard__InvokeOnKeyChanged 0000000010027aa4     MOOS.obj
 0003:00004ad4       MOOS_MOOS_Keyboard__CleanKeyInfo 0000000010027ad4     MOOS.obj
 0003:00004b00       MOOS_MOOS_PCIDevice__WriteRegister 0000000010027b00     MOOS.obj
 0003:00004b6c       MOOS_MOOS_PCIDevice___ctor 0000000010027b6c     MOOS.obj
 0003:00004b70       MOOS_MOOS_PCI__GetDevice   0000000010027b70     MOOS.obj
 0003:00004be0       MOOS_MOOS_PCI__GetDevice_0 0000000010027be0     MOOS.obj
 0003:00004c64       MOOS_MOOS_PCI__Initialise  0000000010027c64     MOOS.obj
 0003:00004d38       MOOS_MOOS_PCI__CheckBus    0000000010027d38     MOOS.obj
 0003:00005274       MOOS_MOOS_PCI__WriteRegister32 0000000010028274     MOOS.obj
 0003:00005310       MOOS_MOOS_PCI__ReadRegister32 0000000010028310     MOOS.obj
 0003:000053a8       MOOS_MOOS_PCI__ReadRegister16 00000000100283a8     MOOS.obj
 0003:00005450       MOOS_MOOS_PCI__ReadRegister8 0000000010028450     MOOS.obj
 0003:000054f8       MOOS_MOOS_PCI__WriteRegister16 00000000100284f8     MOOS.obj
 0003:00005598       MOOS_MOOS_PCI__GetVendorID 0000000010028598     MOOS.obj
 0003:00005624       MOOS_MOOS_PCI__GetHeaderType 0000000010028624     MOOS.obj
 0003:000056b8       MOOS_MOOS_PCI__GetAddressBase 00000000100286b8     MOOS.obj
 0003:000056d8       MOOS_MOOS_PIC__Disable     00000000100286d8     MOOS.obj
 0003:000058c4       MOOS_MOOS_PS2Keyboard__Initialize 00000000100288c4     MOOS.obj
 0003:00005d84       MOOS_MOOS_PS2Keyboard__OnInterrupt 0000000010028d84     MOOS.obj
 0003:00005ddc       MOOS_MOOS_PS2Keyboard__ProcessKey 0000000010028ddc     MOOS.obj
 0003:00005fd8       MOOS_MOOS_PS2Mouse__Initialise 0000000010028fd8     MOOS.obj
 0003:000061dc       MOOS_MOOS_PS2Mouse__WriteRegister 00000000100291dc     MOOS.obj
 0003:000062c8       MOOS_MOOS_PS2Mouse__OnInterrupt 00000000100292c8     MOOS.obj
 0003:00006494       MOOS_MOOS_RTC__get_Second  0000000010029494     MOOS.obj
 0003:0000652c       MOOS_MOOS_RTC__get_Minute  000000001002952c     MOOS.obj
 0003:000065c8       MOOS_MOOS_RTC__get_Hour    00000000100295c8     MOOS.obj
 0003:0000667c       MOOS_MOOS_RTC__get_Century 000000001002967c     MOOS.obj
 0003:00006718       MOOS_MOOS_RTC__get_Year    0000000010029718     MOOS.obj
 0003:000067b4       MOOS_MOOS_RTC__get_Month   00000000100297b4     MOOS.obj
 0003:00006850       MOOS_MOOS_RTC__get_Day     0000000010029850     MOOS.obj
 0003:000068ec       MOOS_MOOS_SATA__Initialize 00000000100298ec     MOOS.obj
 0003:00006ccc       MOOS_MOOS_SATA__CheckPortType 0000000010029ccc     MOOS.obj
 0003:00006d28       MOOS_MOOS_Serial__Initialise 0000000010029d28     MOOS.obj
 0003:00006e88       MOOS_MOOS_Serial__Write    0000000010029e88     MOOS.obj
 0003:00006f00       MOOS_MOOS_Serial__Write_0  0000000010029f00     MOOS.obj
 0003:00006f88       MOOS_MOOS_Serial__WriteLine 0000000010029f88     MOOS.obj
 0003:00006ffc       MOOS_MOOS_VMwareTools__Initialize 0000000010029ffc     MOOS.obj
 0003:00007044       MOOS_MOOS_VMwareTools__vmware_handle_mouse 000000001002a044     MOOS.obj
 0003:000071a0       MOOS_MOOS_VMwareTools__mouse_absolute 000000001002a1a0     MOOS.obj
 0003:00007298       MOOS_MOOS_VMwareTools__is_vmware_backdoor 000000001002a298     MOOS.obj
 0003:0000731c       MOOS_MOOS_Kbd2Mouse__OnKeyChanged 000000001002a31c     MOOS.obj
 0003:000074a0       MOOS_MOOS_ASC16__DrawChar  000000001002a4a0     MOOS.obj
 0003:00007534       MOOS_MOOS_Console__add_OnWrite 000000001002a534     MOOS.obj
 0003:000075bc       MOOS_MOOS_Console__Setup   000000001002a5bc     MOOS.obj
 0003:00007674       MOOS_MOOS_Console__Wait_1  000000001002a674     MOOS.obj
 0003:000077bc       MOOS_MOOS_Console__Write   000000001002a7bc     MOOS.obj
 0003:0000786c       MOOS_MOOS_Console__Write_0 000000001002a86c     MOOS.obj
 0003:000078f0       MOOS_MOOS_Console__WriteFramebuffer 000000001002a8f0     MOOS.obj
 0003:000079fc       MOOS_MOOS_Console__MoveUp  000000001002a9fc     MOOS.obj
 0003:00007a30       MOOS_MOOS_Console__MoveUpFramebuffer 000000001002aa30     MOOS.obj
 0003:00007adc       MOOS_MOOS_Console__UpdateCursorFramebuffer 000000001002aadc     MOOS.obj
 0003:00007b8c       MOOS_MOOS_Console__WriteLine 000000001002ab8c     MOOS.obj
 0003:00007c24       MOOS_MOOS_Console__WriteLine_0 000000001002ac24     MOOS.obj
 0003:00007c68       MOOS_MOOS_Console__Clear   000000001002ac68     MOOS.obj
 0003:00007c84       MOOS_MOOS_Console__ClearFramebuffer 000000001002ac84     MOOS.obj
 0003:00007d40       MOOS_MOOS_FPSMeter__Update 000000001002ad40     MOOS.obj
 0003:00007d9c       MOOS_MOOS_PageTable__Initialise 000000001002ad9c     MOOS.obj
 0003:00007e8c       MOOS_MOOS_PageTable__GetPage 000000001002ae8c     MOOS.obj
 0003:00007f38       MOOS_MOOS_PageTable__Next  000000001002af38     MOOS.obj
 0003:00007fdc       MOOS_MOOS_NETv4__SwapLeftRight_0 000000001002afdc     MOOS.obj
 0003:0000800c       MOOS_MOOS_SMP__ApplicationProcessorMain 000000001002b00c     MOOS.obj
 0003:00008094       MOOS_MOOS_SMP__Initialize  000000001002b094     MOOS.obj
 0003:00008284       MOOS_MOOS_stdio___putchar  000000001002b284     MOOS.obj
 0003:00008284       _putchar                   000000001002b284     MOOS.obj
 0003:00008298       MOOS_MOOS_stdio__fopen     000000001002b298     MOOS.obj
 0003:00008298       fopen                      000000001002b298     MOOS.obj
 0003:00008438       MOOS_MOOS_stdio__fseek     000000001002b438     MOOS.obj
 0003:00008438       fseek                      000000001002b438     MOOS.obj
 0003:00008450       MOOS_MOOS_stdio__fread     000000001002b450     MOOS.obj
 0003:00008450       fread                      000000001002b450     MOOS.obj
 0003:000084b4       MOOS_MOOS_stdlib__malloc   000000001002b4b4     MOOS.obj
 0003:000084b4       malloc                     000000001002b4b4     MOOS.obj
 0003:000084c4       MOOS_MOOS_stdlib__free     000000001002b4c4     MOOS.obj
 0003:000084c4       free                       000000001002b4c4     MOOS.obj
 0003:000084d4       MOOS_MOOS_stdlib__realloc  000000001002b4d4     MOOS.obj
 0003:000084d4       realloc                    000000001002b4d4     MOOS.obj
 0003:000084e4       MOOS_MOOS_stdlib__calloc   000000001002b4e4     MOOS.obj
 0003:000084e4       calloc                     000000001002b4e4     MOOS.obj
 0003:00008558       MOOS_MOOS_stdlib__kmalloc  000000001002b558     MOOS.obj
 0003:00008558       kmalloc                    000000001002b558     MOOS.obj
 0003:00008568       MOOS_MOOS_stdlib__kfree    000000001002b568     MOOS.obj
 0003:00008568       kfree                      000000001002b568     MOOS.obj
 0003:00008578       MOOS_MOOS_stdlib__krealloc 000000001002b578     MOOS.obj
 0003:00008578       krealloc                   000000001002b578     MOOS.obj
 0003:00008588       MOOS_MOOS_stdlib__kcalloc  000000001002b588     MOOS.obj
 0003:00008588       kcalloc                    000000001002b588     MOOS.obj
 0003:000085fc       MOOS_MOOS_Misc_Audio__Initialize 000000001002b5fc     MOOS.obj
 0003:0000862c       MOOS_MOOS_Misc_Audio__snd_write 000000001002b62c     MOOS.obj
 0003:0000862c       snd_write                  000000001002b62c     MOOS.obj
 0003:00008714       MOOS_MOOS_Misc_Audio__snd_clear 000000001002b714     MOOS.obj
 0003:00008714       snd_clear                  000000001002b714     MOOS.obj
 0003:00008728       MOOS_MOOS_Misc_Audio__require 000000001002b728     MOOS.obj
 0003:00008824       MOOS_MOOS_Misc_Bitmap___ctor 000000001002b824     MOOS.obj
 0003:00008a6c       MOOS_MOOS_Misc_ClassID__GetName 000000001002ba6c     MOOS.obj
 0003:00008bd4       Entry                      000000001002bbd4     MOOS.obj
 0003:00008bd4       MOOS_MOOS_Misc_EntryPoint__Entry 000000001002bbd4     MOOS.obj
 0003:00008fa4       MOOS_MOOS_Misc_IFont__DrawChar 000000001002bfa4     MOOS.obj
 0003:00009148       MOOS_MOOS_Misc_IFont__DrawString 000000001002c148     MOOS.obj
 0003:000091bc       MOOS_MOOS_Misc_IFont__MeasureString 000000001002c1bc     MOOS.obj
 0003:00009228       MOOS_MOOS_Misc_IFont__DrawString_0 000000001002c228     MOOS.obj
 0003:00009350       MOOS_MOOS_Misc_Interrupts__EnableInterrupt_0 000000001002c350     MOOS.obj
 0003:000093b8       MOOS_MOOS_Misc_Interrupts__HandleInterrupt 000000001002c3b8     MOOS.obj
 0003:00009420       MOOS_MOOS_Misc_Panic__Error 000000001002c420     MOOS.obj
 0003:000094bc       MOOS_MOOS_Misc_PNG___ctor  000000001002c4bc     MOOS.obj
 0003:000096ac       MOOS_MOOS_Misc_PNG__lodepng_decode_memory 000000001002c6ac     MOOS.obj
 0003:00009748       MOOS_MOOS_Misc_Thread__NewThread 000000001002c748     MOOS.obj
 0003:000097e8       MOOS_MOOS_Misc_Thread__Start 000000001002c7e8     MOOS.obj
 0003:00009898       MOOS_MOOS_Misc_Thread__Start_0 000000001002c898     MOOS.obj
 0003:00009988       MOOS_MOOS_Misc_ThreadPool__Initialize 000000001002c988     MOOS.obj
 0003:00009b3c       MOOS_MOOS_Misc_ThreadPool__Terminate 000000001002cb3c     MOOS.obj
 0003:00009c20       MOOS_MOOS_Misc_ThreadPool__IdleThread 000000001002cc20     MOOS.obj
 0003:00009c64       MOOS_MOOS_Misc_ThreadPool__get_CanLock 000000001002cc64     MOOS.obj
 0003:00009c80       MOOS_MOOS_Misc_ThreadPool__Lock 000000001002cc80     MOOS.obj
 0003:00009cb8       MOOS_MOOS_Misc_ThreadPool__Schedule 000000001002ccb8     MOOS.obj
 0003:0000a028       MOOS_MOOS_Misc_USBDevice___ctor 000000001002d028     MOOS.obj
 0003:0000a02c       MOOS_MOOS_Misc_USBRequest__Clean 000000001002d02c     MOOS.obj
 0003:0000a09c       MOOS_MOOS_Misc_USB__OnInterrupt 000000001002d09c     MOOS.obj
 0003:0000a1b4       MOOS_MOOS_Misc_USB__DriveDevice 000000001002d1b4     MOOS.obj
 0003:0000a25c       MOOS_MOOS_Misc_USB__StartPolling 000000001002d25c     MOOS.obj
 0003:0000a294       MOOS_MOOS_Misc_USB__LoopPoll 000000001002d294     MOOS.obj
 0003:0000a2ec       MOOS_MOOS_Misc_VendorID__GetName 000000001002d2ec     MOOS.obj
 0003:0001173c       MOOS_MOOS_Misc_WAV__Decode 000000001003473c     MOOS.obj
 0003:00011890       MOOS_MOOS_Graph_Graphics__FromImage 0000000010034890     MOOS.obj
 0003:000118f4       MOOS_MOOS_Graph_Graphics__Update 00000000100348f4     MOOS.obj
 0003:000118f8       MOOS_MOOS_Graph_Graphics__Clear 00000000100348f8     MOOS.obj
 0003:00011960       MOOS_MOOS_Graph_Graphics__Copy 0000000010034960     MOOS.obj
 0003:000119fc       MOOS_MOOS_Graph_Graphics__FillRectangle 00000000100349fc     MOOS.obj
 0003:00011a74       MOOS_MOOS_Graph_Graphics__AFillRectangle 0000000010034a74     MOOS.obj
 0003:00011aec       MOOS_MOOS_Graph_Graphics__GetPoint 0000000010034aec     MOOS.obj
 0003:00011b18       MOOS_MOOS_Graph_Graphics__DrawPoint 0000000010034b18     MOOS.obj
 0003:00011c08       MOOS_MOOS_Graph_Graphics__DrawRectangle 0000000010034c08     MOOS.obj
 0003:00011cc4       MOOS_MOOS_Graph_Graphics__Save 0000000010034cc4     MOOS.obj
 0003:00011da0       MOOS_MOOS_Graph_Graphics__ADrawImage 0000000010034da0     MOOS.obj
 0003:00011e50       MOOS_MOOS_Graph_Graphics__DrawImage 0000000010034e50     MOOS.obj
 0003:000120a8       MOOS_MOOS_Graph_Graphics__FPartOfNumber 00000000100350a8     MOOS.obj
 0003:000120d8       MOOS_MOOS_Graph_Graphics__DrawPoint_0 00000000100350d8     MOOS.obj
 0003:00012140       MOOS_MOOS_Graph_Graphics__DrawLine 0000000010035140     MOOS.obj
 0003:00012318       MOOS_MOOS_FS_Ramdisk__Read 0000000010035318     MOOS.obj
 0003:00012384       MOOS_MOOS_FS_Ramdisk__Write 0000000010035384     MOOS.obj
 0003:000123f4       MOOS_MOOS_FS_FATFS__get_fattime 00000000100353f4     MOOS.obj
 0003:000123f4       get_fattime                00000000100353f4     MOOS.obj
 0003:00012460       MOOS_MOOS_FS_FATFS__RAM_disk_write 0000000010035460     MOOS.obj
 0003:00012460       RAM_disk_write             0000000010035460     MOOS.obj
 0003:00012494       MOOS_MOOS_FS_FATFS__RAM_disk_read 0000000010035494     MOOS.obj
 0003:00012494       RAM_disk_read              0000000010035494     MOOS.obj
 0003:000124c8       MOOS_MOOS_FS_FileInfo__Dispose 00000000100354c8     MOOS.obj
 0003:00012550       MOOS_MOOS_FS_FileInfo___ctor 0000000010035550     MOOS.obj
 0003:00012554       MOOS_MOOS_FS_FileSystem__SizeToSec 0000000010035554     MOOS.obj
 0003:00012574       MOOS_MOOS_FS_FileSystem__IsInDirectory 0000000010035574     MOOS.obj
 0003:000125d8       MOOS_MOOS_FS_TarFS__GetFiles 00000000100355d8     MOOS.obj
 0003:00012870       MOOS_MOOS_FS_TarFS__ReadAllBytes 0000000010035870     MOOS.obj
 0003:00012b88       MOOS_MOOS_FS_TarFS___ctor  0000000010035b88     MOOS.obj
 0003:00012ba8       MOOS_MOOS_Driver_ACPI__GetRSDP 0000000010035ba8     MOOS.obj
 0003:00012bd0       MOOS_MOOS_Driver_ACPI__Shutdown 0000000010035bd0     MOOS.obj
 0003:00012c8c       MOOS_MOOS_Driver_ACPI__Initialize 0000000010035c8c     MOOS.obj
 0003:00012d3c       MOOS_MOOS_Driver_ACPI__ParseDT 0000000010035d3c     MOOS.obj
 0003:00012f0c       MOOS_MOOS_Driver_ACPI__RemapIRQ 0000000010035f0c     MOOS.obj
 0003:00012f64       MOOS_MOOS_Driver_ACPITimer__SleepMicroseconds 0000000010035f64     MOOS.obj
 0003:00013088       MOOS_MOOS_Driver_EHCI__Initialize 0000000010036088     MOOS.obj
 0003:0001348c       MOOS_MOOS_Driver_EHCI__SendAndReceive 000000001003648c     MOOS.obj
 0003:00013768       MOOS_MOOS_Driver_EHCI__SetDeviceAddr 0000000010036768     MOOS.obj
 0003:000139d0       MOOS_MOOS_Driver_EHCI__WaitForComplete 00000000100369d0     MOOS.obj
 0003:00013a6c       MOOS_MOOS_Driver_EHCI__GetDesc 0000000010036a6c     MOOS.obj
 0003:00013d70       MOOS_MOOS_Driver_EHCI__GetConfig 0000000010036d70     MOOS.obj
 0003:000140e0       MOOS_MOOS_Driver_EHCI__SetConfig 00000000100370e0     MOOS.obj
 0003:00014364       MOOS_MOOS_Driver_EHCI__InitPort 0000000010037364     MOOS.obj
 0003:00014958       MOOS_MOOS_Driver_EHCI__ScanPorts 0000000010037958     MOOS.obj
 0003:00014a30       MOOS_MOOS_Driver_HID__Initialize 0000000010037a30     MOOS.obj
 0003:00014a60       MOOS_MOOS_Driver_HID__GetHIDPacket 0000000010037a60     MOOS.obj
 0003:00014ad0       MOOS_MOOS_Driver_HID__GetKeyboardThings 0000000010037ad0     MOOS.obj
 0003:00014b64       MOOS_MOOS_Driver_HID__GetMouseThings 0000000010037b64     MOOS.obj
 0003:00014c08       MOOS_MOOS_Driver_HID__Initialize_0 0000000010037c08     MOOS.obj
 0003:00014cec       MOOS_MOOS_Driver_HID__InitializeKeyboard 0000000010037cec     MOOS.obj
 0003:00014dd4       MOOS_MOOS_Driver_HPET__Initialize 0000000010037dd4     MOOS.obj
 0003:00014e44       MOOS_MOOS_Driver_HPET__WriteRegister 0000000010037e44     MOOS.obj
 0003:00014e68       MOOS_MOOS_Driver_HPET__ReadRegister 0000000010037e68     MOOS.obj
 0003:00014e88       MOOS_MOOS_Driver_Hub__Initialize 0000000010037e88     MOOS.obj
 0003:00014ea8       MOOS_MOOS_Driver_Hub__Initialize_0 0000000010037ea8     MOOS.obj
 0003:00015290       MOOS_MOOS_Driver_IDE__Initialize 0000000010038290     MOOS.obj
 0003:0001530c       MOOS_MOOS_Driver_IDE__ScanPorts 000000001003830c     MOOS.obj
 0003:00015938       MOOS_MOOS_Driver_IDE___ScanPorts_g__WaitForIdentifyData_3_2 0000000010038938     MOOS.obj
 0003:000159a4       MOOS_MOOS_Driver_IDEDevice__ReadOrWrite 00000000100389a4     MOOS.obj
 0003:00015c68       MOOS_MOOS_Driver_IDEDevice__WaitForReadyStatus 0000000010038c68     MOOS.obj
 0003:00015ccc       MOOS_MOOS_Driver_IDEDevice__Read 0000000010038ccc     MOOS.obj
 0003:00015d2c       MOOS_MOOS_Driver_IDEDevice__Write 0000000010038d2c     MOOS.obj
 0003:00015d90       MOOS_MOOS_Driver_IDEDevice___ctor 0000000010038d90     MOOS.obj
 0003:00015db0       MOOS_MOOS_Driver_IOAPIC__Initialize 0000000010038db0     MOOS.obj
 0003:00015e18       MOOS_MOOS_Driver_IOAPIC__In 0000000010038e18     MOOS.obj
 0003:00015e44       MOOS_MOOS_Driver_IOAPIC__Out 0000000010038e44     MOOS.obj
 0003:00015e74       MOOS_MOOS_Driver_IOAPIC__SetEntry 0000000010038e74     MOOS.obj
 0003:00015ea8       MOOS_MOOS_Driver_IOAPIC__SetEntry_0 0000000010038ea8     MOOS.obj
 0003:00015ec8       MOOS_MOOS_Driver_LocalAPIC__ReadRegister 0000000010038ec8     MOOS.obj
 0003:00015ee8       MOOS_MOOS_Driver_LocalAPIC__Initialize 0000000010038ee8     MOOS.obj
 0003:00015f28       MOOS_MOOS_Driver_LocalAPIC__SendIPI 0000000010038f28     MOOS.obj
 0003:00015f78       MOOS_MOOS_Driver_LocalAPICTimer__StartTimer 0000000010038f78     MOOS.obj
 0003:00015fe4       MOOS_MOOS_Driver_LocalAPICTimer__EstimateBusSpeed 0000000010038fe4     MOOS.obj
 0003:00016098       MOOS_MOOS_Driver_PCIExpress__Initialize 0000000010039098     MOOS.obj
 0003:00016130       MOOS_MOOS_Driver_PCIExpress__CheckBus 0000000010039130     MOOS.obj
 0003:00016404       MOOS_MOOS_Driver_Power__Reboot 0000000010039404     MOOS.obj
 0003:000164a0       MOOS_MOOS_Driver_SMBIOS__Initialise 00000000100394a0     MOOS.obj
 0003:0001660c       MOOS_MOOS_Driver_SMBIOS__PrintIndex 000000001003960c     MOOS.obj
 0003:0001666c       MOOS_MOOS_Driver_Timer__Initialize 000000001003966c     MOOS.obj
 0003:00016744       MOOS_MOOS_Driver_Timer__EstimateCPUSpeed 0000000010039744     MOOS.obj
 0003:000167c8       MOOS_MOOS_Driver_Timer__OnInterrupt 00000000100397c8     MOOS.obj
 0003:0001680c       MOOS_MOOS_Driver_Timer__Sleep 000000001003980c     MOOS.obj
 0003:00016874       MOOS_MOOS_GUI_Calculator___ctor 0000000010039874     MOOS.obj
 0003:00016b48       MOOS_MOOS_GUI_Calculator__OnDraw 0000000010039b48     MOOS.obj
 0003:00016ca8       MOOS_MOOS_GUI_Calculator__OnInput 0000000010039ca8     MOOS.obj
 0003:00016da0       MOOS_MOOS_GUI_Calculator__ProcessButton 0000000010039da0     MOOS.obj
 0003:00016f08       MOOS_MOOS_GUI_Calculator__AddButton 0000000010039f08     MOOS.obj
 0003:00016ff4       MOOS_MOOS_GUI_Clock___ctor 0000000010039ff4     MOOS.obj
 0003:000170b8       MOOS_MOOS_GUI_Clock__OnDraw 000000001003a0b8     MOOS.obj
 0003:00017510       MOOS_MOOS_GUI_Clock__DrawHand 000000001003a510     MOOS.obj
 0003:000176c4       MOOS_MOOS_GUI_Desktop__Initialize 000000001003a6c4     MOOS.obj
 0003:00017ae0       MOOS_MOOS_GUI_Desktop__Update 000000001003aae0     MOOS.obj
 0003:00018230       MOOS_MOOS_GUI_Desktop__DrawTaskBar 000000001003b230     MOOS.obj
 0003:00018464       MOOS_MOOS_GUI_Desktop__ClickEvent 000000001003b464     MOOS.obj
 0003:00018600       MOOS_MOOS_GUI_Desktop__OnClick 000000001003b600     MOOS.obj
 0003:00018d84       MOOS_MOOS_GUI_FConsole___ctor 000000001003bd84     MOOS.obj
 0003:00018e40       MOOS_MOOS_GUI_FConsole__Rebind 000000001003be40     MOOS.obj
 0003:00018e84       MOOS_MOOS_GUI_FConsole__PS2Keyboard_OnKeyChanged 000000001003be84     MOOS.obj
 0003:000191d8       MOOS_MOOS_GUI_FConsole__OnDraw 000000001003c1d8     MOOS.obj
 0003:000192a0       MOOS_MOOS_GUI_FConsole__DrawString 000000001003c2a0     MOOS.obj
 0003:00019400       MOOS_MOOS_GUI_FConsole__Console_OnWrite 000000001003c400     MOOS.obj
 0003:000194f0       MOOS_MOOS_GUI_ImageViewer__OnDraw 000000001003c4f0     MOOS.obj
 0003:00019584       MOOS_MOOS_GUI_ImageViewer__SetImage 000000001003c584     MOOS.obj
 0003:00019664       MOOS_MOOS_GUI_MessageBox___ctor 000000001003c664     MOOS.obj
 0003:000196b8       MOOS_MOOS_GUI_MessageBox__OnDraw 000000001003c6b8     MOOS.obj
 0003:00019720       MOOS_MOOS_GUI_Monitor___ctor 000000001003c720     MOOS.obj
 0003:000197c4       MOOS_MOOS_GUI_Monitor__OnDraw 000000001003c7c4     MOOS.obj
 0003:000198a8       MOOS_MOOS_GUI_Monitor__Render 000000001003c8a8     MOOS.obj
 0003:000199a8       MOOS_MOOS_GUI_Monitor__DrawLineChart 000000001003c9a8     MOOS.obj
 0003:00019a58       MOOS_MOOS_GUI_Nofity___ctor 000000001003ca58     MOOS.obj
 0003:00019b1c       MOOS_MOOS_GUI_Nofity__Dispose 000000001003cb1c     MOOS.obj
 0003:00019be8       MOOS_MOOS_GUI_NotificationManager__Initialize 000000001003cbe8     MOOS.obj
 0003:00019e38       MOOS_MOOS_GUI_NotificationManager__Update 000000001003ce38     MOOS.obj
 0003:0001a14c       MOOS_MOOS_GUI_Paint___ctor 000000001003d14c     MOOS.obj
 0003:0001a520       MOOS_MOOS_GUI_Paint__OnDraw 000000001003d520     MOOS.obj
 0003:0001a6b8       MOOS_MOOS_GUI_Paint__OnInput 000000001003d6b8     MOOS.obj
 0003:0001a8d4       MOOS_MOOS_GUI_Paint__AddButton 000000001003d8d4     MOOS.obj
 0003:0001a95c       MOOS_MOOS_GUI_PortableApp__OnInput 000000001003d95c     MOOS.obj
 0003:0001a964       MOOS_MOOS_GUI_PortableApp__OnDraw 000000001003d964     MOOS.obj
 0003:0001a9a8       MOOS_MOOS_GUI_RightMenu___ctor 000000001003d9a8     MOOS.obj
[...]
 0004:0000c63c       $unwind$lodepng_chunk_init 000000001004c63c     NativeLib:lodepng.obj
 0004:0000c648       $unwind$lodepng_chunk_createv 000000001004c648     NativeLib:lodepng.obj
 0004:0000c654       $unwind$checkColorValidity 000000001004c654     NativeLib:lodepng.obj
 0004:0000c660       $unwind$getNumColorChannels 000000001004c660     NativeLib:lodepng.obj
 0004:0000c66c       $unwind$lodepng_get_bpp_lct 000000001004c66c     NativeLib:lodepng.obj
 0004:0000c678       $unwind$lodepng_color_mode_alloc_palette 000000001004c678     NativeLib:lodepng.obj
 0004:0000c684       $unwind$lodepng_color_mode_equal 000000001004c684     NativeLib:lodepng.obj
 0004:0000c690       $unwind$lodepng_get_raw_size_lct 000000001004c690     NativeLib:lodepng.obj
 0004:0000c69c       $unwind$lodepng_get_raw_size_idat 000000001004c69c     NativeLib:lodepng.obj
 0004:0000c6a8       $unwind$lodepng_pixel_overflow 000000001004c6a8     NativeLib:lodepng.obj
 0004:0000c6b4       $unwind$LodePNGUnknownChunks_init 000000001004c6b4     NativeLib:lodepng.obj
 0004:0000c6c0       $unwind$LodePNGUnknownChunks_cleanup 000000001004c6c0     NativeLib:lodepng.obj
 0004:0000c6cc       $unwind$LodePNGUnknownChunks_copy 000000001004c6cc     NativeLib:lodepng.obj
 0004:0000c6d8       $unwind$LodePNGText_init   000000001004c6d8     NativeLib:lodepng.obj
 0004:0000c6e4       $unwind$LodePNGText_cleanup 000000001004c6e4     NativeLib:lodepng.obj
 0004:0000c6f0       $unwind$LodePNGText_copy   000000001004c6f0     NativeLib:lodepng.obj
 0004:0000c6fc       $unwind$lodepng_add_text_sized 000000001004c6fc     NativeLib:lodepng.obj
 0004:0000c708       $unwind$LodePNGIText_init  000000001004c708     NativeLib:lodepng.obj
 0004:0000c714       $unwind$LodePNGIText_cleanup 000000001004c714     NativeLib:lodepng.obj
 0004:0000c720       $unwind$LodePNGIText_copy  000000001004c720     NativeLib:lodepng.obj
 0004:0000c72c       $unwind$lodepng_add_itext_sized 000000001004c72c     NativeLib:lodepng.obj
 0004:0000c738       $unwind$lodepng_assign_icc 000000001004c738     NativeLib:lodepng.obj
 0004:0000c744       $unwind$addColorBits       000000001004c744     NativeLib:lodepng.obj
 0004:0000c750       $unwind$color_tree_init    000000001004c750     NativeLib:lodepng.obj
 0004:0000c75c       $unwind$color_tree_cleanup 000000001004c75c     NativeLib:lodepng.obj
 0004:0000c768       $unwind$color_tree_get     000000001004c768     NativeLib:lodepng.obj
 0004:0000c774       $unwind$color_tree_has     000000001004c774     NativeLib:lodepng.obj
 0004:0000c780       $unwind$color_tree_add     000000001004c780     NativeLib:lodepng.obj
 0004:0000c78c       $unwind$rgba8ToPixel       000000001004c78c     NativeLib:lodepng.obj
 0004:0000c798       $unwind$rgba16ToPixel      000000001004c798     NativeLib:lodepng.obj
 0004:0000c7a4       $unwind$getPixelColorRGBA8 000000001004c7a4     NativeLib:lodepng.obj
 0004:0000c7b0       $unwind$getPixelColorsRGBA8 000000001004c7b0     NativeLib:lodepng.obj
 0004:0000c7bc       $unwind$getPixelColorsRGB8 000000001004c7bc     NativeLib:lodepng.obj
 0004:0000c7c8       $unwind$getPixelColorRGBA16 000000001004c7c8     NativeLib:lodepng.obj
 0004:0000c7d4       $unwind$lodepng_convert_rgb 000000001004c7d4     NativeLib:lodepng.obj
 0004:0000c7e0       $unwind$getValueRequiredBits 000000001004c7e0     NativeLib:lodepng.obj
 0004:0000c7ec       $unwind$lodepng_color_stats_add 000000001004c7ec     NativeLib:lodepng.obj
 0004:0000c7f8       $unwind$auto_choose_color  000000001004c7f8     NativeLib:lodepng.obj
 0004:0000c804       $unwind$paethPredictor     000000001004c804     NativeLib:lodepng.obj
 0004:0000c810       $unwind$Adam7_getpassvalues 000000001004c810     NativeLib:lodepng.obj
 0004:0000c81c       $unwind$unfilterScanline   000000001004c81c     NativeLib:lodepng.obj
 0004:0000c828       $unwind$unfilter           000000001004c828     NativeLib:lodepng.obj
 0004:0000c834       $unwind$Adam7_deinterlace  000000001004c834     NativeLib:lodepng.obj
 0004:0000c840       $unwind$removePaddingBits  000000001004c840     NativeLib:lodepng.obj
 0004:0000c84c       $unwind$postProcessScanlines 000000001004c84c     NativeLib:lodepng.obj
 0004:0000c858       $unwind$readChunk_PLTE     000000001004c858     NativeLib:lodepng.obj
 0004:0000c864       $unwind$readChunk_tRNS     000000001004c864     NativeLib:lodepng.obj
 0004:0000c870       $unwind$readChunk_bKGD     000000001004c870     NativeLib:lodepng.obj
 0004:0000c87c       $unwind$readChunk_tEXt     000000001004c87c     NativeLib:lodepng.obj
 0004:0000c888       $unwind$readChunk_zTXt     000000001004c888     NativeLib:lodepng.obj
 0004:0000c898       $unwind$readChunk_iTXt     000000001004c898     NativeLib:lodepng.obj
 0004:0000c8a8       $unwind$readChunk_tIME     000000001004c8a8     NativeLib:lodepng.obj
 0004:0000c8b4       $unwind$readChunk_pHYs     000000001004c8b4     NativeLib:lodepng.obj
 0004:0000c8c0       $unwind$readChunk_gAMA     000000001004c8c0     NativeLib:lodepng.obj
 0004:0000c8cc       $unwind$readChunk_cHRM     000000001004c8cc     NativeLib:lodepng.obj
 0004:0000c8d8       $unwind$readChunk_sRGB     000000001004c8d8     NativeLib:lodepng.obj
 0004:0000c8e4       $unwind$readChunk_iCCP     000000001004c8e4     NativeLib:lodepng.obj
 0004:0000c8f4       $unwind$decodeGeneric      000000001004c8f4     NativeLib:lodepng.obj
 0004:0000c900       $unwind$writeSignature     000000001004c900     NativeLib:lodepng.obj
 0004:0000c90c       $unwind$addChunk_IHDR      000000001004c90c     NativeLib:lodepng.obj
 0004:0000c918       $unwind$addChunk_PLTE      000000001004c918     NativeLib:lodepng.obj
 0004:0000c924       $unwind$addChunk_tRNS      000000001004c924     NativeLib:lodepng.obj
 0004:0000c930       $unwind$addChunk_IDAT      000000001004c930     NativeLib:lodepng.obj
 0004:0000c93c       $unwind$addChunk_IEND      000000001004c93c     NativeLib:lodepng.obj
 0004:0000c948       $unwind$addChunk_tEXt      000000001004c948     NativeLib:lodepng.obj
 0004:0000c954       $unwind$addChunk_zTXt      000000001004c954     NativeLib:lodepng.obj
 0004:0000c960       $unwind$addChunk_iTXt      000000001004c960     NativeLib:lodepng.obj
 0004:0000c96c       $unwind$addChunk_bKGD      000000001004c96c     NativeLib:lodepng.obj
 0004:0000c978       $unwind$addChunk_tIME      000000001004c978     NativeLib:lodepng.obj
 0004:0000c984       $unwind$addChunk_pHYs      000000001004c984     NativeLib:lodepng.obj
 0004:0000c990       $unwind$addChunk_gAMA      000000001004c990     NativeLib:lodepng.obj
 0004:0000c99c       $unwind$addChunk_cHRM      000000001004c99c     NativeLib:lodepng.obj
 0004:0000c9a8       $unwind$addChunk_sRGB      000000001004c9a8     NativeLib:lodepng.obj
 0004:0000c9b4       $unwind$addChunk_iCCP      000000001004c9b4     NativeLib:lodepng.obj
 0004:0000c9c0       $unwind$filterScanline     000000001004c9c0     NativeLib:lodepng.obj
 0004:0000c9cc       $unwind$ilog2              000000001004c9cc     NativeLib:lodepng.obj
 0004:0000c9d8       $unwind$ilog2i             000000001004c9d8     NativeLib:lodepng.obj
 0004:0000c9e4       $unwind$filter             000000001004c9e4     NativeLib:lodepng.obj
 0004:0000c9f0       $unwind$addPaddingBits     000000001004c9f0     NativeLib:lodepng.obj
 0004:0000c9fc       $unwind$Adam7_interlace    000000001004c9fc     NativeLib:lodepng.obj
 0004:0000ca08       $unwind$preProcessScanlines 000000001004ca08     NativeLib:lodepng.obj
 0004:0000ca14       $unwind$addUnknownChunks   000000001004ca14     NativeLib:lodepng.obj
 0004:0000ca20       $unwind$isGrayICCProfile   000000001004ca20     NativeLib:lodepng.obj
 0004:0000ca2c       $unwind$isRGBICCProfile    000000001004ca2c     NativeLib:lodepng.obj
 0004:0000ca38       $unwind$mystrtoul          000000001004ca38     LibC:strtoul.obj
 0004:0000ca44       $unwind$printf_            000000001004ca44     LibC:printf.obj
 0004:0000ca50       $unwind$sprintf_           000000001004ca50     LibC:printf.obj
 0004:0000ca5c       $unwind$snprintf_          000000001004ca5c     LibC:printf.obj
 0004:0000ca68       $unwind$vsnprintf_         000000001004ca68     LibC:printf.obj
 0004:0000ca74       $unwind$vprintf_           000000001004ca74     LibC:printf.obj
 0004:0000ca80       $unwind$fctprintf          000000001004ca80     LibC:printf.obj
 0004:0000ca8c       $unwind$_out_buffer        000000001004ca8c     LibC:printf.obj
 0004:0000ca98       $unwind$_out_null          000000001004ca98     LibC:printf.obj
 0004:0000caa4       $unwind$_out_char          000000001004caa4     LibC:printf.obj
 0004:0000cab0       $unwind$_out_fct           000000001004cab0     LibC:printf.obj
 0004:0000cabc       $unwind$_strnlen_s         000000001004cabc     LibC:printf.obj
 0004:0000cac8       $unwind$_is_digit          000000001004cac8     LibC:printf.obj
 0004:0000cad4       $unwind$_atoi              000000001004cad4     LibC:printf.obj
 0004:0000cae0       $unwind$_out_rev           000000001004cae0     LibC:printf.obj
 0004:0000caec       $unwind$_ntoa_format       000000001004caec     LibC:printf.obj
 0004:0000caf8       $unwind$_ntoa_long         000000001004caf8     LibC:printf.obj
 0004:0000cb04       $unwind$_ntoa_long_long    000000001004cb04     LibC:printf.obj
 0004:0000cb10       $unwind$_etoa              000000001004cb10     LibC:printf.obj
 0004:0000cb1c       $unwind$_ftoa              000000001004cb1c     LibC:printf.obj
 0004:0000cb28       $unwind$_vsnprintf         000000001004cb28     LibC:printf.obj
 0004:0000cb34       $unwind$myisspace          000000001004cb34     LibC:isspace.obj
 0004:0000cb40       $unwind$myisdigit          000000001004cb40     LibC:isdigit.obj
 0004:0000cb4c       $unwind$myisalpha          000000001004cb4c     LibC:isalpha.obj
 0004:0000cb58       $unwind$myisupper          000000001004cb58     LibC:isupper.obj
 0005:0001d8a0       lodepng_crc32_table        000000001006a8a0     NativeLib:lodepng.obj
 0008:00000000       __D359774B_concurrencysal@h 0000000010170000     NativeLib:mem.obj
 0008:00000001       __0E7B27E3_sal@h           0000000010170001     NativeLib:mem.obj
 0008:00000002       __C320D00B_vadefs@h        0000000010170002     NativeLib:mem.obj
 0008:00000003       __E4023321_vcruntime@h     0000000010170003     NativeLib:mem.obj
 0008:00000004       __93E65AE6_intrin0@inl@h   0000000010170004     NativeLib:mem.obj
 0008:00000005       __2B4E566E_setjmp@h        0000000010170005     NativeLib:mem.obj
 0008:00000006       __FC01764F_mmintrin@h      0000000010170006     NativeLib:mem.obj
 0008:00000007       __1B0272D9_corecrt@h       0000000010170007     NativeLib:mem.obj
 0008:00000008       __45DED006_corecrt_malloc@h 0000000010170008     NativeLib:mem.obj
 0008:00000009       __FA77ED4C_malloc@h        0000000010170009     NativeLib:mem.obj
 0008:0000000a       __64D75F75_xmmintrin@h     000000001017000a     NativeLib:mem.obj
 0008:0000000b       __01B5D6B9_emmintrin@h     000000001017000b     NativeLib:mem.obj
 0008:0000000c       __DE14BE30_pmmintrin@h     000000001017000c     NativeLib:mem.obj
 0008:0000000d       __6ECDCDB2_tmmintrin@h     000000001017000d     NativeLib:mem.obj
 0008:0000000e       __47F6D831_smmintrin@h     000000001017000e     NativeLib:mem.obj
 0008:0000000f       __229451FD_nmmintrin@h     000000001017000f     NativeLib:mem.obj
 0008:00000010       __F72FABB3_wmmintrin@h     0000000010170010     NativeLib:mem.obj
 0008:00000011       __3CBBE6B4_zmmintrin@h     0000000010170011     NativeLib:mem.obj
 0008:00000012       __0BAF447E_immintrin@h     0000000010170012     NativeLib:mem.obj
 0008:00000013       __B16CA53B_ammintrin@h     0000000010170013     NativeLib:mem.obj
 0008:00000014       __0D78EA19_intrin@h        0000000010170014     NativeLib:mem.obj
 0008:00000015       __C91A3250_mem@cpp         0000000010170015     NativeLib:mem.obj
 0008:00000016       __D359774B_concurrencysal@h 0000000010170016     NativeLib:interrupts.obj
 0008:00000017       __0E7B27E3_sal@h           0000000010170017     NativeLib:interrupts.obj
 0008:00000018       __C320D00B_vadefs@h        0000000010170018     NativeLib:interrupts.obj
 0008:00000019       __E4023321_vcruntime@h     0000000010170019     NativeLib:interrupts.obj
 0008:0000001a       __BB2DBE6D_stdint@h        000000001017001a     NativeLib:interrupts.obj
 0008:0000001b       __93E65AE6_intrin0@inl@h   000000001017001b     NativeLib:interrupts.obj
 0008:0000001c       __2B4E566E_setjmp@h        000000001017001c     NativeLib:interrupts.obj
 0008:0000001d       __FC01764F_mmintrin@h      000000001017001d     NativeLib:interrupts.obj
 0008:0000001e       __1B0272D9_corecrt@h       000000001017001e     NativeLib:interrupts.obj
 0008:0000001f       __45DED006_corecrt_malloc@h 000000001017001f     NativeLib:interrupts.obj
 0008:00000020       __FA77ED4C_malloc@h        0000000010170020     NativeLib:interrupts.obj
 0008:00000021       __64D75F75_xmmintrin@h     0000000010170021     NativeLib:interrupts.obj
 0008:00000022       __01B5D6B9_emmintrin@h     0000000010170022     NativeLib:interrupts.obj
 0008:00000023       __DE14BE30_pmmintrin@h     0000000010170023     NativeLib:interrupts.obj
 0008:00000024       __6ECDCDB2_tmmintrin@h     0000000010170024     NativeLib:interrupts.obj
 0008:00000025       __47F6D831_smmintrin@h     0000000010170025     NativeLib:interrupts.obj
 0008:00000026       __229451FD_nmmintrin@h     0000000010170026     NativeLib:interrupts.obj
 0008:00000027       __F72FABB3_wmmintrin@h     0000000010170027     NativeLib:interrupts.obj
 0008:00000028       __3CBBE6B4_zmmintrin@h     0000000010170028     NativeLib:interrupts.obj
 0008:00000029       __0BAF447E_immintrin@h     0000000010170029     NativeLib:interrupts.obj
 0008:0000002a       __B16CA53B_ammintrin@h     000000001017002a     NativeLib:interrupts.obj
 0008:0000002b       __0D78EA19_intrin@h        000000001017002b     NativeLib:interrupts.obj
 0008:0000002c       __C85A74A9_interrupts@cpp  000000001017002c     NativeLib:interrupts.obj
 0008:0000002d       __D359774B_concurrencysal@h 000000001017002d     NativeLib:native.obj
 0008:0000002e       __0E7B27E3_sal@h           000000001017002e     NativeLib:native.obj
 0008:0000002f       __C320D00B_vadefs@h        000000001017002f     NativeLib:native.obj
 0008:00000030       __E4023321_vcruntime@h     0000000010170030     NativeLib:native.obj
 0008:00000031       __93E65AE6_intrin0@inl@h   0000000010170031     NativeLib:native.obj
 0008:00000032       __2B4E566E_setjmp@h        0000000010170032     NativeLib:native.obj
 0008:00000033       __FC01764F_mmintrin@h      0000000010170033     NativeLib:native.obj
 0008:00000034       __1B0272D9_corecrt@h       0000000010170034     NativeLib:native.obj
 0008:00000035       __45DED006_corecrt_malloc@h 0000000010170035     NativeLib:native.obj
 0008:00000036       __FA77ED4C_malloc@h        0000000010170036     NativeLib:native.obj
 0008:00000037       __64D75F75_xmmintrin@h     0000000010170037     NativeLib:native.obj
 0008:00000038       __01B5D6B9_emmintrin@h     0000000010170038     NativeLib:native.obj
 0008:00000039       __DE14BE30_pmmintrin@h     0000000010170039     NativeLib:native.obj
 0008:0000003a       __6ECDCDB2_tmmintrin@h     000000001017003a     NativeLib:native.obj
 0008:0000003b       __47F6D831_smmintrin@h     000000001017003b     NativeLib:native.obj
 0008:0000003c       __229451FD_nmmintrin@h     000000001017003c     NativeLib:native.obj
 0008:0000003d       __F72FABB3_wmmintrin@h     000000001017003d     NativeLib:native.obj
 0008:0000003e       __3CBBE6B4_zmmintrin@h     000000001017003e     NativeLib:native.obj
 0008:0000003f       __0BAF447E_immintrin@h     000000001017003f     NativeLib:native.obj
 0008:00000040       __B16CA53B_ammintrin@h     0000000010170040     NativeLib:native.obj
 0008:00000041       __0D78EA19_intrin@h        0000000010170041     NativeLib:native.obj
 0008:00000042       __CD4F8672_native@cpp      0000000010170042     NativeLib:native.obj
 0008:00000043       __D359774B_concurrencysal@h 0000000010170043     NativeLib:io.obj
 0008:00000044       __0E7B27E3_sal@h           0000000010170044     NativeLib:io.obj
 0008:00000045       __C320D00B_vadefs@h        0000000010170045     NativeLib:io.obj
 0008:00000046       __E4023321_vcruntime@h     0000000010170046     NativeLib:io.obj
 0008:00000047       __93E65AE6_intrin0@inl@h   0000000010170047     NativeLib:io.obj
 0008:00000048       __2B4E566E_setjmp@h        0000000010170048     NativeLib:io.obj
 0008:00000049       __FC01764F_mmintrin@h      0000000010170049     NativeLib:io.obj
 0008:0000004a       __1B0272D9_corecrt@h       000000001017004a     NativeLib:io.obj
 0008:0000004b       __45DED006_corecrt_malloc@h 000000001017004b     NativeLib:io.obj
 0008:0000004c       __FA77ED4C_malloc@h        000000001017004c     NativeLib:io.obj
 0008:0000004d       __64D75F75_xmmintrin@h     000000001017004d     NativeLib:io.obj
 0008:0000004e       __01B5D6B9_emmintrin@h     000000001017004e     NativeLib:io.obj
 0008:0000004f       __DE14BE30_pmmintrin@h     000000001017004f     NativeLib:io.obj
 0008:00000050       __6ECDCDB2_tmmintrin@h     0000000010170050     NativeLib:io.obj
 0008:00000051       __47F6D831_smmintrin@h     0000000010170051     NativeLib:io.obj
 0008:00000052       __229451FD_nmmintrin@h     0000000010170052     NativeLib:io.obj
 0008:00000053       __F72FABB3_wmmintrin@h     0000000010170053     NativeLib:io.obj
 0008:00000054       __3CBBE6B4_zmmintrin@h     0000000010170054     NativeLib:io.obj
 0008:00000055       __0BAF447E_immintrin@h     0000000010170055     NativeLib:io.obj
 0008:00000056       __B16CA53B_ammintrin@h     0000000010170056     NativeLib:io.obj
 0008:00000057       __0D78EA19_intrin@h        0000000010170057     NativeLib:io.obj
 0008:00000058       __573F2466_io@cpp          0000000010170058     NativeLib:io.obj
 0008:00000059       __D359774B_concurrencysal@h 0000000010170059     NativeLib:lodepng.obj
 0008:0000005a       __0E7B27E3_sal@h           000000001017005a     NativeLib:lodepng.obj
 0008:0000005b       __C320D00B_vadefs@h        000000001017005b     NativeLib:lodepng.obj
 0008:0000005c       __E4023321_vcruntime@h     000000001017005c     NativeLib:lodepng.obj
 0008:0000005d       __8FF200A2_stdarg@h        000000001017005d     NativeLib:lodepng.obj
 0008:0000005e       __1B0272D9_corecrt@h       000000001017005e     NativeLib:lodepng.obj
 0008:0000005f       __13F5961F_stddef@h        000000001017005f     NativeLib:lodepng.obj
 0008:00000060       __31BD6BAA_printf@h        0000000010170060     NativeLib:lodepng.obj
 0008:00000061       __61CC25A1_errno@h         0000000010170061     NativeLib:lodepng.obj
 0008:00000062       __1A10C8D2_vcruntime_string@h 0000000010170062     NativeLib:lodepng.obj
 0008:00000063       __E4C945B4_corecrt_memcpy_s@h 0000000010170063     NativeLib:lodepng.obj
 0008:00000064       __8EAFF484_corecrt_memory@h 0000000010170064     NativeLib:lodepng.obj
 0008:00000065       __6490AEC5_corecrt_wstring@h 0000000010170065     NativeLib:lodepng.obj
 0008:00000066       __E8295E1E_string@h        0000000010170066     NativeLib:lodepng.obj
 0008:00000067       __C251EA74_lodepng@h       0000000010170067     NativeLib:lodepng.obj
 0008:00000068       __45DED006_corecrt_malloc@h 0000000010170068     NativeLib:lodepng.obj
 0008:00000069       __FD6DBD68_corecrt_search@h 0000000010170069     NativeLib:lodepng.obj
 0008:0000006a       __E2E33A61_corecrt_wstdlib@h 000000001017006a     NativeLib:lodepng.obj
 0008:0000006b       __055B9052_limits@h        000000001017006b     NativeLib:lodepng.obj
 0008:0000006c       __6E5ACABA_stdlib@h        000000001017006c     NativeLib:lodepng.obj
 0008:0000006d       __558333FC_lodepng@c       000000001017006d     NativeLib:lodepng.obj
 0009:000000a0       $R000000                   00000000101710a0     MOOS.res
 0009:000002e0       $R000240                   00000000101712e0     MOOS.res
